Archive member included to satisfy reference by file (symbol)

c:/st/stm32cubeide_1.5.0/stm32cubeide/plugins/com.st.stm32cube.ide.mcu.externaltools.gnu-tools-for-stm32.7-2018-q2-update.win32_1.5.0.202011040924/tools/bin/../lib/gcc/arm-none-eabi/7.3.1/../../../../arm-none-eabi/lib/thumb/v7e-m/fpv4-sp/hard\libc_nano.a(lib_a-errno.o)
                              Core/Src/syscalls.o (__errno)
c:/st/stm32cubeide_1.5.0/stm32cubeide/plugins/com.st.stm32cube.ide.mcu.externaltools.gnu-tools-for-stm32.7-2018-q2-update.win32_1.5.0.202011040924/tools/bin/../lib/gcc/arm-none-eabi/7.3.1/../../../../arm-none-eabi/lib/thumb/v7e-m/fpv4-sp/hard\libc_nano.a(lib_a-exit.o)
                              c:/st/stm32cubeide_1.5.0/stm32cubeide/plugins/com.st.stm32cube.ide.mcu.externaltools.gnu-tools-for-stm32.7-2018-q2-update.win32_1.5.0.202011040924/tools/bin/../lib/gcc/arm-none-eabi/7.3.1/../../../../arm-none-eabi/lib/thumb/v7e-m/fpv4-sp/hard/crt0.o (exit)
c:/st/stm32cubeide_1.5.0/stm32cubeide/plugins/com.st.stm32cube.ide.mcu.externaltools.gnu-tools-for-stm32.7-2018-q2-update.win32_1.5.0.202011040924/tools/bin/../lib/gcc/arm-none-eabi/7.3.1/../../../../arm-none-eabi/lib/thumb/v7e-m/fpv4-sp/hard\libc_nano.a(lib_a-impure.o)
                              c:/st/stm32cubeide_1.5.0/stm32cubeide/plugins/com.st.stm32cube.ide.mcu.externaltools.gnu-tools-for-stm32.7-2018-q2-update.win32_1.5.0.202011040924/tools/bin/../lib/gcc/arm-none-eabi/7.3.1/../../../../arm-none-eabi/lib/thumb/v7e-m/fpv4-sp/hard\libc_nano.a(lib_a-exit.o) (_global_impure_ptr)
c:/st/stm32cubeide_1.5.0/stm32cubeide/plugins/com.st.stm32cube.ide.mcu.externaltools.gnu-tools-for-stm32.7-2018-q2-update.win32_1.5.0.202011040924/tools/bin/../lib/gcc/arm-none-eabi/7.3.1/../../../../arm-none-eabi/lib/thumb/v7e-m/fpv4-sp/hard\libc_nano.a(lib_a-init.o)
                              c:/st/stm32cubeide_1.5.0/stm32cubeide/plugins/com.st.stm32cube.ide.mcu.externaltools.gnu-tools-for-stm32.7-2018-q2-update.win32_1.5.0.202011040924/tools/bin/../lib/gcc/arm-none-eabi/7.3.1/../../../../arm-none-eabi/lib/thumb/v7e-m/fpv4-sp/hard/crt0.o (__libc_init_array)
c:/st/stm32cubeide_1.5.0/stm32cubeide/plugins/com.st.stm32cube.ide.mcu.externaltools.gnu-tools-for-stm32.7-2018-q2-update.win32_1.5.0.202011040924/tools/bin/../lib/gcc/arm-none-eabi/7.3.1/../../../../arm-none-eabi/lib/thumb/v7e-m/fpv4-sp/hard\libc_nano.a(lib_a-malloc.o)
                              Middlewares/ST/STM32_USB_Device_Library/Class/CDC/Src/usbd_cdc.o (malloc)
c:/st/stm32cubeide_1.5.0/stm32cubeide/plugins/com.st.stm32cube.ide.mcu.externaltools.gnu-tools-for-stm32.7-2018-q2-update.win32_1.5.0.202011040924/tools/bin/../lib/gcc/arm-none-eabi/7.3.1/../../../../arm-none-eabi/lib/thumb/v7e-m/fpv4-sp/hard\libc_nano.a(lib_a-memset.o)
                              c:/st/stm32cubeide_1.5.0/stm32cubeide/plugins/com.st.stm32cube.ide.mcu.externaltools.gnu-tools-for-stm32.7-2018-q2-update.win32_1.5.0.202011040924/tools/bin/../lib/gcc/arm-none-eabi/7.3.1/../../../../arm-none-eabi/lib/thumb/v7e-m/fpv4-sp/hard/crt0.o (memset)
c:/st/stm32cubeide_1.5.0/stm32cubeide/plugins/com.st.stm32cube.ide.mcu.externaltools.gnu-tools-for-stm32.7-2018-q2-update.win32_1.5.0.202011040924/tools/bin/../lib/gcc/arm-none-eabi/7.3.1/../../../../arm-none-eabi/lib/thumb/v7e-m/fpv4-sp/hard\libc_nano.a(lib_a-nano-freer.o)
                              c:/st/stm32cubeide_1.5.0/stm32cubeide/plugins/com.st.stm32cube.ide.mcu.externaltools.gnu-tools-for-stm32.7-2018-q2-update.win32_1.5.0.202011040924/tools/bin/../lib/gcc/arm-none-eabi/7.3.1/../../../../arm-none-eabi/lib/thumb/v7e-m/fpv4-sp/hard\libc_nano.a(lib_a-malloc.o) (_free_r)
c:/st/stm32cubeide_1.5.0/stm32cubeide/plugins/com.st.stm32cube.ide.mcu.externaltools.gnu-tools-for-stm32.7-2018-q2-update.win32_1.5.0.202011040924/tools/bin/../lib/gcc/arm-none-eabi/7.3.1/../../../../arm-none-eabi/lib/thumb/v7e-m/fpv4-sp/hard\libc_nano.a(lib_a-nano-mallocr.o)
                              c:/st/stm32cubeide_1.5.0/stm32cubeide/plugins/com.st.stm32cube.ide.mcu.externaltools.gnu-tools-for-stm32.7-2018-q2-update.win32_1.5.0.202011040924/tools/bin/../lib/gcc/arm-none-eabi/7.3.1/../../../../arm-none-eabi/lib/thumb/v7e-m/fpv4-sp/hard\libc_nano.a(lib_a-malloc.o) (_malloc_r)
c:/st/stm32cubeide_1.5.0/stm32cubeide/plugins/com.st.stm32cube.ide.mcu.externaltools.gnu-tools-for-stm32.7-2018-q2-update.win32_1.5.0.202011040924/tools/bin/../lib/gcc/arm-none-eabi/7.3.1/../../../../arm-none-eabi/lib/thumb/v7e-m/fpv4-sp/hard\libc_nano.a(lib_a-sbrkr.o)
                              c:/st/stm32cubeide_1.5.0/stm32cubeide/plugins/com.st.stm32cube.ide.mcu.externaltools.gnu-tools-for-stm32.7-2018-q2-update.win32_1.5.0.202011040924/tools/bin/../lib/gcc/arm-none-eabi/7.3.1/../../../../arm-none-eabi/lib/thumb/v7e-m/fpv4-sp/hard\libc_nano.a(lib_a-nano-mallocr.o) (_sbrk_r)
[...]
Memory Configuration

Name             Origin             Length             Attributes
RAM              0x0000000020000000 0x0000000000050000 xrw
FLASH            0x0000000008000000 0x0000000000100000 xr
*default*        0x0000000000000000 0xffffffffffffffff

Linker script and memory map

LOAD c:/st/stm32cubeide_1.5.0/stm32cubeide/plugins/com.st.stm32cube.ide.mcu.externaltools.gnu-tools-for-stm32.7-2018-q2-update.win32_1.5.0.202011040924/tools/bin/../lib/gcc/arm-none-eabi/7.3.1/thumb/v7e-m/fpv4-sp/hard/crti.o
LOAD c:/st/stm32cubeide_1.5.0/stm32cubeide/plugins/com.st.stm32cube.ide.mcu.externaltools.gnu-tools-for-stm32.7-2018-q2-update.win32_1.5.0.202011040924/tools/bin/../lib/gcc/arm-none-eabi/7.3.1/thumb/v7e-m/fpv4-sp/hard/crtbegin.o
LOAD c:/st/stm32cubeide_1.5.0/stm32cubeide/plugins/com.st.stm32cube.ide.mcu.externaltools.gnu-tools-for-stm32.7-2018-q2-update.win32_1.5.0.202011040924/tools/bin/../lib/gcc/arm-none-eabi/7.3.1/../../../../arm-none-eabi/lib/thumb/v7e-m/fpv4-sp/hard/crt0.o
LOAD Core/Src/main.o
LOAD Core/Src/stm32f7xx_hal_msp.o
LOAD Core/Src/stm32f7xx_it.o
LOAD Core/Src/syscalls.o
LOAD Core/Src/sysmem.o
LOAD Core/Src/system_stm32f7xx.o
LOAD Core/Startup/startup_stm32f746zgtx.o
LOAD Drivers/STM32F7xx_HAL_Driver/Src/stm32f7xx_hal.o
LOAD Drivers/STM32F7xx_HAL_Driver/Src/stm32f7xx_hal_cortex.o
LOAD Drivers/STM32F7xx_HAL_Driver/Src/stm32f7xx_hal_dac.o
LOAD Drivers/STM32F7xx_HAL_Driver/Src/stm32f7xx_hal_dac_ex.o
LOAD Drivers/STM32F7xx_HAL_Driver/Src/stm32f7xx_hal_dma.o
LOAD Drivers/STM32F7xx_HAL_Driver/Src/stm32f7xx_hal_dma_ex.o
LOAD Drivers/STM32F7xx_HAL_Driver/Src/stm32f7xx_hal_exti.o
LOAD Drivers/STM32F7xx_HAL_Driver/Src/stm32f7xx_hal_flash.o
LOAD Drivers/STM32F7xx_HAL_Driver/Src/stm32f7xx_hal_flash_ex.o
LOAD Drivers/STM32F7xx_HAL_Driver/Src/stm32f7xx_hal_gpio.o
LOAD Drivers/STM32F7xx_HAL_Driver/Src/stm32f7xx_hal_i2c.o
LOAD Drivers/STM32F7xx_HAL_Driver/Src/stm32f7xx_hal_i2c_ex.o
LOAD Drivers/STM32F7xx_HAL_Driver/Src/stm32f7xx_hal_pcd.o
LOAD Drivers/STM32F7xx_HAL_Driver/Src/stm32f7xx_hal_pcd_ex.o
LOAD Drivers/STM32F7xx_HAL_Driver/Src/stm32f7xx_hal_pwr.o
LOAD Drivers/STM32F7xx_HAL_Driver/Src/stm32f7xx_hal_pwr_ex.o
LOAD Drivers/STM32F7xx_HAL_Driver/Src/stm32f7xx_hal_rcc.o
LOAD Drivers/STM32F7xx_HAL_Driver/Src/stm32f7xx_hal_rcc_ex.o
LOAD Drivers/STM32F7xx_HAL_Driver/Src/stm32f7xx_hal_tim.o
LOAD Drivers/STM32F7xx_HAL_Driver/Src/stm32f7xx_hal_tim_ex.o
LOAD Drivers/STM32F7xx_HAL_Driver/Src/stm32f7xx_ll_usb.o
LOAD Middlewares/ST/STM32_USB_Device_Library/Class/CDC/Src/usbd_cdc.o
LOAD Middlewares/ST/STM32_USB_Device_Library/Core/Src/usbd_core.o
LOAD Middlewares/ST/STM32_USB_Device_Library/Core/Src/usbd_ctlreq.o
LOAD Middlewares/ST/STM32_USB_Device_Library/Core/Src/usbd_ioreq.o
LOAD USB_DEVICE/App/usb_device.o
LOAD USB_DEVICE/App/usbd_cdc_if.o
LOAD USB_DEVICE/App/usbd_desc.o
LOAD USB_DEVICE/Target/usbd_conf.o
START GROUP
LOAD c:/st/stm32cubeide_1.5.0/stm32cubeide/plugins/com.st.stm32cube.ide.mcu.externaltools.gnu-tools-for-stm32.7-2018-q2-update.win32_1.5.0.202011040924/tools/bin/../lib/gcc/arm-none-eabi/7.3.1/../../../../arm-none-eabi/lib/thumb/v7e-m/fpv4-sp/hard\libc_nano.a
LOAD c:/st/stm32cubeide_1.5.0/stm32cubeide/plugins/com.st.stm32cube.ide.mcu.externaltools.gnu-tools-for-stm32.7-2018-q2-update.win32_1.5.0.202011040924/tools/bin/../lib/gcc/arm-none-eabi/7.3.1/../../../../arm-none-eabi/lib/thumb/v7e-m/fpv4-sp/hard\libm.a
END GROUP
START GROUP
LOAD c:/st/stm32cubeide_1.5.0/stm32cubeide/plugins/com.st.stm32cube.ide.mcu.externaltools.gnu-tools-for-stm32.7-2018-q2-update.win32_1.5.0.202011040924/tools/bin/../lib/gcc/arm-none-eabi/7.3.1/thumb/v7e-m/fpv4-sp/hard\libgcc.a
LOAD c:/st/stm32cubeide_1.5.0/stm32cubeide/plugins/com.st.stm32cube.ide.mcu.externaltools.gnu-tools-for-stm32.7-2018-q2-update.win32_1.5.0.202011040924/tools/bin/../lib/gcc/arm-none-eabi/7.3.1/../../../../arm-none-eabi/lib/thumb/v7e-m/fpv4-sp/hard\libc_nano.a
END GROUP
START GROUP
LOAD c:/st/stm32cubeide_1.5.0/stm32cubeide/plugins/com.st.stm32cube.ide.mcu.externaltools.gnu-tools-for-stm32.7-2018-q2-update.win32_1.5.0.202011040924/tools/bin/../lib/gcc/arm-none-eabi/7.3.1/thumb/v7e-m/fpv4-sp/hard\libgcc.a
LOAD c:/st/stm32cubeide_1.5.0/stm32cubeide/plugins/com.st.stm32cube.ide.mcu.externaltools.gnu-tools-for-stm32.7-2018-q2-update.win32_1.5.0.202011040924/tools/bin/../lib/gcc/arm-none-eabi/7.3.1/../../../../arm-none-eabi/lib/thumb/v7e-m/fpv4-sp/hard\libc_nano.a
LOAD c:/st/stm32cubeide_1.5.0/stm32cubeide/plugins/com.st.stm32cube.ide.mcu.externaltools.gnu-tools-for-stm32.7-2018-q2-update.win32_1.5.0.202011040924/tools/bin/../lib/gcc/arm-none-eabi/7.3.1/../../../../arm-none-eabi/lib/thumb/v7e-m/fpv4-sp/hard\libnosys.a
END GROUP
START GROUP
LOAD c:/st/stm32cubeide_1.5.0/stm32cubeide/plugins/com.st.stm32cube.ide.mcu.externaltools.gnu-tools-for-stm32.7-2018-q2-update.win32_1.5.0.202011040924/tools/bin/../lib/gcc/arm-none-eabi/7.3.1/thumb/v7e-m/fpv4-sp/hard\libgcc.a
LOAD c:/st/stm32cubeide_1.5.0/stm32cubeide/plugins/com.st.stm32cube.ide.mcu.externaltools.gnu-tools-for-stm32.7-2018-q2-update.win32_1.5.0.202011040924/tools/bin/../lib/gcc/arm-none-eabi/7.3.1/../../../../arm-none-eabi/lib/thumb/v7e-m/fpv4-sp/hard\libc_nano.a
LOAD c:/st/stm32cubeide_1.5.0/stm32cubeide/plugins/com.st.stm32cube.ide.mcu.externaltools.gnu-tools-for-stm32.7-2018-q2-update.win32_1.5.0.202011040924/tools/bin/../lib/gcc/arm-none-eabi/7.3.1/../../../../arm-none-eabi/lib/thumb/v7e-m/fpv4-sp/hard\libnosys.a
END GROUP
LOAD c:/st/stm32cubeide_1.5.0/stm32cubeide/plugins/com.st.stm32cube.ide.mcu.externaltools.gnu-tools-for-stm32.7-2018-q2-update.win32_1.5.0.202011040924/tools/bin/../lib/gcc/arm-none-eabi/7.3.1/thumb/v7e-m/fpv4-sp/hard/crtend.o
LOAD c:/st/stm32cubeide_1.5.0/stm32cubeide/plugins/com.st.stm32cube.ide.mcu.externaltools.gnu-tools-for-stm32.7-2018-q2-update.win32_1.5.0.202011040924/tools/bin/../lib/gcc/arm-none-eabi/7.3.1/thumb/v7e-m/fpv4-sp/hard/crtn.o
                0x0000000020050000                _estack = (ORIGIN (RAM) + LENGTH (RAM))
                0x0000000000000200                _Min_Heap_Size = 0x200
                0x0000000000000400                _Min_Stack_Size = 0x400

.isr_vector     0x0000000008000000      0x1c8
                0x0000000008000000                . = ALIGN (0x4)
 *(.isr_vector)
 .isr_vector    0x0000000008000000      0x1c8 Core/Startup/startup_stm32f746zgtx.o
                0x0000000008000000                g_pfnVectors
                0x00000000080001c8                . = ALIGN (0x4)

.text           0x00000000080001c8     0xb7dc
                0x00000000080001c8                . = ALIGN (0x4)
 *(.text)
 .text          0x00000000080001c8       0x40 c:/st/stm32cubeide_1.5.0/stm32cubeide/plugins/com.st.stm32cube.ide.mcu.externaltools.gnu-tools-for-stm32.7-2018-q2-update.win32_1.5.0.202011040924/tools/bin/../lib/gcc/arm-none-eabi/7.3.1/thumb/v7e-m/fpv4-sp/hard/crtbegin.o
 .text          0x0000000008000208      0x378 c:/st/stm32cubeide_1.5.0/stm32cubeide/plugins/com.st.stm32cube.ide.mcu.externaltools.gnu-tools-for-stm32.7-2018-q2-update.win32_1.5.0.202011040924/tools/bin/../lib/gcc/arm-none-eabi/7.3.1/thumb/v7e-m/fpv4-sp/hard\libgcc.a(_arm_addsubdf3.o)
                0x0000000008000208                __aeabi_drsub
                0x0000000008000210                __aeabi_dsub
                0x0000000008000210                __subdf3
                0x0000000008000214                __aeabi_dadd
                0x0000000008000214                __adddf3
                0x000000000800048c                __floatunsidf
                0x000000000800048c                __aeabi_ui2d
                0x00000000080004ac                __floatsidf
                0x00000000080004ac                __aeabi_i2d
                0x00000000080004d0                __aeabi_f2d
                0x00000000080004d0                __extendsfdf2
                0x0000000008000514                __floatundidf
                0x0000000008000514                __aeabi_ul2d
                0x0000000008000524                __floatdidf
                0x0000000008000524                __aeabi_l2d
 .text          0x0000000008000580      0x424 c:/st/stm32cubeide_1.5.0/stm32cubeide/plugins/com.st.stm32cube.ide.mcu.externaltools.gnu-tools-for-stm32.7-2018-q2-update.win32_1.5.0.202011040924/tools/bin/../lib/gcc/arm-none-eabi/7.3.1/thumb/v7e-m/fpv4-sp/hard\libgcc.a(_arm_muldivdf3.o)
                0x0000000008000580                __aeabi_dmul
                0x0000000008000580                __muldf3
                0x00000000080007d4                __divdf3
                0x00000000080007d4                __aeabi_ddiv
 .text          0x00000000080009a4      0x110 c:/st/stm32cubeide_1.5.0/stm32cubeide/plugins/com.st.stm32cube.ide.mcu.externaltools.gnu-tools-for-stm32.7-2018-q2-update.win32_1.5.0.202011040924/tools/bin/../lib/gcc/arm-none-eabi/7.3.1/thumb/v7e-m/fpv4-sp/hard\libgcc.a(_arm_cmpdf2.o)
                0x00000000080009a4                __gtdf2
                0x00000000080009a4                __gedf2
                0x00000000080009ac                __ltdf2
                0x00000000080009ac                __ledf2
                0x00000000080009b4                __nedf2
                0x00000000080009b4                __eqdf2
                0x00000000080009b4                __cmpdf2
                0x0000000008000a30                __aeabi_cdrcmple
                0x0000000008000a40                __aeabi_cdcmpeq
                0x0000000008000a40                __aeabi_cdcmple
                0x0000000008000a50                __aeabi_dcmpeq
                0x0000000008000a64                __aeabi_dcmplt
                0x0000000008000a78                __aeabi_dcmple
                0x0000000008000a8c                __aeabi_dcmpge
                0x0000000008000aa0                __aeabi_dcmpgt
 .text          0x0000000008000ab4       0x50 c:/st/stm32cubeide_1.5.0/stm32cubeide/plugins/com.st.stm32cube.ide.mcu.externaltools.gnu-tools-for-stm32.7-2018-q2-update.win32_1.5.0.202011040924/tools/bin/../lib/gcc/arm-none-eabi/7.3.1/thumb/v7e-m/fpv4-sp/hard\libgcc.a(_arm_fixdfsi.o)
                0x0000000008000ab4                __aeabi_d2iz
                0x0000000008000ab4                __fixdfsi
 .text          0x0000000008000b04       0x40 c:/st/stm32cubeide_1.5.0/stm32cubeide/plugins/com.st.stm32cube.ide.mcu.externaltools.gnu-tools-for-stm32.7-2018-q2-update.win32_1.5.0.202011040924/tools/bin/../lib/gcc/arm-none-eabi/7.3.1/thumb/v7e-m/fpv4-sp/hard\libgcc.a(_arm_fixunsdfsi.o)
                0x0000000008000b04                __aeabi_d2uiz
                0x0000000008000b04                __fixunsdfsi
 .text          0x0000000008000b44       0x30 c:/st/stm32cubeide_1.5.0/stm32cubeide/plugins/com.st.stm32cube.ide.mcu.externaltools.gnu-tools-for-stm32.7-2018-q2-update.win32_1.5.0.202011040924/tools/bin/../lib/gcc/arm-none-eabi/7.3.1/thumb/v7e-m/fpv4-sp/hard\libgcc.a(_aeabi_uldivmod.o)
                0x0000000008000b44                __aeabi_uldivmod
 .text          0x0000000008000b74      0x2cc c:/st/stm32cubeide_1.5.0/stm32cubeide/plugins/com.st.stm32cube.ide.mcu.externaltools.gnu-tools-for-stm32.7-2018-q2-update.win32_1.5.0.202011040924/tools/bin/../lib/gcc/arm-none-eabi/7.3.1/thumb/v7e-m/fpv4-sp/hard\libgcc.a(_udivmoddi4.o)
                0x0000000008000b74                __udivmoddi4
 .text          0x0000000008000e40        0x4 c:/st/stm32cubeide_1.5.0/stm32cubeide/plugins/com.st.stm32cube.ide.mcu.externaltools.gnu-tools-for-stm32.7-2018-q2-update.win32_1.5.0.202011040924/tools/bin/../lib/gcc/arm-none-eabi/7.3.1/thumb/v7e-m/fpv4-sp/hard\libgcc.a(_dvmd_tls.o)
                0x0000000008000e40                __aeabi_idiv0
                0x0000000008000e40                __aeabi_ldiv0
 *(.text*)
 .text.delay_us
                0x0000000008000e44       0x30 Core/Src/main.o
 .text.HAL_TIM_IC_CaptureCallback
                0x0000000008000e74       0x6c Core/Src/main.o
                0x0000000008000e74                HAL_TIM_IC_CaptureCallback
 .text.calcObjDist
                0x0000000008000ee0       0x5c Core/Src/main.o
 .text.sensorRoutine
                0x0000000008000f3c       0x30 Core/Src/main.o
 .text.sentryFireRoutine
                0x0000000008000f6c       0x34 Core/Src/main.o
 .text.getSineVal
                0x0000000008000fa0       0xa8 Core/Src/main.o
 .text.main     0x0000000008001048       0xd4 Core/Src/main.o
                0x0000000008001048                main
 .text.SystemClock_Config
                0x000000000800111c      0x124 Core/Src/main.o
                0x000000000800111c                SystemClock_Config
 .text.MX_DAC_Init
                0x0000000008001240       0x54 Core/Src/main.o
 .text.MX_TIM1_Init
                0x0000000008001294      0x140 Core/Src/main.o
 .text.MX_TIM2_Init
                0x00000000080013d4       0xec Core/Src/main.o
 .text.MX_TIM3_Init
                0x00000000080014c0       0x9c Core/Src/main.o
 .text.MX_TIM6_Init
                0x000000000800155c       0x6c Core/Src/main.o
 .text.MX_DMA_Init
                0x00000000080015c8       0x3c Core/Src/main.o
 .text.MX_GPIO_Init
                0x0000000008001604       0xf4 Core/Src/main.o
 .text.Error_Handler
                0x00000000080016f8        0x8 Core/Src/main.o
                0x00000000080016f8                Error_Handler
 .text.HAL_MspInit
                0x0000000008001700       0x48 Core/Src/stm32f7xx_hal_msp.o
                0x0000000008001700                HAL_MspInit
 .text.HAL_DAC_MspInit
                0x0000000008001748       0xf4 Core/Src/stm32f7xx_hal_msp.o
                0x0000000008001748                HAL_DAC_MspInit
 .text.HAL_TIM_Base_MspInit
                0x000000000800183c      0x11c Core/Src/stm32f7xx_hal_msp.o
                0x000000000800183c                HAL_TIM_Base_MspInit
 .text.HAL_TIM_MspPostInit
                0x0000000008001958       0x6c Core/Src/stm32f7xx_hal_msp.o
                0x0000000008001958                HAL_TIM_MspPostInit
 .text.NMI_Handler
                0x00000000080019c4        0x6 Core/Src/stm32f7xx_it.o
                0x00000000080019c4                NMI_Handler
 .text.HardFault_Handler
                0x00000000080019ca        0x6 Core/Src/stm32f7xx_it.o
                0x00000000080019ca                HardFault_Handler
 .text.MemManage_Handler
                0x00000000080019d0        0x6 Core/Src/stm32f7xx_it.o
                0x00000000080019d0                MemManage_Handler
 .text.BusFault_Handler
                0x00000000080019d6        0x6 Core/Src/stm32f7xx_it.o
                0x00000000080019d6                BusFault_Handler
 .text.UsageFault_Handler
                0x00000000080019dc        0x6 Core/Src/stm32f7xx_it.o
                0x00000000080019dc                UsageFault_Handler
 .text.SVC_Handler
                0x00000000080019e2        0xe Core/Src/stm32f7xx_it.o
                0x00000000080019e2                SVC_Handler
 .text.DebugMon_Handler
                0x00000000080019f0        0xe Core/Src/stm32f7xx_it.o
                0x00000000080019f0                DebugMon_Handler
 .text.PendSV_Handler
                0x00000000080019fe        0xe Core/Src/stm32f7xx_it.o
                0x00000000080019fe                PendSV_Handler
 .text.SysTick_Handler
                0x0000000008001a0c        0xc Core/Src/stm32f7xx_it.o
                0x0000000008001a0c                SysTick_Handler
 .text.DMA1_Stream5_IRQHandler
                0x0000000008001a18       0x14 Core/Src/stm32f7xx_it.o
                0x0000000008001a18                DMA1_Stream5_IRQHandler
 .text.TIM1_CC_IRQHandler
                0x0000000008001a2c       0x14 Core/Src/stm32f7xx_it.o
                0x0000000008001a2c                TIM1_CC_IRQHandler
 .text.TIM6_DAC_IRQHandler
                0x0000000008001a40       0x1c Core/Src/stm32f7xx_it.o
                0x0000000008001a40                TIM6_DAC_IRQHandler
 .text.OTG_FS_IRQHandler
                0x0000000008001a5c       0x14 Core/Src/stm32f7xx_it.o
                0x0000000008001a5c                OTG_FS_IRQHandler
 .text._sbrk    0x0000000008001a70       0x6c Core/Src/sysmem.o
                0x0000000008001a70                _sbrk
 .text.SystemInit
                0x0000000008001adc       0x24 Core/Src/system_stm32f7xx.o
                0x0000000008001adc                SystemInit
 .text.Reset_Handler
                0x0000000008001b00       0x50 Core/Startup/startup_stm32f746zgtx.o
                0x0000000008001b00                Reset_Handler
 .text.Default_Handler
                0x0000000008001b50        0x2 Core/Startup/startup_stm32f746zgtx.o
                0x0000000008001b50                RTC_Alarm_IRQHandler
                0x0000000008001b50                EXTI2_IRQHandler
                0x0000000008001b50                TIM8_CC_IRQHandler
                0x0000000008001b50                UART8_IRQHandler
                0x0000000008001b50                SPI4_IRQHandler
                0x0000000008001b50                DMA2_Stream5_IRQHandler
                0x0000000008001b50                PVD_IRQHandler
                0x0000000008001b50                TAMP_STAMP_IRQHandler
                0x0000000008001b50                CAN2_RX1_IRQHandler
                0x0000000008001b50                EXTI3_IRQHandler
                0x0000000008001b50                TIM8_TRG_COM_TIM14_IRQHandler
                0x0000000008001b50                TIM1_UP_TIM10_IRQHandler
                0x0000000008001b50                TIM8_UP_TIM13_IRQHandler
                0x0000000008001b50                I2C3_ER_IRQHandler
                0x0000000008001b50                EXTI0_IRQHandler
                0x0000000008001b50                I2C2_EV_IRQHandler
                0x0000000008001b50                DMA1_Stream2_IRQHandler
                0x0000000008001b50                CAN1_RX0_IRQHandler
                0x0000000008001b50                FPU_IRQHandler
                0x0000000008001b50                OTG_HS_WKUP_IRQHandler
                0x0000000008001b50                LTDC_ER_IRQHandler
                0x0000000008001b50                CAN2_SCE_IRQHandler
                0x0000000008001b50                DMA2_Stream2_IRQHandler
                0x0000000008001b50                SPI1_IRQHandler
                0x0000000008001b50                TIM1_BRK_TIM9_IRQHandler
                0x0000000008001b50                DCMI_IRQHandler
                0x0000000008001b50                CAN2_RX0_IRQHandler
                0x0000000008001b50                DMA2_Stream3_IRQHandler
                0x0000000008001b50                SAI2_IRQHandler
                0x0000000008001b50                USART6_IRQHandler
                0x0000000008001b50                USART3_IRQHandler
                0x0000000008001b50                CAN1_RX1_IRQHandler
                0x0000000008001b50                UART5_IRQHandler
                0x0000000008001b50                DMA2_Stream0_IRQHandler
                0x0000000008001b50                TIM4_IRQHandler
                0x0000000008001b50                QUADSPI_IRQHandler
                0x0000000008001b50                I2C1_EV_IRQHandler
                0x0000000008001b50                DMA1_Stream6_IRQHandler
                0x0000000008001b50                DMA1_Stream1_IRQHandler
                0x0000000008001b50                UART4_IRQHandler
                0x0000000008001b50                TIM3_IRQHandler
                0x0000000008001b50                RCC_IRQHandler
                0x0000000008001b50                TIM8_BRK_TIM12_IRQHandler
                0x0000000008001b50                Default_Handler
                0x0000000008001b50                CEC_IRQHandler
                0x0000000008001b50                EXTI15_10_IRQHandler
                0x0000000008001b50                ADC_IRQHandler
                0x0000000008001b50                DMA1_Stream7_IRQHandler
                0x0000000008001b50                SPI5_IRQHandler
                0x0000000008001b50                TIM7_IRQHandler
                0x0000000008001b50                SDMMC1_IRQHandler
                0x0000000008001b50                CAN2_TX_IRQHandler
                0x0000000008001b50                TIM5_IRQHandler
                0x0000000008001b50                DMA2_Stream7_IRQHandler
                0x0000000008001b50                I2C3_EV_IRQHandler
                0x0000000008001b50                EXTI9_5_IRQHandler
                0x0000000008001b50                RTC_WKUP_IRQHandler
                0x0000000008001b50                LTDC_IRQHandler
                0x0000000008001b50                ETH_WKUP_IRQHandler
                0x0000000008001b50                SPDIF_RX_IRQHandler
                0x0000000008001b50                SPI2_IRQHandler
                0x0000000008001b50                OTG_HS_EP1_IN_IRQHandler
                0x0000000008001b50                DMA1_Stream0_IRQHandler
                0x0000000008001b50                CAN1_TX_IRQHandler
                0x0000000008001b50                EXTI4_IRQHandler
                0x0000000008001b50                RNG_IRQHandler
                0x0000000008001b50                ETH_IRQHandler
                0x0000000008001b50                OTG_HS_EP1_OUT_IRQHandler
                0x0000000008001b50                WWDG_IRQHandler
                0x0000000008001b50                SPI6_IRQHandler
                0x0000000008001b50                I2C4_EV_IRQHandler
                0x0000000008001b50                TIM2_IRQHandler
                0x0000000008001b50                OTG_FS_WKUP_IRQHandler
                0x0000000008001b50                TIM1_TRG_COM_TIM11_IRQHandler
                0x0000000008001b50                OTG_HS_IRQHandler
                0x0000000008001b50                DMA2D_IRQHandler
                0x0000000008001b50                EXTI1_IRQHandler
                0x0000000008001b50                UART7_IRQHandler
                0x0000000008001b50                USART2_IRQHandler
                0x0000000008001b50                I2C2_ER_IRQHandler
                0x0000000008001b50                DMA2_Stream1_IRQHandler
                0x0000000008001b50                CAN1_SCE_IRQHandler
                0x0000000008001b50                FLASH_IRQHandler
                0x0000000008001b50                DMA2_Stream4_IRQHandler
                0x0000000008001b50                USART1_IRQHandler
                0x0000000008001b50                SPI3_IRQHandler
                0x0000000008001b50                DMA1_Stream4_IRQHandler
                0x0000000008001b50                I2C1_ER_IRQHandler
                0x0000000008001b50                FMC_IRQHandler
                0x0000000008001b50                LPTIM1_IRQHandler
                0x0000000008001b50                I2C4_ER_IRQHandler
                0x0000000008001b50                DMA2_Stream6_IRQHandler
                0x0000000008001b50                SAI1_IRQHandler
                0x0000000008001b50                DMA1_Stream3_IRQHandler
 .text.HAL_Init
                0x0000000008001b52       0x1a Drivers/STM32F7xx_HAL_Driver/Src/stm32f7xx_hal.o
                0x0000000008001b52                HAL_Init
 .text.HAL_InitTick
                0x0000000008001b6c       0x60 Drivers/STM32F7xx_HAL_Driver/Src/stm32f7xx_hal.o
                0x0000000008001b6c                HAL_InitTick
 .text.HAL_IncTick
                0x0000000008001bcc       0x28 Drivers/STM32F7xx_HAL_Driver/Src/stm32f7xx_hal.o
                0x0000000008001bcc                HAL_IncTick
 .text.HAL_GetTick
                0x0000000008001bf4       0x18 Drivers/STM32F7xx_HAL_Driver/Src/stm32f7xx_hal.o
                0x0000000008001bf4                HAL_GetTick
 .text.HAL_Delay
                0x0000000008001c0c       0x44 Drivers/STM32F7xx_HAL_Driver/Src/stm32f7xx_hal.o
                0x0000000008001c0c                HAL_Delay
 .text.__NVIC_SetPriorityGrouping
                0x0000000008001c50       0x48 Drivers/STM32F7xx_HAL_Driver/Src/stm32f7xx_hal_cortex.o
 .text.__NVIC_GetPriorityGrouping
                0x0000000008001c98       0x1c Drivers/STM32F7xx_HAL_Driver/Src/stm32f7xx_hal_cortex.o
 .text.__NVIC_EnableIRQ
                0x0000000008001cb4       0x3c Drivers/STM32F7xx_HAL_Driver/Src/stm32f7xx_hal_cortex.o
 .text.__NVIC_SetPriority
                0x0000000008001cf0       0x54 Drivers/STM32F7xx_HAL_Driver/Src/stm32f7xx_hal_cortex.o
 .text.NVIC_EncodePriority
                0x0000000008001d44       0x66 Drivers/STM32F7xx_HAL_Driver/Src/stm32f7xx_hal_cortex.o
 *fill*         0x0000000008001daa        0x2 
 .text.SysTick_Config
                0x0000000008001dac       0x44 Drivers/STM32F7xx_HAL_Driver/Src/stm32f7xx_hal_cortex.o
 .text.HAL_NVIC_SetPriorityGrouping
                0x0000000008001df0       0x16 Drivers/STM32F7xx_HAL_Driver/Src/stm32f7xx_hal_cortex.o
                0x0000000008001df0                HAL_NVIC_SetPriorityGrouping
 .text.HAL_NVIC_SetPriority
                0x0000000008001e06       0x38 Drivers/STM32F7xx_HAL_Driver/Src/stm32f7xx_hal_cortex.o
                0x0000000008001e06                HAL_NVIC_SetPriority
 .text.HAL_NVIC_EnableIRQ
                0x0000000008001e3e       0x1c Drivers/STM32F7xx_HAL_Driver/Src/stm32f7xx_hal_cortex.o
                0x0000000008001e3e                HAL_NVIC_EnableIRQ
 .text.HAL_SYSTICK_Config
                0x0000000008001e5a       0x18 Drivers/STM32F7xx_HAL_Driver/Src/stm32f7xx_hal_cortex.o
                0x0000000008001e5a                HAL_SYSTICK_Config
 .text.HAL_DAC_Init
                0x0000000008001e72       0x44 Drivers/STM32F7xx_HAL_Driver/Src/stm32f7xx_hal_dac.o
                0x0000000008001e72                HAL_DAC_Init
 .text.HAL_DAC_Start
                0x0000000008001eb6       0xa4 Drivers/STM32F7xx_HAL_Driver/Src/stm32f7xx_hal_dac.o
                0x0000000008001eb6                HAL_DAC_Start
 *fill*         0x0000000008001f5a        0x2 
 .text.HAL_DAC_Start_DMA
                0x0000000008001f5c      0x180 Drivers/STM32F7xx_HAL_Driver/Src/stm32f7xx_hal_dac.o
                0x0000000008001f5c                HAL_DAC_Start_DMA
 .text.HAL_DAC_IRQHandler
                0x00000000080020dc       0xb4 Drivers/STM32F7xx_HAL_Driver/Src/stm32f7xx_hal_dac.o
                0x00000000080020dc                HAL_DAC_IRQHandler
 .text.HAL_DAC_ConvCpltCallbackCh1
                0x0000000008002190       0x14 Drivers/STM32F7xx_HAL_Driver/Src/stm32f7xx_hal_dac.o
                0x0000000008002190                HAL_DAC_ConvCpltCallbackCh1
 .text.HAL_DAC_ConvHalfCpltCallbackCh1
                0x00000000080021a4       0x14 Drivers/STM32F7xx_HAL_Driver/Src/stm32f7xx_hal_dac.o
                0x00000000080021a4                HAL_DAC_ConvHalfCpltCallbackCh1
 .text.HAL_DAC_ErrorCallbackCh1
                0x00000000080021b8       0x14 Drivers/STM32F7xx_HAL_Driver/Src/stm32f7xx_hal_dac.o
                0x00000000080021b8                HAL_DAC_ErrorCallbackCh1
 .text.HAL_DAC_DMAUnderrunCallbackCh1
                0x00000000080021cc       0x14 Drivers/STM32F7xx_HAL_Driver/Src/stm32f7xx_hal_dac.o
                0x00000000080021cc                HAL_DAC_DMAUnderrunCallbackCh1
 .text.HAL_DAC_ConfigChannel
                0x00000000080021e0       0x9e Drivers/STM32F7xx_HAL_Driver/Src/stm32f7xx_hal_dac.o
                0x00000000080021e0                HAL_DAC_ConfigChannel
 .text.DAC_DMAConvCpltCh1
                0x000000000800227e       0x22 Drivers/STM32F7xx_HAL_Driver/Src/stm32f7xx_hal_dac.o
                0x000000000800227e                DAC_DMAConvCpltCh1
 .text.DAC_DMAHalfConvCpltCh1
                0x00000000080022a0       0x1c Drivers/STM32F7xx_HAL_Driver/Src/stm32f7xx_hal_dac.o
                0x00000000080022a0                DAC_DMAHalfConvCpltCh1
 .text.DAC_DMAErrorCh1
                0x00000000080022bc       0x2e Drivers/STM32F7xx_HAL_Driver/Src/stm32f7xx_hal_dac.o
                0x00000000080022bc                DAC_DMAErrorCh1
 .text.HAL_DACEx_ConvCpltCallbackCh2
                0x00000000080022ea       0x14 Drivers/STM32F7xx_HAL_Driver/Src/stm32f7xx_hal_dac_ex.o
                0x00000000080022ea                HAL_DACEx_ConvCpltCallbackCh2
 .text.HAL_DACEx_ConvHalfCpltCallbackCh2
                0x00000000080022fe       0x14 Drivers/STM32F7xx_HAL_Driver/Src/stm32f7xx_hal_dac_ex.o
                0x00000000080022fe                HAL_DACEx_ConvHalfCpltCallbackCh2
 .text.HAL_DACEx_ErrorCallbackCh2
                0x0000000008002312       0x14 Drivers/STM32F7xx_HAL_Driver/Src/stm32f7xx_hal_dac_ex.o
                0x0000000008002312                HAL_DACEx_ErrorCallbackCh2
 .text.HAL_DACEx_DMAUnderrunCallbackCh2
                0x0000000008002326       0x14 Drivers/STM32F7xx_HAL_Driver/Src/stm32f7xx_hal_dac_ex.o
                0x0000000008002326                HAL_DACEx_DMAUnderrunCallbackCh2
 .text.DAC_DMAConvCpltCh2
                0x000000000800233a       0x22 Drivers/STM32F7xx_HAL_Driver/Src/stm32f7xx_hal_dac_ex.o
                0x000000000800233a                DAC_DMAConvCpltCh2
 .text.DAC_DMAHalfConvCpltCh2
                0x000000000800235c       0x1c Drivers/STM32F7xx_HAL_Driver/Src/stm32f7xx_hal_dac_ex.o
                0x000000000800235c                DAC_DMAHalfConvCpltCh2
 .text.DAC_DMAErrorCh2
                0x0000000008002378       0x2e Drivers/STM32F7xx_HAL_Driver/Src/stm32f7xx_hal_dac_ex.o
                0x0000000008002378                DAC_DMAErrorCh2
 *fill*         0x00000000080023a6        0x2 
 .text.HAL_DMA_Init
                0x00000000080023a8      0x15c Drivers/STM32F7xx_HAL_Driver/Src/stm32f7xx_hal_dma.o
                0x00000000080023a8                HAL_DMA_Init
 .text.HAL_DMA_Start_IT
                0x0000000008002504       0xc0 Drivers/STM32F7xx_HAL_Driver/Src/stm32f7xx_hal_dma.o
                0x0000000008002504                HAL_DMA_Start_IT
 .text.HAL_DMA_IRQHandler
                0x00000000080025c4      0x314 Drivers/STM32F7xx_HAL_Driver/Src/stm32f7xx_hal_dma.o
                0x00000000080025c4                HAL_DMA_IRQHandler
 .text.DMA_SetConfig
                0x00000000080028d8       0x5c Drivers/STM32F7xx_HAL_Driver/Src/stm32f7xx_hal_dma.o
 .text.DMA_CalcBaseAndBitshift
                0x0000000008002934       0x6c Drivers/STM32F7xx_HAL_Driver/Src/stm32f7xx_hal_dma.o
 .text.DMA_CheckFifoParam
                0x00000000080029a0       0xf4 Drivers/STM32F7xx_HAL_Driver/Src/stm32f7xx_hal_dma.o
 .text.HAL_GPIO_Init
                0x0000000008002a94      0x354 Drivers/STM32F7xx_HAL_Driver/Src/stm32f7xx_hal_gpio.o
                0x0000000008002a94                HAL_GPIO_Init
 .text.HAL_GPIO_WritePin
                0x0000000008002de8       0x32 Drivers/STM32F7xx_HAL_Driver/Src/stm32f7xx_hal_gpio.o
                0x0000000008002de8                HAL_GPIO_WritePin
 .text.HAL_GPIO_TogglePin
                0x0000000008002e1a       0x34 Drivers/STM32F7xx_HAL_Driver/Src/stm32f7xx_hal_gpio.o
                0x0000000008002e1a                HAL_GPIO_TogglePin
 .text.HAL_PCD_Init
                0x0000000008002e4e      0x248 Drivers/STM32F7xx_HAL_Driver/Src/stm32f7xx_hal_pcd.o
                0x0000000008002e4e                HAL_PCD_Init
 .text.HAL_PCD_Start
                0x0000000008003096       0x44 Drivers/STM32F7xx_HAL_Driver/Src/stm32f7xx_hal_pcd.o
                0x0000000008003096                HAL_PCD_Start
 .text.HAL_PCD_IRQHandler
                0x00000000080030da      0x7be Drivers/STM32F7xx_HAL_Driver/Src/stm32f7xx_hal_pcd.o
                0x00000000080030da                HAL_PCD_IRQHandler
 .text.HAL_PCD_SetAddress
                0x0000000008003898       0x4a Drivers/STM32F7xx_HAL_Driver/Src/stm32f7xx_hal_pcd.o
                0x0000000008003898                HAL_PCD_SetAddress
 .text.HAL_PCD_EP_Open
                0x00000000080038e2       0xd0 Drivers/STM32F7xx_HAL_Driver/Src/stm32f7xx_hal_pcd.o
                0x00000000080038e2                HAL_PCD_EP_Open
 .text.HAL_PCD_EP_Close
                0x00000000080039b2       0x94 Drivers/STM32F7xx_HAL_Driver/Src/stm32f7xx_hal_pcd.o
                0x00000000080039b2                HAL_PCD_EP_Close
 .text.HAL_PCD_EP_Receive
                0x0000000008003a46       0x96 Drivers/STM32F7xx_HAL_Driver/Src/stm32f7xx_hal_pcd.o
                0x0000000008003a46                HAL_PCD_EP_Receive
 .text.HAL_PCD_EP_GetRxCount
                0x0000000008003adc       0x30 Drivers/STM32F7xx_HAL_Driver/Src/stm32f7xx_hal_pcd.o
                0x0000000008003adc                HAL_PCD_EP_GetRxCount
 .text.HAL_PCD_EP_Transmit
                0x0000000008003b0c       0x94 Drivers/STM32F7xx_HAL_Driver/Src/stm32f7xx_hal_pcd.o
                0x0000000008003b0c                HAL_PCD_EP_Transmit
 .text.HAL_PCD_EP_SetStall
                0x0000000008003ba0       0xc8 Drivers/STM32F7xx_HAL_Driver/Src/stm32f7xx_hal_pcd.o
                0x0000000008003ba0                HAL_PCD_EP_SetStall
 .text.HAL_PCD_EP_ClrStall
                0x0000000008003c68       0xac Drivers/STM32F7xx_HAL_Driver/Src/stm32f7xx_hal_pcd.o
                0x0000000008003c68                HAL_PCD_EP_ClrStall
 .text.PCD_WriteEmptyTxFifo
                0x0000000008003d14      0x11a Drivers/STM32F7xx_HAL_Driver/Src/stm32f7xx_hal_pcd.o
 *fill*         0x0000000008003e2e        0x2 
 .text.PCD_EP_OutXfrComplete_int
                0x0000000008003e30      0x218 Drivers/STM32F7xx_HAL_Driver/Src/stm32f7xx_hal_pcd.o
 .text.PCD_EP_OutSetupPacket_int
                0x0000000008004048       0x8c Drivers/STM32F7xx_HAL_Driver/Src/stm32f7xx_hal_pcd.o
 .text.HAL_PCDEx_SetTxFiFo
                0x00000000080040d4       0x8e Drivers/STM32F7xx_HAL_Driver/Src/stm32f7xx_hal_pcd_ex.o
                0x00000000080040d4                HAL_PCDEx_SetTxFiFo
 .text.HAL_PCDEx_SetRxFiFo
                0x0000000008004162       0x22 Drivers/STM32F7xx_HAL_Driver/Src/stm32f7xx_hal_pcd_ex.o
                0x0000000008004162                HAL_PCDEx_SetRxFiFo
 .text.HAL_PCDEx_ActivateLPM
                0x0000000008004184       0x48 Drivers/STM32F7xx_HAL_Driver/Src/stm32f7xx_hal_pcd_ex.o
                0x0000000008004184                HAL_PCDEx_ActivateLPM
 .text.HAL_RCC_OscConfig
                0x00000000080041cc      0x548 Drivers/STM32F7xx_HAL_Driver/Src/stm32f7xx_hal_rcc.o
                0x00000000080041cc                HAL_RCC_OscConfig
 .text.HAL_RCC_ClockConfig
                0x0000000008004714      0x1d8 Drivers/STM32F7xx_HAL_Driver/Src/stm32f7xx_hal_rcc.o
                0x0000000008004714                HAL_RCC_ClockConfig
 .text.HAL_RCC_GetSysClockFreq
                0x00000000080048ec      0x164 Drivers/STM32F7xx_HAL_Driver/Src/stm32f7xx_hal_rcc.o
                0x00000000080048ec                HAL_RCC_GetSysClockFreq
 .text.HAL_RCC_GetHCLKFreq
                0x0000000008004a50       0x18 Drivers/STM32F7xx_HAL_Driver/Src/stm32f7xx_hal_rcc.o
                0x0000000008004a50                HAL_RCC_GetHCLKFreq
 .text.HAL_RCCEx_PeriphCLKConfig
                0x0000000008004a68      0x7e0 Drivers/STM32F7xx_HAL_Driver/Src/stm32f7xx_hal_rcc_ex.o
                0x0000000008004a68                HAL_RCCEx_PeriphCLKConfig
 .text.HAL_TIM_Base_Init
                0x0000000008005248       0xae Drivers/STM32F7xx_HAL_Driver/Src/stm32f7xx_hal_tim.o
                0x0000000008005248                HAL_TIM_Base_Init
 *fill*         0x00000000080052f6        0x2 
 .text.HAL_TIM_Base_Start
                0x00000000080052f8       0xe0 Drivers/STM32F7xx_HAL_Driver/Src/stm32f7xx_hal_tim.o
                0x00000000080052f8                HAL_TIM_Base_Start
 .text.HAL_TIM_PWM_Init
                0x00000000080053d8       0xae Drivers/STM32F7xx_HAL_Driver/Src/stm32f7xx_hal_tim.o
                0x00000000080053d8                HAL_TIM_PWM_Init
 .text.HAL_TIM_PWM_MspInit
                0x0000000008005486       0x14 Drivers/STM32F7xx_HAL_Driver/Src/stm32f7xx_hal_tim.o
                0x0000000008005486                HAL_TIM_PWM_MspInit
 *fill*         0x000000000800549a        0x2 
 .text.HAL_TIM_PWM_Start
                0x000000000800549c      0x1f4 Drivers/STM32F7xx_HAL_Driver/Src/stm32f7xx_hal_tim.o
                0x000000000800549c                HAL_TIM_PWM_Start
 .text.HAL_TIM_IC_Init
                0x0000000008005690       0xae Drivers/STM32F7xx_HAL_Driver/Src/stm32f7xx_hal_tim.o
                0x0000000008005690                HAL_TIM_IC_Init
 .text.HAL_TIM_IC_MspInit
                0x000000000800573e       0x14 Drivers/STM32F7xx_HAL_Driver/Src/stm32f7xx_hal_tim.o
                0x000000000800573e                HAL_TIM_IC_MspInit
 *fill*         0x0000000008005752        0x2 
 .text.HAL_TIM_IC_Start_IT
                0x0000000008005754      0x294 Drivers/STM32F7xx_HAL_Driver/Src/stm32f7xx_hal_tim.o
                0x0000000008005754                HAL_TIM_IC_Start_IT
 .text.HAL_TIM_IRQHandler
                0x00000000080059e8      0x23e Drivers/STM32F7xx_HAL_Driver/Src/stm32f7xx_hal_tim.o
                0x00000000080059e8                HAL_TIM_IRQHandler
 .text.HAL_TIM_IC_ConfigChannel
                0x0000000008005c26      0x128 Drivers/STM32F7xx_HAL_Driver/Src/stm32f7xx_hal_tim.o
                0x0000000008005c26                HAL_TIM_IC_ConfigChannel
 *fill*         0x0000000008005d4e        0x2 
 .text.HAL_TIM_PWM_ConfigChannel
                0x0000000008005d50      0x220 Drivers/STM32F7xx_HAL_Driver/Src/stm32f7xx_hal_tim.o
                0x0000000008005d50                HAL_TIM_PWM_ConfigChannel
 .text.HAL_TIM_ConfigClockSource
                0x0000000008005f70      0x174 Drivers/STM32F7xx_HAL_Driver/Src/stm32f7xx_hal_tim.o
                0x0000000008005f70                HAL_TIM_ConfigClockSource
 .text.HAL_TIM_SlaveConfigSynchro
                0x00000000080060e4       0x84 Drivers/STM32F7xx_HAL_Driver/Src/stm32f7xx_hal_tim.o
                0x00000000080060e4                HAL_TIM_SlaveConfigSynchro
 .text.HAL_TIM_ReadCapturedValue
                0x0000000008006168       0x88 Drivers/STM32F7xx_HAL_Driver/Src/stm32f7xx_hal_tim.o
                0x0000000008006168                HAL_TIM_ReadCapturedValue
 .text.HAL_TIM_PeriodElapsedCallback
                0x00000000080061f0       0x14 Drivers/STM32F7xx_HAL_Driver/Src/stm32f7xx_hal_tim.o
                0x00000000080061f0                HAL_TIM_PeriodElapsedCallback
 .text.HAL_TIM_OC_DelayElapsedCallback
                0x0000000008006204       0x14 Drivers/STM32F7xx_HAL_Driver/Src/stm32f7xx_hal_tim.o
                0x0000000008006204                HAL_TIM_OC_DelayElapsedCallback
 .text.HAL_TIM_PWM_PulseFinishedCallback
                0x0000000008006218       0x14 Drivers/STM32F7xx_HAL_Driver/Src/stm32f7xx_hal_tim.o
                0x0000000008006218                HAL_TIM_PWM_PulseFinishedCallback
 .text.HAL_TIM_TriggerCallback
                0x000000000800622c       0x14 Drivers/STM32F7xx_HAL_Driver/Src/stm32f7xx_hal_tim.o
                0x000000000800622c                HAL_TIM_TriggerCallback
 .text.TIM_Base_SetConfig
                0x0000000008006240      0x140 Drivers/STM32F7xx_HAL_Driver/Src/stm32f7xx_hal_tim.o
                0x0000000008006240                TIM_Base_SetConfig
 .text.TIM_OC1_SetConfig
                0x0000000008006380       0xe4 Drivers/STM32F7xx_HAL_Driver/Src/stm32f7xx_hal_tim.o
 .text.TIM_OC2_SetConfig
                0x0000000008006464       0xf0 Drivers/STM32F7xx_HAL_Driver/Src/stm32f7xx_hal_tim.o
                0x0000000008006464                TIM_OC2_SetConfig
 .text.TIM_OC3_SetConfig
                0x0000000008006554       0xec Drivers/STM32F7xx_HAL_Driver/Src/stm32f7xx_hal_tim.o
 .text.TIM_OC4_SetConfig
                0x0000000008006640       0xb0 Drivers/STM32F7xx_HAL_Driver/Src/stm32f7xx_hal_tim.o
 .text.TIM_OC5_SetConfig
                0x00000000080066f0       0xa4 Drivers/STM32F7xx_HAL_Driver/Src/stm32f7xx_hal_tim.o
 .text.TIM_OC6_SetConfig
                0x0000000008006794       0xa8 Drivers/STM32F7xx_HAL_Driver/Src/stm32f7xx_hal_tim.o
 .text.TIM_SlaveTimer_SetConfig
                0x000000000800683c      0x110 Drivers/STM32F7xx_HAL_Driver/Src/stm32f7xx_hal_tim.o
 .text.TIM_TI1_SetConfig
                0x000000000800694c       0xe8 Drivers/STM32F7xx_HAL_Driver/Src/stm32f7xx_hal_tim.o
                0x000000000800694c                TIM_TI1_SetConfig
 .text.TIM_TI1_ConfigInputStage
                0x0000000008006a34       0x5e Drivers/STM32F7xx_HAL_Driver/Src/stm32f7xx_hal_tim.o
 .text.TIM_TI2_SetConfig
                0x0000000008006a92       0x7a Drivers/STM32F7xx_HAL_Driver/Src/stm32f7xx_hal_tim.o
 .text.TIM_TI2_ConfigInputStage
                0x0000000008006b0c       0x60 Drivers/STM32F7xx_HAL_Driver/Src/stm32f7xx_hal_tim.o
 .text.TIM_TI3_SetConfig
                0x0000000008006b6c       0x78 Drivers/STM32F7xx_HAL_Driver/Src/stm32f7xx_hal_tim.o
 .text.TIM_TI4_SetConfig
                0x0000000008006be4       0x7a Drivers/STM32F7xx_HAL_Driver/Src/stm32f7xx_hal_tim.o
 .text.TIM_ITRx_SetConfig
                0x0000000008006c5e       0x36 Drivers/STM32F7xx_HAL_Driver/Src/stm32f7xx_hal_tim.o
 .text.TIM_ETR_SetConfig
                0x0000000008006c94       0x40 Drivers/STM32F7xx_HAL_Driver/Src/stm32f7xx_hal_tim.o
                0x0000000008006c94                TIM_ETR_SetConfig
 .text.TIM_CCxChannelCmd
                0x0000000008006cd4       0x4a Drivers/STM32F7xx_HAL_Driver/Src/stm32f7xx_hal_tim.o
                0x0000000008006cd4                TIM_CCxChannelCmd
 *fill*         0x0000000008006d1e        0x2 
 .text.HAL_TIMEx_MasterConfigSynchronization
                0x0000000008006d20      0x11c Drivers/STM32F7xx_HAL_Driver/Src/stm32f7xx_hal_tim_ex.o
                0x0000000008006d20                HAL_TIMEx_MasterConfigSynchronization
 .text.HAL_TIMEx_CommutCallback
                0x0000000008006e3c       0x14 Drivers/STM32F7xx_HAL_Driver/Src/stm32f7xx_hal_tim_ex.o
                0x0000000008006e3c                HAL_TIMEx_CommutCallback
 .text.HAL_TIMEx_BreakCallback
                0x0000000008006e50       0x14 Drivers/STM32F7xx_HAL_Driver/Src/stm32f7xx_hal_tim_ex.o
                0x0000000008006e50                HAL_TIMEx_BreakCallback
 .text.HAL_TIMEx_Break2Callback
                0x0000000008006e64       0x14 Drivers/STM32F7xx_HAL_Driver/Src/stm32f7xx_hal_tim_ex.o
                0x0000000008006e64                HAL_TIMEx_Break2Callback
 .text.USB_CoreInit
                0x0000000008006e78       0xb0 Drivers/STM32F7xx_HAL_Driver/Src/stm32f7xx_ll_usb.o
                0x0000000008006e78                USB_CoreInit
 .text.USB_SetTurnaroundTime
                0x0000000008006f28      0x144 Drivers/STM32F7xx_HAL_Driver/Src/stm32f7xx_ll_usb.o
                0x0000000008006f28                USB_SetTurnaroundTime
 .text.USB_EnableGlobalInt
                0x000000000800706c       0x22 Drivers/STM32F7xx_HAL_Driver/Src/stm32f7xx_ll_usb.o
                0x000000000800706c                USB_EnableGlobalInt
 .text.USB_DisableGlobalInt
                0x000000000800708e       0x22 Drivers/STM32F7xx_HAL_Driver/Src/stm32f7xx_ll_usb.o
                0x000000000800708e                USB_DisableGlobalInt
 .text.USB_SetCurrentMode
                0x00000000080070b0       0x54 Drivers/STM32F7xx_HAL_Driver/Src/stm32f7xx_ll_usb.o
                0x00000000080070b0                USB_SetCurrentMode
 .text.USB_DevInit
                0x0000000008007104      0x2dc Drivers/STM32F7xx_HAL_Driver/Src/stm32f7xx_ll_usb.o
                0x0000000008007104                USB_DevInit
 .text.USB_FlushTxFifo
                0x00000000080073e0       0x4c Drivers/STM32F7xx_HAL_Driver/Src/stm32f7xx_ll_usb.o
                0x00000000080073e0                USB_FlushTxFifo
 .text.USB_FlushRxFifo
                0x000000000800742c       0x44 Drivers/STM32F7xx_HAL_Driver/Src/stm32f7xx_ll_usb.o
                0x000000000800742c                USB_FlushRxFifo
 .text.USB_SetDevSpeed
                0x0000000008007470       0x32 Drivers/STM32F7xx_HAL_Driver/Src/stm32f7xx_ll_usb.o
                0x0000000008007470                USB_SetDevSpeed
 .text.USB_GetDevSpeed
                0x00000000080074a2       0x4a Drivers/STM32F7xx_HAL_Driver/Src/stm32f7xx_ll_usb.o
                0x00000000080074a2                USB_GetDevSpeed
 .text.USB_ActivateEndpoint
                0x00000000080074ec      0x110 Drivers/STM32F7xx_HAL_Driver/Src/stm32f7xx_ll_usb.o
                0x00000000080074ec                USB_ActivateEndpoint
 .text.USB_DeactivateEndpoint
                0x00000000080075fc      0x1b8 Drivers/STM32F7xx_HAL_Driver/Src/stm32f7xx_ll_usb.o
                0x00000000080075fc                USB_DeactivateEndpoint
 .text.USB_EPStartXfer
                0x00000000080077b4      0x498 Drivers/STM32F7xx_HAL_Driver/Src/stm32f7xx_ll_usb.o
                0x00000000080077b4                USB_EPStartXfer
 .text.USB_EP0StartXfer
                0x0000000008007c4c      0x2b0 Drivers/STM32F7xx_HAL_Driver/Src/stm32f7xx_ll_usb.o
                0x0000000008007c4c                USB_EP0StartXfer
 .text.USB_WritePacket
                0x0000000008007efc       0x6a Drivers/STM32F7xx_HAL_Driver/Src/stm32f7xx_ll_usb.o
                0x0000000008007efc                USB_WritePacket
 .text.USB_ReadPacket
                0x0000000008007f66       0x52 Drivers/STM32F7xx_HAL_Driver/Src/stm32f7xx_ll_usb.o
                0x0000000008007f66                USB_ReadPacket
 .text.USB_EPSetStall
                0x0000000008007fb8       0xdc Drivers/STM32F7xx_HAL_Driver/Src/stm32f7xx_ll_usb.o
                0x0000000008007fb8                USB_EPSetStall
 .text.USB_EPClearStall
                0x0000000008008094       0xcc Drivers/STM32F7xx_HAL_Driver/Src/stm32f7xx_ll_usb.o
                0x0000000008008094                USB_EPClearStall
 .text.USB_SetDevAddress
                0x0000000008008160       0x4c Drivers/STM32F7xx_HAL_Driver/Src/stm32f7xx_ll_usb.o
                0x0000000008008160                USB_SetDevAddress
 .text.USB_DevConnect
                0x00000000080081ac       0x42 Drivers/STM32F7xx_HAL_Driver/Src/stm32f7xx_ll_usb.o
                0x00000000080081ac                USB_DevConnect
 .text.USB_DevDisconnect
                0x00000000080081ee       0x42 Drivers/STM32F7xx_HAL_Driver/Src/stm32f7xx_ll_usb.o
                0x00000000080081ee                USB_DevDisconnect
 .text.USB_ReadInterrupts
                0x0000000008008230       0x26 Drivers/STM32F7xx_HAL_Driver/Src/stm32f7xx_ll_usb.o
                0x0000000008008230                USB_ReadInterrupts
 .text.USB_ReadDevAllOutEpInterrupt
                0x0000000008008256       0x34 Drivers/STM32F7xx_HAL_Driver/Src/stm32f7xx_ll_usb.o
                0x0000000008008256                USB_ReadDevAllOutEpInterrupt
 .text.USB_ReadDevAllInEpInterrupt
                0x000000000800828a       0x34 Drivers/STM32F7xx_HAL_Driver/Src/stm32f7xx_ll_usb.o
                0x000000000800828a                USB_ReadDevAllInEpInterrupt
 .text.USB_ReadDevOutEPInterrupt
                0x00000000080082be       0x3c Drivers/STM32F7xx_HAL_Driver/Src/stm32f7xx_ll_usb.o
                0x00000000080082be                USB_ReadDevOutEPInterrupt
 .text.USB_ReadDevInEPInterrupt
                0x00000000080082fa       0x5c Drivers/STM32F7xx_HAL_Driver/Src/stm32f7xx_ll_usb.o
                0x00000000080082fa                USB_ReadDevInEPInterrupt
 .text.USB_GetMode
                0x0000000008008356       0x1c Drivers/STM32F7xx_HAL_Driver/Src/stm32f7xx_ll_usb.o
                0x0000000008008356                USB_GetMode
 *fill*         0x0000000008008372        0x2 
 .text.USB_ActivateSetup
                0x0000000008008374       0x48 Drivers/STM32F7xx_HAL_Driver/Src/stm32f7xx_ll_usb.o
                0x0000000008008374                USB_ActivateSetup
 .text.USB_EP0_OutStart
                0x00000000080083bc       0xbc Drivers/STM32F7xx_HAL_Driver/Src/stm32f7xx_ll_usb.o
                0x00000000080083bc                USB_EP0_OutStart
 .text.USB_CoreReset
                0x0000000008008478       0x68 Drivers/STM32F7xx_HAL_Driver/Src/stm32f7xx_ll_usb.o
 .text.USBD_CDC_Init
                0x00000000080084e0      0x100 Middlewares/ST/STM32_USB_Device_Library/Class/CDC/Src/usbd_cdc.o
 .text.USBD_CDC_DeInit
                0x00000000080085e0       0x78 Middlewares/ST/STM32_USB_Device_Library/Class/CDC/Src/usbd_cdc.o
 .text.USBD_CDC_Setup
                0x0000000008008658      0x178 Middlewares/ST/STM32_USB_Device_Library/Class/CDC/Src/usbd_cdc.o
 .text.USBD_CDC_DataIn
                0x00000000080087d0       0xbe Middlewares/ST/STM32_USB_Device_Library/Class/CDC/Src/usbd_cdc.o
 .text.USBD_CDC_DataOut
                0x000000000800888e       0x56 Middlewares/ST/STM32_USB_Device_Library/Class/CDC/Src/usbd_cdc.o
 .text.USBD_CDC_EP0_RxReady
                0x00000000080088e4       0x50 Middlewares/ST/STM32_USB_Device_Library/Class/CDC/Src/usbd_cdc.o
 .text.USBD_CDC_GetFSCfgDesc
                0x0000000008008934       0x20 Middlewares/ST/STM32_USB_Device_Library/Class/CDC/Src/usbd_cdc.o
 .text.USBD_CDC_GetHSCfgDesc
                0x0000000008008954       0x20 Middlewares/ST/STM32_USB_Device_Library/Class/CDC/Src/usbd_cdc.o
 .text.USBD_CDC_GetOtherSpeedCfgDesc
                0x0000000008008974       0x20 Middlewares/ST/STM32_USB_Device_Library/Class/CDC/Src/usbd_cdc.o
 .text.USBD_CDC_GetDeviceQualifierDescriptor
                0x0000000008008994       0x20 Middlewares/ST/STM32_USB_Device_Library/Class/CDC/Src/usbd_cdc.o
                0x0000000008008994                USBD_CDC_GetDeviceQualifierDescriptor
 .text.USBD_CDC_RegisterInterface
                0x00000000080089b4       0x2a Middlewares/ST/STM32_USB_Device_Library/Class/CDC/Src/usbd_cdc.o
                0x00000000080089b4                USBD_CDC_RegisterInterface
 .text.USBD_CDC_SetTxBuffer
                0x00000000080089de       0x32 Middlewares/ST/STM32_USB_Device_Library/Class/CDC/Src/usbd_cdc.o
                0x00000000080089de                USBD_CDC_SetTxBuffer
 .text.USBD_CDC_SetRxBuffer
                0x0000000008008a10       0x28 Middlewares/ST/STM32_USB_Device_Library/Class/CDC/Src/usbd_cdc.o
                0x0000000008008a10                USBD_CDC_SetRxBuffer
 .text.USBD_CDC_ReceivePacket
                0x0000000008008a38       0x54 Middlewares/ST/STM32_USB_Device_Library/Class/CDC/Src/usbd_cdc.o
                0x0000000008008a38                USBD_CDC_ReceivePacket
 .text.USBD_Init
                0x0000000008008a8c       0x6c Middlewares/ST/STM32_USB_Device_Library/Core/Src/usbd_core.o
                0x0000000008008a8c                USBD_Init
 .text.USBD_RegisterClass
                0x0000000008008af8       0x42 Middlewares/ST/STM32_USB_Device_Library/Core/Src/usbd_core.o
                0x0000000008008af8                USBD_RegisterClass
 .text.USBD_Start
                0x0000000008008b3a       0x18 Middlewares/ST/STM32_USB_Device_Library/Core/Src/usbd_core.o
                0x0000000008008b3a                USBD_Start
 .text.USBD_RunTestMode
                0x0000000008008b52       0x16 Middlewares/ST/STM32_USB_Device_Library/Core/Src/usbd_core.o
                0x0000000008008b52                USBD_RunTestMode
 .text.USBD_SetClassConfig
                0x0000000008008b68       0x38 Middlewares/ST/STM32_USB_Device_Library/Core/Src/usbd_core.o
                0x0000000008008b68                USBD_SetClassConfig
 .text.USBD_ClrClassConfig
                0x0000000008008ba0       0x30 Middlewares/ST/STM32_USB_Device_Library/Core/Src/usbd_core.o
                0x0000000008008ba0                USBD_ClrClassConfig
 .text.USBD_LL_SetupStage
                0x0000000008008bd0       0xa6 Middlewares/ST/STM32_USB_Device_Library/Core/Src/usbd_core.o
                0x0000000008008bd0                USBD_LL_SetupStage
 .text.USBD_LL_DataOutStage
                0x0000000008008c76       0xc6 Middlewares/ST/STM32_USB_Device_Library/Core/Src/usbd_core.o
                0x0000000008008c76                USBD_LL_DataOutStage
 .text.USBD_LL_DataInStage
                0x0000000008008d3c      0x12c Middlewares/ST/STM32_USB_Device_Library/Core/Src/usbd_core.o
                0x0000000008008d3c                USBD_LL_DataInStage
 .text.USBD_LL_Reset
                0x0000000008008e68       0x82 Middlewares/ST/STM32_USB_Device_Library/Core/Src/usbd_core.o
                0x0000000008008e68                USBD_LL_Reset
 .text.USBD_LL_SetSpeed
                0x0000000008008eea       0x20 Middlewares/ST/STM32_USB_Device_Library/Core/Src/usbd_core.o
                0x0000000008008eea                USBD_LL_SetSpeed
 .text.USBD_LL_Suspend
                0x0000000008008f0a       0x2a Middlewares/ST/STM32_USB_Device_Library/Core/Src/usbd_core.o
                0x0000000008008f0a                USBD_LL_Suspend
 .text.USBD_LL_Resume
                0x0000000008008f34       0x2c Middlewares/ST/STM32_USB_Device_Library/Core/Src/usbd_core.o
                0x0000000008008f34                USBD_LL_Resume
 .text.USBD_LL_SOF
                0x0000000008008f60       0x34 Middlewares/ST/STM32_USB_Device_Library/Core/Src/usbd_core.o
                0x0000000008008f60                USBD_LL_SOF
 .text.USBD_LL_IsoINIncomplete
                0x0000000008008f94       0x1a Middlewares/ST/STM32_USB_Device_Library/Core/Src/usbd_core.o
                0x0000000008008f94                USBD_LL_IsoINIncomplete
 .text.USBD_LL_IsoOUTIncomplete
                0x0000000008008fae       0x1a Middlewares/ST/STM32_USB_Device_Library/Core/Src/usbd_core.o
                0x0000000008008fae                USBD_LL_IsoOUTIncomplete
 .text.USBD_LL_DevConnected
                0x0000000008008fc8       0x16 Middlewares/ST/STM32_USB_Device_Library/Core/Src/usbd_core.o
                0x0000000008008fc8                USBD_LL_DevConnected
 .text.USBD_LL_DevDisconnected
                0x0000000008008fde       0x38 Middlewares/ST/STM32_USB_Device_Library/Core/Src/usbd_core.o
                0x0000000008008fde                USBD_LL_DevDisconnected
 .text.SWAPBYTE
                0x0000000008009016       0x3c Middlewares/ST/STM32_USB_Device_Library/Core/Src/usbd_ctlreq.o
 *fill*         0x0000000008009052        0x2 
 .text.USBD_StdDevReq
                0x0000000008009054       0xdc Middlewares/ST/STM32_USB_Device_Library/Core/Src/usbd_ctlreq.o
                0x0000000008009054                USBD_StdDevReq
 .text.USBD_StdItfReq
                0x0000000008009130       0x8c Middlewares/ST/STM32_USB_Device_Library/Core/Src/usbd_ctlreq.o
                0x0000000008009130                USBD_StdItfReq
 .text.USBD_StdEPReq
                0x00000000080091bc      0x2aa Middlewares/ST/STM32_USB_Device_Library/Core/Src/usbd_ctlreq.o
                0x00000000080091bc                USBD_StdEPReq
 *fill*         0x0000000008009466        0x2 
 .text.USBD_GetDescriptor
                0x0000000008009468      0x328 Middlewares/ST/STM32_USB_Device_Library/Core/Src/usbd_ctlreq.o
 .text.USBD_SetAddress
                0x0000000008009790       0x84 Middlewares/ST/STM32_USB_Device_Library/Core/Src/usbd_ctlreq.o
 .text.USBD_SetConfig
                0x0000000008009814      0x148 Middlewares/ST/STM32_USB_Device_Library/Core/Src/usbd_ctlreq.o
 .text.USBD_GetConfig
                0x000000000800995c       0x68 Middlewares/ST/STM32_USB_Device_Library/Core/Src/usbd_ctlreq.o
 .text.USBD_GetStatus
                0x00000000080099c4       0x66 Middlewares/ST/STM32_USB_Device_Library/Core/Src/usbd_ctlreq.o
 .text.USBD_SetFeature
                0x0000000008009a2a       0x28 Middlewares/ST/STM32_USB_Device_Library/Core/Src/usbd_ctlreq.o
 .text.USBD_ClrFeature
                0x0000000008009a52       0x42 Middlewares/ST/STM32_USB_Device_Library/Core/Src/usbd_ctlreq.o
 .text.USBD_ParseSetupRequest
                0x0000000008009a94       0x74 Middlewares/ST/STM32_USB_Device_Library/Core/Src/usbd_ctlreq.o
                0x0000000008009a94                USBD_ParseSetupRequest
 .text.USBD_CtlError
                0x0000000008009b08       0x22 Middlewares/ST/STM32_USB_Device_Library/Core/Src/usbd_ctlreq.o
                0x0000000008009b08                USBD_CtlError
 .text.USBD_GetString
                0x0000000008009b2a       0x8c Middlewares/ST/STM32_USB_Device_Library/Core/Src/usbd_ctlreq.o
                0x0000000008009b2a                USBD_GetString
 .text.USBD_GetLen
                0x0000000008009bb6       0x34 Middlewares/ST/STM32_USB_Device_Library/Core/Src/usbd_ctlreq.o
 .text.USBD_CtlSendData
                0x0000000008009bea       0x36 Middlewares/ST/STM32_USB_Device_Library/Core/Src/usbd_ioreq.o
                0x0000000008009bea                USBD_CtlSendData
 .text.USBD_CtlContinueSendData
                0x0000000008009c20       0x22 Middlewares/ST/STM32_USB_Device_Library/Core/Src/usbd_ioreq.o
                0x0000000008009c20                USBD_CtlContinueSendData
 .text.USBD_CtlPrepareRx
                0x0000000008009c42       0x3a Middlewares/ST/STM32_USB_Device_Library/Core/Src/usbd_ioreq.o
                0x0000000008009c42                USBD_CtlPrepareRx
 .text.USBD_CtlContinueRx
                0x0000000008009c7c       0x22 Middlewares/ST/STM32_USB_Device_Library/Core/Src/usbd_ioreq.o
                0x0000000008009c7c                USBD_CtlContinueRx
 .text.USBD_CtlSendStatus
                0x0000000008009c9e       0x26 Middlewares/ST/STM32_USB_Device_Library/Core/Src/usbd_ioreq.o
                0x0000000008009c9e                USBD_CtlSendStatus
 .text.USBD_CtlReceiveStatus
                0x0000000008009cc4       0x26 Middlewares/ST/STM32_USB_Device_Library/Core/Src/usbd_ioreq.o
                0x0000000008009cc4                USBD_CtlReceiveStatus
 *fill*         0x0000000008009cea        0x2 
 .text.MX_USB_DEVICE_Init
                0x0000000008009cec       0x60 USB_DEVICE/App/usb_device.o
                0x0000000008009cec                MX_USB_DEVICE_Init
 .text.CDC_Init_FS
                0x0000000008009d4c       0x28 USB_DEVICE/App/usbd_cdc_if.o
 .text.CDC_DeInit_FS
                0x0000000008009d74       0x10 USB_DEVICE/App/usbd_cdc_if.o
 .text.CDC_Control_FS
                0x0000000008009d84       0xbc USB_DEVICE/App/usbd_cdc_if.o
 .text.CDC_Receive_FS
                0x0000000008009e40       0x28 USB_DEVICE/App/usbd_cdc_if.o
 .text.CDC_TransmitCplt_FS
                0x0000000008009e68       0x22 USB_DEVICE/App/usbd_cdc_if.o
 *fill*         0x0000000008009e8a        0x2 
 .text.USBD_FS_DeviceDescriptor
                0x0000000008009e8c       0x24 USB_DEVICE/App/usbd_desc.o
                0x0000000008009e8c                USBD_FS_DeviceDescriptor
 .text.USBD_FS_LangIDStrDescriptor
                0x0000000008009eb0       0x24 USB_DEVICE/App/usbd_desc.o
                0x0000000008009eb0                USBD_FS_LangIDStrDescriptor
 .text.USBD_FS_ProductStrDescriptor
                0x0000000008009ed4       0x3c USB_DEVICE/App/usbd_desc.o
                0x0000000008009ed4                USBD_FS_ProductStrDescriptor
 .text.USBD_FS_ManufacturerStrDescriptor
                0x0000000008009f10       0x28 USB_DEVICE/App/usbd_desc.o
                0x0000000008009f10                USBD_FS_ManufacturerStrDescriptor
 .text.USBD_FS_SerialStrDescriptor
                0x0000000008009f38       0x24 USB_DEVICE/App/usbd_desc.o
                0x0000000008009f38                USBD_FS_SerialStrDescriptor
 .text.USBD_FS_ConfigStrDescriptor
                0x0000000008009f5c       0x3c USB_DEVICE/App/usbd_desc.o
                0x0000000008009f5c                USBD_FS_ConfigStrDescriptor
 .text.USBD_FS_InterfaceStrDescriptor
                0x0000000008009f98       0x3c USB_DEVICE/App/usbd_desc.o
                0x0000000008009f98                USBD_FS_InterfaceStrDescriptor
 .text.USBD_FS_USR_BOSDescriptor
                0x0000000008009fd4       0x24 USB_DEVICE/App/usbd_desc.o
                0x0000000008009fd4                USBD_FS_USR_BOSDescriptor
 .text.Get_SerialNum
                0x0000000008009ff8       0x58 USB_DEVICE/App/usbd_desc.o
 .text.IntToUnicode
                0x000000000800a050       0x7c USB_DEVICE/App/usbd_desc.o
 .text.HAL_PCD_MspInit
                0x000000000800a0cc       0xac USB_DEVICE/Target/usbd_conf.o
                0x000000000800a0cc                HAL_PCD_MspInit
 .text.HAL_PCD_SetupStageCallback
                0x000000000800a178       0x24 USB_DEVICE/Target/usbd_conf.o
                0x000000000800a178                HAL_PCD_SetupStageCallback
 .text.HAL_PCD_DataOutStageCallback
                0x000000000800a19c       0x36 USB_DEVICE/Target/usbd_conf.o
                0x000000000800a19c                HAL_PCD_DataOutStageCallback
 .text.HAL_PCD_DataInStageCallback
                0x000000000800a1d2       0x34 USB_DEVICE/Target/usbd_conf.o
                0x000000000800a1d2                HAL_PCD_DataInStageCallback
 .text.HAL_PCD_SOFCallback
                0x000000000800a206       0x1c USB_DEVICE/Target/usbd_conf.o
                0x000000000800a206                HAL_PCD_SOFCallback
 .text.HAL_PCD_ResetCallback
                0x000000000800a222       0x50 USB_DEVICE/Target/usbd_conf.o
                0x000000000800a222                HAL_PCD_ResetCallback
 *fill*         0x000000000800a272        0x2 
 .text.HAL_PCD_SuspendCallback
                0x000000000800a274       0x4c USB_DEVICE/Target/usbd_conf.o
                0x000000000800a274                HAL_PCD_SuspendCallback
 .text.HAL_PCD_ResumeCallback
                0x000000000800a2c0       0x1c USB_DEVICE/Target/usbd_conf.o
                0x000000000800a2c0                HAL_PCD_ResumeCallback
 .text.HAL_PCD_ISOOUTIncompleteCallback
                0x000000000800a2dc       0x24 USB_DEVICE/Target/usbd_conf.o
                0x000000000800a2dc                HAL_PCD_ISOOUTIncompleteCallback
 .text.HAL_PCD_ISOINIncompleteCallback
                0x000000000800a300       0x24 USB_DEVICE/Target/usbd_conf.o
                0x000000000800a300                HAL_PCD_ISOINIncompleteCallback
 .text.HAL_PCD_ConnectCallback
                0x000000000800a324       0x1c USB_DEVICE/Target/usbd_conf.o
                0x000000000800a324                HAL_PCD_ConnectCallback
 .text.HAL_PCD_DisconnectCallback
                0x000000000800a340       0x1c USB_DEVICE/Target/usbd_conf.o
                0x000000000800a340                HAL_PCD_DisconnectCallback
 .text.USBD_LL_Init
                0x000000000800a35c       0x98 USB_DEVICE/Target/usbd_conf.o
                0x000000000800a35c                USBD_LL_Init
 .text.USBD_LL_Start
                0x000000000800a3f4       0x36 USB_DEVICE/Target/usbd_conf.o
                0x000000000800a3f4                USBD_LL_Start
 .text.USBD_LL_OpenEP
                0x000000000800a42a       0x4c USB_DEVICE/Target/usbd_conf.o
                0x000000000800a42a                USBD_LL_OpenEP
 .text.USBD_LL_CloseEP
                0x000000000800a476       0x3e USB_DEVICE/Target/usbd_conf.o
                0x000000000800a476                USBD_LL_CloseEP
 .text.USBD_LL_StallEP
                0x000000000800a4b4       0x3e USB_DEVICE/Target/usbd_conf.o
                0x000000000800a4b4                USBD_LL_StallEP
 .text.USBD_LL_ClearStallEP
                0x000000000800a4f2       0x3e USB_DEVICE/Target/usbd_conf.o
                0x000000000800a4f2                USBD_LL_ClearStallEP
 .text.USBD_LL_IsStallEP
                0x000000000800a530       0x58 USB_DEVICE/Target/usbd_conf.o
                0x000000000800a530                USBD_LL_IsStallEP
 .text.USBD_LL_SetUSBAddress
                0x000000000800a588       0x3e USB_DEVICE/Target/usbd_conf.o
                0x000000000800a588                USBD_LL_SetUSBAddress
 .text.USBD_LL_Transmit
                0x000000000800a5c6       0x42 USB_DEVICE/Target/usbd_conf.o
                0x000000000800a5c6                USBD_LL_Transmit
 .text.USBD_LL_PrepareReceive
                0x000000000800a608       0x42 USB_DEVICE/Target/usbd_conf.o
                0x000000000800a608                USBD_LL_PrepareReceive
 .text.USBD_LL_GetRxDataSize
                0x000000000800a64a       0x26 USB_DEVICE/Target/usbd_conf.o
                0x000000000800a64a                USBD_LL_GetRxDataSize
 .text.HAL_PCDEx_LPM_Callback
                0x000000000800a670       0x9c USB_DEVICE/Target/usbd_conf.o
                0x000000000800a670                HAL_PCDEx_LPM_Callback
 .text.SystemClockConfig_Resume
                0x000000000800a70c        0xc USB_DEVICE/Target/usbd_conf.o
 .text.USBD_Get_USB_Status
                0x000000000800a718       0x58 USB_DEVICE/Target/usbd_conf.o
                0x000000000800a718                USBD_Get_USB_Status
 .text.__errno  0x000000000800a770        0xc c:/st/stm32cubeide_1.5.0/stm32cubeide/plugins/com.st.stm32cube.ide.mcu.externaltools.gnu-tools-for-stm32.7-2018-q2-update.win32_1.5.0.202011040924/tools/bin/../lib/gcc/arm-none-eabi/7.3.1/../../../../arm-none-eabi/lib/thumb/v7e-m/fpv4-sp/hard\libc_nano.a(lib_a-errno.o)
                0x000000000800a770                __errno
 .text.__libc_init_array
                0x000000000800a77c       0x48 c:/st/stm32cubeide_1.5.0/stm32cubeide/plugins/com.st.stm32cube.ide.mcu.externaltools.gnu-tools-for-stm32.7-2018-q2-update.win32_1.5.0.202011040924/tools/bin/../lib/gcc/arm-none-eabi/7.3.1/../../../../arm-none-eabi/lib/thumb/v7e-m/fpv4-sp/hard\libc_nano.a(lib_a-init.o)
                0x000000000800a77c                __libc_init_array
 .text.malloc   0x000000000800a7c4       0x10 c:/st/stm32cubeide_1.5.0/stm32cubeide/plugins/com.st.stm32cube.ide.mcu.externaltools.gnu-tools-for-stm32.7-2018-q2-update.win32_1.5.0.202011040924/tools/bin/../lib/gcc/arm-none-eabi/7.3.1/../../../../arm-none-eabi/lib/thumb/v7e-m/fpv4-sp/hard\libc_nano.a(lib_a-malloc.o)
                0x000000000800a7c4                malloc
 .text.free     0x000000000800a7d4       0x10 c:/st/stm32cubeide_1.5.0/stm32cubeide/plugins/com.st.stm32cube.ide.mcu.externaltools.gnu-tools-for-stm32.7-2018-q2-update.win32_1.5.0.202011040924/tools/bin/../lib/gcc/arm-none-eabi/7.3.1/../../../../arm-none-eabi/lib/thumb/v7e-m/fpv4-sp/hard\libc_nano.a(lib_a-malloc.o)
                0x000000000800a7d4                free
 .text.memset   0x000000000800a7e4       0x10 c:/st/stm32cubeide_1.5.0/stm32cubeide/plugins/com.st.stm32cube.ide.mcu.externaltools.gnu-tools-for-stm32.7-2018-q2-update.win32_1.5.0.202011040924/tools/bin/../lib/gcc/arm-none-eabi/7.3.1/../../../../arm-none-eabi/lib/thumb/v7e-m/fpv4-sp/hard\libc_nano.a(lib_a-memset.o)
                0x000000000800a7e4                memset
 .text._free_r  0x000000000800a7f4       0x9c c:/st/stm32cubeide_1.5.0/stm32cubeide/plugins/com.st.stm32cube.ide.mcu.externaltools.gnu-tools-for-stm32.7-2018-q2-update.win32_1.5.0.202011040924/tools/bin/../lib/gcc/arm-none-eabi/7.3.1/../../../../arm-none-eabi/lib/thumb/v7e-m/fpv4-sp/hard\libc_nano.a(lib_a-nano-freer.o)
                0x000000000800a7f4                _free_r
 .text._malloc_r
                0x000000000800a890       0xb4 c:/st/stm32cubeide_1.5.0/stm32cubeide/plugins/com.st.stm32cube.ide.mcu.externaltools.gnu-tools-for-stm32.7-2018-q2-update.win32_1.5.0.202011040924/tools/bin/../lib/gcc/arm-none-eabi/7.3.1/../../../../arm-none-eabi/lib/thumb/v7e-m/fpv4-sp/hard\libc_nano.a(lib_a-nano-mallocr.o)
                0x000000000800a890                _malloc_r
 .text._sbrk_r  0x000000000800a944       0x20 c:/st/stm32cubeide_1.5.0/stm32cubeide/plugins/com.st.stm32cube.ide.mcu.externaltools.gnu-tools-for-stm32.7-2018-q2-update.win32_1.5.0.202011040924/tools/bin/../lib/gcc/arm-none-eabi/7.3.1/../../../../arm-none-eabi/lib/thumb/v7e-m/fpv4-sp/hard\libc_nano.a(lib_a-sbrkr.o)
                0x000000000800a944                _sbrk_r
 .text.__malloc_lock
                0x000000000800a964        0x2 c:/st/stm32cubeide_1.5.0/stm32cubeide/plugins/com.st.stm32cube.ide.mcu.externaltools.gnu-tools-for-stm32.7-2018-q2-update.win32_1.5.0.202011040924/tools/bin/../lib/gcc/arm-none-eabi/7.3.1/../../../../arm-none-eabi/lib/thumb/v7e-m/fpv4-sp/hard\libc_nano.a(lib_a-mlock.o)
                0x000000000800a964                __malloc_lock
 .text.__malloc_unlock
                0x000000000800a966        0x2 c:/st/stm32cubeide_1.5.0/stm32cubeide/plugins/com.st.stm32cube.ide.mcu.externaltools.gnu-tools-for-stm32.7-2018-q2-update.win32_1.5.0.202011040924/tools/bin/../lib/gcc/arm-none-eabi/7.3.1/../../../../arm-none-eabi/lib/thumb/v7e-m/fpv4-sp/hard\libc_nano.a(lib_a-mlock.o)
                0x000000000800a966                __malloc_unlock
 .text.sin      0x000000000800a968       0x90 c:/st/stm32cubeide_1.5.0/stm32cubeide/plugins/com.st.stm32cube.ide.mcu.externaltools.gnu-tools-for-stm32.7-2018-q2-update.win32_1.5.0.202011040924/tools/bin/../lib/gcc/arm-none-eabi/7.3.1/../../../../arm-none-eabi/lib/thumb/v7e-m/fpv4-sp/hard\libm.a(lib_a-s_sin.o)
                0x000000000800a968                sin
 .text.__ieee754_rem_pio2
                0x000000000800a9f8      0x3e4 c:/st/stm32cubeide_1.5.0/stm32cubeide/plugins/com.st.stm32cube.ide.mcu.externaltools.gnu-tools-for-stm32.7-2018-q2-update.win32_1.5.0.202011040924/tools/bin/../lib/gcc/arm-none-eabi/7.3.1/../../../../arm-none-eabi/lib/thumb/v7e-m/fpv4-sp/hard\libm.a(lib_a-e_rem_pio2.o)
                0x000000000800a9f8                __ieee754_rem_pio2
 *fill*         0x000000000800addc        0x4 
 .text.__kernel_cos
                0x000000000800ade0      0x18c c:/st/stm32cubeide_1.5.0/stm32cubeide/plugins/com.st.stm32cube.ide.mcu.externaltools.gnu-tools-for-stm32.7-2018-q2-update.win32_1.5.0.202011040924/tools/bin/../lib/gcc/arm-none-eabi/7.3.1/../../../../arm-none-eabi/lib/thumb/v7e-m/fpv4-sp/hard\libm.a(lib_a-k_cos.o)
                0x000000000800ade0                __kernel_cos
 *fill*         0x000000000800af6c        0x4 
 .text.__kernel_rem_pio2
                0x000000000800af70      0x680 c:/st/stm32cubeide_1.5.0/stm32cubeide/plugins/com.st.stm32cube.ide.mcu.externaltools.gnu-tools-for-stm32.7-2018-q2-update.win32_1.5.0.202011040924/tools/bin/../lib/gcc/arm-none-eabi/7.3.1/../../../../arm-none-eabi/lib/thumb/v7e-m/fpv4-sp/hard\libm.a(lib_a-k_rem_pio2.o)
                0x000000000800af70                __kernel_rem_pio2
 .text.__kernel_sin
                0x000000000800b5f0      0x174 c:/st/stm32cubeide_1.5.0/stm32cubeide/plugins/com.st.stm32cube.ide.mcu.externaltools.gnu-tools-for-stm32.7-2018-q2-update.win32_1.5.0.202011040924/tools/bin/../lib/gcc/arm-none-eabi/7.3.1/../../../../arm-none-eabi/lib/thumb/v7e-m/fpv4-sp/hard\libm.a(lib_a-k_sin.o)
                0x000000000800b5f0                __kernel_sin
 .text.fabs     0x000000000800b764       0x12 c:/st/stm32cubeide_1.5.0/stm32cubeide/plugins/com.st.stm32cube.ide.mcu.externaltools.gnu-tools-for-stm32.7-2018-q2-update.win32_1.5.0.202011040924/tools/bin/../lib/gcc/arm-none-eabi/7.3.1/../../../../arm-none-eabi/lib/thumb/v7e-m/fpv4-sp/hard\libm.a(lib_a-s_fabs.o)
                0x000000000800b764                fabs
 *fill*         0x000000000800b776        0x2 
 .text.floor    0x000000000800b778      0x108 c:/st/stm32cubeide_1.5.0/stm32cubeide/plugins/com.st.stm32cube.ide.mcu.externaltools.gnu-tools-for-stm32.7-2018-q2-update.win32_1.5.0.202011040924/tools/bin/../lib/gcc/arm-none-eabi/7.3.1/../../../../arm-none-eabi/lib/thumb/v7e-m/fpv4-sp/hard\libm.a(lib_a-s_floor.o)
                0x000000000800b778                floor
 .text.scalbn   0x000000000800b880       0xec c:/st/stm32cubeide_1.5.0/stm32cubeide/plugins/com.st.stm32cube.ide.mcu.externaltools.gnu-tools-for-stm32.7-2018-q2-update.win32_1.5.0.202011040924/tools/bin/../lib/gcc/arm-none-eabi/7.3.1/../../../../arm-none-eabi/lib/thumb/v7e-m/fpv4-sp/hard\libm.a(lib_a-s_scalbn.o)
                0x000000000800b880                scalbn
 .text.copysign
                0x000000000800b96c       0x1e c:/st/stm32cubeide_1.5.0/stm32cubeide/plugins/com.st.stm32cube.ide.mcu.externaltools.gnu-tools-for-stm32.7-2018-q2-update.win32_1.5.0.202011040924/tools/bin/../lib/gcc/arm-none-eabi/7.3.1/../../../../arm-none-eabi/lib/thumb/v7e-m/fpv4-sp/hard\libm.a(lib_a-s_copysign.o)
                0x000000000800b96c                copysign
 *(.glue_7)
 .glue_7        0x000000000800b98a        0x0 linker stubs
 *(.glue_7t)
 .glue_7t       0x000000000800b98a        0x0 linker stubs
 *(.eh_frame)
 *fill*         0x000000000800b98a        0x2 
 .eh_frame      0x000000000800b98c        0x0 c:/st/stm32cubeide_1.5.0/stm32cubeide/plugins/com.st.stm32cube.ide.mcu.externaltools.gnu-tools-for-stm32.7-2018-q2-update.win32_1.5.0.202011040924/tools/bin/../lib/gcc/arm-none-eabi/7.3.1/thumb/v7e-m/fpv4-sp/hard/crtbegin.o
 *(.init)
 .init          0x000000000800b98c        0x4 c:/st/stm32cubeide_1.5.0/stm32cubeide/plugins/com.st.stm32cube.ide.mcu.externaltools.gnu-tools-for-stm32.7-2018-q2-update.win32_1.5.0.202011040924/tools/bin/../lib/gcc/arm-none-eabi/7.3.1/thumb/v7e-m/fpv4-sp/hard/crti.o
                0x000000000800b98c                _init
 .init          0x000000000800b990        0x8 c:/st/stm32cubeide_1.5.0/stm32cubeide/plugins/com.st.stm32cube.ide.mcu.externaltools.gnu-tools-for-stm32.7-2018-q2-update.win32_1.5.0.202011040924/tools/bin/../lib/gcc/arm-none-eabi/7.3.1/thumb/v7e-m/fpv4-sp/hard/crtn.o
 *(.fini)
 .fini          0x000000000800b998        0x4 c:/st/stm32cubeide_1.5.0/stm32cubeide/plugins/com.st.stm32cube.ide.mcu.externaltools.gnu-tools-for-stm32.7-2018-q2-update.win32_1.5.0.202011040924/tools/bin/../lib/gcc/arm-none-eabi/7.3.1/thumb/v7e-m/fpv4-sp/hard/crti.o
                0x000000000800b998                _fini
 .fini          0x000000000800b99c        0x8 c:/st/stm32cubeide_1.5.0/stm32cubeide/plugins/com.st.stm32cube.ide.mcu.externaltools.gnu-tools-for-stm32.7-2018-q2-update.win32_1.5.0.202011040924/tools/bin/../lib/gcc/arm-none-eabi/7.3.1/thumb/v7e-m/fpv4-sp/hard/crtn.o
                0x000000000800b9a4                . = ALIGN (0x4)
                0x000000000800b9a4                _etext = .

.vfp11_veneer   0x000000000800b9a4        0x0
 .vfp11_veneer  0x000000000800b9a4        0x0 linker stubs

.v4_bx          0x000000000800b9a4        0x0
 .v4_bx         0x000000000800b9a4        0x0 linker stubs

.iplt           0x000000000800b9a4        0x0
 .iplt          0x000000000800b9a4        0x0 c:/st/stm32cubeide_1.5.0/stm32cubeide/plugins/com.st.stm32cube.ide.mcu.externaltools.gnu-tools-for-stm32.7-2018-q2-update.win32_1.5.0.202011040924/tools/bin/../lib/gcc/arm-none-eabi/7.3.1/thumb/v7e-m/fpv4-sp/hard/crtbegin.o

.rodata         0x000000000800b9a8      0x238
                0x000000000800b9a8                . = ALIGN (0x4)
 *(.rodata)
 .rodata        0x000000000800b9a8       0x46 USB_DEVICE/App/usbd_desc.o
 *(.rodata*)
 *fill*         0x000000000800b9ee        0x2 
 .rodata.AHBPrescTable
                0x000000000800b9f0       0x10 Core/Src/system_stm32f7xx.o
                0x000000000800b9f0                AHBPrescTable
 .rodata.flagBitshiftOffset.9089
                0x000000000800ba00        0x8 Drivers/STM32F7xx_HAL_Driver/Src/stm32f7xx_hal_dma.o
 .rodata.npio2_hw
                0x000000000800ba08       0x80 c:/st/stm32cubeide_1.5.0/stm32cubeide/plugins/com.st.stm32cube.ide.mcu.externaltools.gnu-tools-for-stm32.7-2018-q2-update.win32_1.5.0.202011040924/tools/bin/../lib/gcc/arm-none-eabi/7.3.1/../../../../arm-none-eabi/lib/thumb/v7e-m/fpv4-sp/hard\libm.a(lib_a-e_rem_pio2.o)
 .rodata.two_over_pi
                0x000000000800ba88      0x108 c:/st/stm32cubeide_1.5.0/stm32cubeide/plugins/com.st.stm32cube.ide.mcu.externaltools.gnu-tools-for-stm32.7-2018-q2-update.win32_1.5.0.202011040924/tools/bin/../lib/gcc/arm-none-eabi/7.3.1/../../../../arm-none-eabi/lib/thumb/v7e-m/fpv4-sp/hard\libm.a(lib_a-e_rem_pio2.o)
 .rodata.PIo2   0x000000000800bb90       0x40 c:/st/stm32cubeide_1.5.0/stm32cubeide/plugins/com.st.stm32cube.ide.mcu.externaltools.gnu-tools-for-stm32.7-2018-q2-update.win32_1.5.0.202011040924/tools/bin/../lib/gcc/arm-none-eabi/7.3.1/../../../../arm-none-eabi/lib/thumb/v7e-m/fpv4-sp/hard\libm.a(lib_a-k_rem_pio2.o)
 .rodata.init_jk
                0x000000000800bbd0       0x10 c:/st/stm32cubeide_1.5.0/stm32cubeide/plugins/com.st.stm32cube.ide.mcu.externaltools.gnu-tools-for-stm32.7-2018-q2-update.win32_1.5.0.202011040924/tools/bin/../lib/gcc/arm-none-eabi/7.3.1/../../../../arm-none-eabi/lib/thumb/v7e-m/fpv4-sp/hard\libm.a(lib_a-k_rem_pio2.o)
                0x000000000800bbe0                . = ALIGN (0x4)

.ARM.extab      0x000000000800bbe0        0x0
                0x000000000800bbe0                . = ALIGN (0x4)
 *(.ARM.extab* .gnu.linkonce.armextab.*)
                0x000000000800bbe0                . = ALIGN (0x4)

.ARM            0x000000000800bbe0        0x8
                0x000000000800bbe0                . = ALIGN (0x4)
                0x000000000800bbe0                __exidx_start = .
 *(.ARM.exidx*)
 .ARM.exidx     0x000000000800bbe0        0x8 c:/st/stm32cubeide_1.5.0/stm32cubeide/plugins/com.st.stm32cube.ide.mcu.externaltools.gnu-tools-for-stm32.7-2018-q2-update.win32_1.5.0.202011040924/tools/bin/../lib/gcc/arm-none-eabi/7.3.1/thumb/v7e-m/fpv4-sp/hard\libgcc.a(_udivmoddi4.o)
                0x000000000800bbe8                __exidx_end = .
                0x000000000800bbe8                . = ALIGN (0x4)

.rel.dyn        0x000000000800bbe8        0x0
 .rel.iplt      0x000000000800bbe8        0x0 c:/st/stm32cubeide_1.5.0/stm32cubeide/plugins/com.st.stm32cube.ide.mcu.externaltools.gnu-tools-for-stm32.7-2018-q2-update.win32_1.5.0.202011040924/tools/bin/../lib/gcc/arm-none-eabi/7.3.1/thumb/v7e-m/fpv4-sp/hard/crtbegin.o

.preinit_array  0x000000000800bbe8        0x0
                0x000000000800bbe8                . = ALIGN (0x4)
                0x000000000800bbe8                PROVIDE (__preinit_array_start = .)
 *(.preinit_array*)
                0x000000000800bbe8                PROVIDE (__preinit_array_end = .)
                0x000000000800bbe8                . = ALIGN (0x4)

.init_array     0x000000000800bbe8        0x4
                0x000000000800bbe8                . = ALIGN (0x4)
                0x000000000800bbe8                PROVIDE (__init_array_start = .)
 *(SORT_BY_NAME(.init_array.*))
 *(.init_array*)
 .init_array    0x000000000800bbe8        0x4 c:/st/stm32cubeide_1.5.0/stm32cubeide/plugins/com.st.stm32cube.ide.mcu.externaltools.gnu-tools-for-stm32.7-2018-q2-update.win32_1.5.0.202011040924/tools/bin/../lib/gcc/arm-none-eabi/7.3.1/thumb/v7e-m/fpv4-sp/hard/crtbegin.o
                0x000000000800bbec                PROVIDE (__init_array_end = .)
                0x000000000800bbec                . = ALIGN (0x4)

.fini_array     0x000000000800bbec        0x4
                0x000000000800bbec                . = ALIGN (0x4)
                [!provide]                        PROVIDE (__fini_array_start = .)
 *(SORT_BY_NAME(.fini_array.*))
 *(.fini_array*)
 .fini_array    0x000000000800bbec        0x4 c:/st/stm32cubeide_1.5.0/stm32cubeide/plugins/com.st.stm32cube.ide.mcu.externaltools.gnu-tools-for-stm32.7-2018-q2-update.win32_1.5.0.202011040924/tools/bin/../lib/gcc/arm-none-eabi/7.3.1/thumb/v7e-m/fpv4-sp/hard/crtbegin.o
                [!provide]                        PROVIDE (__fini_array_end = .)
                0x000000000800bbf0                . = ALIGN (0x4)
                0x000000000800bbf0                _sidata = LOADADDR (.data)

.data           0x0000000020000000      0x1f8 load address 0x000000000800bbf0
                0x0000000020000000                . = ALIGN (0x4)
                0x0000000020000000                _sdata = .
 *(.data)
 *(.data*)
 .data.velSound
                0x0000000020000000        0x4 Core/Src/main.o
                0x0000000020000000                velSound
 .data.SystemCoreClock
                0x0000000020000004        0x4 Core/Src/system_stm32f7xx.o
                0x0000000020000004                SystemCoreClock
 .data.uwTickPrio
                0x0000000020000008        0x4 Drivers/STM32F7xx_HAL_Driver/Src/stm32f7xx_hal.o
                0x0000000020000008                uwTickPrio
 .data.uwTickFreq
                0x000000002000000c        0x1 Drivers/STM32F7xx_HAL_Driver/Src/stm32f7xx_hal.o
                0x000000002000000c                uwTickFreq
 *fill*         0x000000002000000d        0x3 
 .data.USBD_CDC_DeviceQualifierDesc
                0x0000000020000010        0xa Middlewares/ST/STM32_USB_Device_Library/Class/CDC/Src/usbd_cdc.o
 *fill*         0x000000002000001a        0x2 
 .data.USBD_CDC
                0x000000002000001c       0x38 Middlewares/ST/STM32_USB_Device_Library/Class/CDC/Src/usbd_cdc.o
                0x000000002000001c                USBD_CDC
 .data.USBD_CDC_CfgHSDesc
                0x0000000020000054       0x43 Middlewares/ST/STM32_USB_Device_Library/Class/CDC/Src/usbd_cdc.o
 *fill*         0x0000000020000097        0x1 
 .data.USBD_CDC_CfgFSDesc
                0x0000000020000098       0x43 Middlewares/ST/STM32_USB_Device_Library/Class/CDC/Src/usbd_cdc.o
 *fill*         0x00000000200000db        0x1 
 .data.USBD_CDC_OtherSpeedCfgDesc
                0x00000000200000dc       0x43 Middlewares/ST/STM32_USB_Device_Library/Class/CDC/Src/usbd_cdc.o
 *fill*         0x000000002000011f        0x1 
 .data.USBD_Interface_fops_FS
                0x0000000020000120       0x14 USB_DEVICE/App/usbd_cdc_if.o
                0x0000000020000120                USBD_Interface_fops_FS
 .data.FS_Desc  0x0000000020000134       0x20 USB_DEVICE/App/usbd_desc.o
                0x0000000020000134                FS_Desc
 .data.USBD_FS_DeviceDesc
                0x0000000020000154       0x12 USB_DEVICE/App/usbd_desc.o
                0x0000000020000154                USBD_FS_DeviceDesc
 *fill*         0x0000000020000166        0x2 
 .data.USBD_FS_BOSDesc
                0x0000000020000168        0xc USB_DEVICE/App/usbd_desc.o
                0x0000000020000168                USBD_FS_BOSDesc
 .data.USBD_LangIDDesc
                0x0000000020000174        0x4 USB_DEVICE/App/usbd_desc.o
                0x0000000020000174                USBD_LangIDDesc
 .data.USBD_StringSerial
                0x0000000020000178       0x1a USB_DEVICE/App/usbd_desc.o
                0x0000000020000178                USBD_StringSerial
 *fill*         0x0000000020000192        0x2 
 .data._impure_ptr
                0x0000000020000194        0x4 c:/st/stm32cubeide_1.5.0/stm32cubeide/plugins/com.st.stm32cube.ide.mcu.externaltools.gnu-tools-for-stm32.7-2018-q2-update.win32_1.5.0.202011040924/tools/bin/../lib/gcc/arm-none-eabi/7.3.1/../../../../arm-none-eabi/lib/thumb/v7e-m/fpv4-sp/hard\libc_nano.a(lib_a-impure.o)
                0x0000000020000194                _impure_ptr
 .data.impure_data
                0x0000000020000198       0x60 c:/st/stm32cubeide_1.5.0/stm32cubeide/plugins/com.st.stm32cube.ide.mcu.externaltools.gnu-tools-for-stm32.7-2018-q2-update.win32_1.5.0.202011040924/tools/bin/../lib/gcc/arm-none-eabi/7.3.1/../../../../arm-none-eabi/lib/thumb/v7e-m/fpv4-sp/hard\libc_nano.a(lib_a-impure.o)
 *(.RamFunc)
 *(.RamFunc*)
                0x00000000200001f8                . = ALIGN (0x4)
                0x00000000200001f8                _edata = .

.igot.plt       0x00000000200001f8        0x0 load address 0x000000000800bde8
 .igot.plt      0x00000000200001f8        0x0 c:/st/stm32cubeide_1.5.0/stm32cubeide/plugins/com.st.stm32cube.ide.mcu.externaltools.gnu-tools-for-stm32.7-2018-q2-update.win32_1.5.0.202011040924/tools/bin/../lib/gcc/arm-none-eabi/7.3.1/thumb/v7e-m/fpv4-sp/hard/crtbegin.o
                0x00000000200001f8                . = ALIGN (0x4)

.bss            0x00000000200001f8     0x1c4c load address 0x000000000800bde8
                0x00000000200001f8                _sbss = .
                0x00000000200001f8                __bss_start__ = _sbss
 *(.bss)
 .bss           0x00000000200001f8       0x1c c:/st/stm32cubeide_1.5.0/stm32cubeide/plugins/com.st.stm32cube.ide.mcu.externaltools.gnu-tools-for-stm32.7-2018-q2-update.win32_1.5.0.202011040924/tools/bin/../lib/gcc/arm-none-eabi/7.3.1/thumb/v7e-m/fpv4-sp/hard/crtbegin.o
 *(.bss*)
 .bss.firstCaptured
                0x0000000020000214        0x4 Core/Src/main.o
                0x0000000020000214                firstCaptured
 .bss.totalTimeOne
                0x0000000020000218        0x4 Core/Src/main.o
                0x0000000020000218                totalTimeOne
 .bss.totalFinal
                0x000000002000021c        0x4 Core/Src/main.o
                0x000000002000021c                totalFinal
 .bss.distance  0x0000000020000220        0x4 Core/Src/main.o
                0x0000000020000220                distance
 .bss.__sbrk_heap_end
                0x0000000020000224        0x4 Core/Src/sysmem.o
 .bss.cfgidx.10990
                0x0000000020000228        0x1 Middlewares/ST/STM32_USB_Device_Library/Core/Src/usbd_ctlreq.o
 *fill*         0x0000000020000229        0x3 
 .bss.__malloc_free_list
                0x000000002000022c        0x4 c:/st/stm32cubeide_1.5.0/stm32cubeide/plugins/com.st.stm32cube.ide.mcu.externaltools.gnu-tools-for-stm32.7-2018-q2-update.win32_1.5.0.202011040924/tools/bin/../lib/gcc/arm-none-eabi/7.3.1/../../../../arm-none-eabi/lib/thumb/v7e-m/fpv4-sp/hard\libc_nano.a(lib_a-nano-mallocr.o)
                0x000000002000022c                __malloc_free_list
 .bss.__malloc_sbrk_start
                0x0000000020000230        0x4 c:/st/stm32cubeide_1.5.0/stm32cubeide/plugins/com.st.stm32cube.ide.mcu.externaltools.gnu-tools-for-stm32.7-2018-q2-update.win32_1.5.0.202011040924/tools/bin/../lib/gcc/arm-none-eabi/7.3.1/../../../../arm-none-eabi/lib/thumb/v7e-m/fpv4-sp/hard\libc_nano.a(lib_a-nano-mallocr.o)
                0x0000000020000230                __malloc_sbrk_start
 *(COMMON)
 COMMON         0x0000000020000234      0x334 Core/Src/main.o
                0x0000000020000234                htim3
                0x0000000020000280                hdma_dac1
                0x00000000200002e0                hdac
                0x00000000200002f4                htim6
                0x0000000020000340                htim1
                0x000000002000038c                htim2
                0x00000000200003d8                sineVal
 COMMON         0x0000000020000568        0x4 Drivers/STM32F7xx_HAL_Driver/Src/stm32f7xx_hal.o
                0x0000000020000568                uwTick
 COMMON         0x000000002000056c      0x2d0 USB_DEVICE/App/usb_device.o
                0x000000002000056c                hUsbDeviceFS
 COMMON         0x000000002000083c     0x1000 USB_DEVICE/App/usbd_cdc_if.o
                0x000000002000083c                UserRxBufferFS
                0x000000002000103c                UserTxBufferFS
 COMMON         0x000000002000183c      0x200 USB_DEVICE/App/usbd_desc.o
                0x000000002000183c                USBD_StrDesc
 COMMON         0x0000000020001a3c      0x404 USB_DEVICE/Target/usbd_conf.o
                0x0000000020001a3c                hpcd_USB_OTG_FS
 COMMON         0x0000000020001e40        0x4 c:/st/stm32cubeide_1.5.0/stm32cubeide/plugins/com.st.stm32cube.ide.mcu.externaltools.gnu-tools-for-stm32.7-2018-q2-update.win32_1.5.0.202011040924/tools/bin/../lib/gcc/arm-none-eabi/7.3.1/../../../../arm-none-eabi/lib/thumb/v7e-m/fpv4-sp/hard\libc_nano.a(lib_a-reent.o)
                0x0000000020001e40                errno
                0x0000000020001e44                . = ALIGN (0x4)
                0x0000000020001e44                _ebss = .
                0x0000000020001e44                __bss_end__ = _ebss

._user_heap_stack
                0x0000000020001e44      0x604 load address 0x000000000800bde8
                0x0000000020001e48                . = ALIGN (0x8)
 *fill*         0x0000000020001e44        0x4 
                [!provide]                        PROVIDE (end = .)
                0x0000000020001e48                PROVIDE (_end = .)
                0x0000000020002048                . = (. + _Min_Heap_Size)
 *fill*         0x0000000020001e48      0x200 
                0x0000000020002448                . = (. + _Min_Stack_Size)
 *fill*         0x0000000020002048      0x400 
                0x0000000020002448                . = ALIGN (0x8)

/DISCARD/
 libc.a(*)
 libm.a(*)
 libgcc.a(*)

.ARM.attributes
                0x0000000000000000       0x30
 *(.ARM.attributes)
 .ARM.attributes
                0x0000000000000000       0x22 c:/st/stm32cubeide_1.5.0/stm32cubeide/plugins/com.st.stm32cube.ide.mcu.externaltools.gnu-tools-for-stm32.7-2018-q2-update.win32_1.5.0.202011040924/tools/bin/../lib/gcc/arm-none-eabi/7.3.1/thumb/v7e-m/fpv4-sp/hard/crti.o
 .ARM.attributes
                0x0000000000000022       0x34 c:/st/stm32cubeide_1.5.0/stm32cubeide/plugins/com.st.stm32cube.ide.mcu.externaltools.gnu-tools-for-stm32.7-2018-q2-update.win32_1.5.0.202011040924/tools/bin/../lib/gcc/arm-none-eabi/7.3.1/thumb/v7e-m/fpv4-sp/hard/crtbegin.o
 .ARM.attributes
                0x0000000000000056       0x39 Core/Src/main.o
 .ARM.attributes
                0x000000000000008f       0x39 Core/Src/stm32f7xx_hal_msp.o
 .ARM.attributes
                0x00000000000000c8       0x39 Core/Src/stm32f7xx_it.o
 .ARM.attributes
                0x0000000000000101       0x39 Core/Src/sysmem.o
 .ARM.attributes
                0x000000000000013a       0x39 Core/Src/system_stm32f7xx.o
 .ARM.attributes
                0x0000000000000173       0x21 Core/Startup/startup_stm32f746zgtx.o
 .ARM.attributes
                0x0000000000000194       0x39 Drivers/STM32F7xx_HAL_Driver/Src/stm32f7xx_hal.o
 .ARM.attributes
                0x00000000000001cd       0x39 Drivers/STM32F7xx_HAL_Driver/Src/stm32f7xx_hal_cortex.o
 .ARM.attributes
                0x0000000000000206       0x39 Drivers/STM32F7xx_HAL_Driver/Src/stm32f7xx_hal_dac.o
 .ARM.attributes
                0x000000000000023f       0x39 Drivers/STM32F7xx_HAL_Driver/Src/stm32f7xx_hal_dac_ex.o
 .ARM.attributes
                0x0000000000000278       0x39 Drivers/STM32F7xx_HAL_Driver/Src/stm32f7xx_hal_dma.o
 .ARM.attributes
                0x00000000000002b1       0x39 Drivers/STM32F7xx_HAL_Driver/Src/stm32f7xx_hal_gpio.o
 .ARM.attributes
                0x00000000000002ea       0x39 Drivers/STM32F7xx_HAL_Driver/Src/stm32f7xx_hal_pcd.o
 .ARM.attributes
                0x0000000000000323       0x39 Drivers/STM32F7xx_HAL_Driver/Src/stm32f7xx_hal_pcd_ex.o
 .ARM.attributes
                0x000000000000035c       0x39 Drivers/STM32F7xx_HAL_Driver/Src/stm32f7xx_hal_rcc.o
 .ARM.attributes
                0x0000000000000395       0x39 Drivers/STM32F7xx_HAL_Driver/Src/stm32f7xx_hal_rcc_ex.o
 .ARM.attributes
                0x00000000000003ce       0x39 Drivers/STM32F7xx_HAL_Driver/Src/stm32f7xx_hal_tim.o
 .ARM.attributes
                0x0000000000000407       0x39 Drivers/STM32F7xx_HAL_Driver/Src/stm32f7xx_hal_tim_ex.o
 .ARM.attributes
                0x0000000000000440       0x39 Drivers/STM32F7xx_HAL_Driver/Src/stm32f7xx_ll_usb.o
 .ARM.attributes
                0x0000000000000479       0x39 Middlewares/ST/STM32_USB_Device_Library/Class/CDC/Src/usbd_cdc.o
 .ARM.attributes
                0x00000000000004b2       0x39 Middlewares/ST/STM32_USB_Device_Library/Core/Src/usbd_core.o
 .ARM.attributes
                0x00000000000004eb       0x39 Middlewares/ST/STM32_USB_Device_Library/Core/Src/usbd_ctlreq.o
 .ARM.attributes
                0x0000000000000524       0x39 Middlewares/ST/STM32_USB_Device_Library/Core/Src/usbd_ioreq.o
 .ARM.attributes
                0x000000000000055d       0x39 USB_DEVICE/App/usb_device.o
 .ARM.attributes
                0x0000000000000596       0x39 USB_DEVICE/App/usbd_cdc_if.o
 .ARM.attributes
                0x00000000000005cf       0x39 USB_DEVICE/App/usbd_desc.o
 .ARM.attributes
                0x0000000000000608       0x39 USB_DEVICE/Target/usbd_conf.o
 .ARM.attributes
                0x0000000000000641       0x34 c:/st/stm32cubeide_1.5.0/stm32cubeide/plugins/com.st.stm32cube.ide.mcu.externaltools.gnu-tools-for-stm32.7-2018-q2-update.win32_1.5.0.202011040924/tools/bin/../lib/gcc/arm-none-eabi/7.3.1/../../../../arm-none-eabi/lib/thumb/v7e-m/fpv4-sp/hard\libc_nano.a(lib_a-errno.o)
 .ARM.attributes
                0x0000000000000675       0x34 c:/st/stm32cubeide_1.5.0/stm32cubeide/plugins/com.st.stm32cube.ide.mcu.externaltools.gnu-tools-for-stm32.7-2018-q2-update.win32_1.5.0.202011040924/tools/bin/../lib/gcc/arm-none-eabi/7.3.1/../../../../arm-none-eabi/lib/thumb/v7e-m/fpv4-sp/hard\libc_nano.a(lib_a-impure.o)
 .ARM.attributes
                0x00000000000006a9       0x34 c:/st/stm32cubeide_1.5.0/stm32cubeide/plugins/com.st.stm32cube.ide.mcu.externaltools.gnu-tools-for-stm32.7-2018-q2-update.win32_1.5.0.202011040924/tools/bin/../lib/gcc/arm-none-eabi/7.3.1/../../../../arm-none-eabi/lib/thumb/v7e-m/fpv4-sp/hard\libc_nano.a(lib_a-init.o)
 .ARM.attributes
                0x00000000000006dd       0x34 c:/st/stm32cubeide_1.5.0/stm32cubeide/plugins/com.st.stm32cube.ide.mcu.externaltools.gnu-tools-for-stm32.7-2018-q2-update.win32_1.5.0.202011040924/tools/bin/../lib/gcc/arm-none-eabi/7.3.1/../../../../arm-none-eabi/lib/thumb/v7e-m/fpv4-sp/hard\libc_nano.a(lib_a-malloc.o)
 .ARM.attributes
                0x0000000000000711       0x34 c:/st/stm32cubeide_1.5.0/stm32cubeide/plugins/com.st.stm32cube.ide.mcu.externaltools.gnu-tools-for-stm32.7-2018-q2-update.win32_1.5.0.202011040924/tools/bin/../lib/gcc/arm-none-eabi/7.3.1/../../../../arm-none-eabi/lib/thumb/v7e-m/fpv4-sp/hard\libc_nano.a(lib_a-memset.o)
 .ARM.attributes
                0x0000000000000745       0x34 c:/st/stm32cubeide_1.5.0/stm32cubeide/plugins/com.st.stm32cube.ide.mcu.externaltools.gnu-tools-for-stm32.7-2018-q2-update.win32_1.5.0.202011040924/tools/bin/../lib/gcc/arm-none-eabi/7.3.1/../../../../arm-none-eabi/lib/thumb/v7e-m/fpv4-sp/hard\libc_nano.a(lib_a-nano-freer.o)
 .ARM.attributes
                0x0000000000000779       0x34 c:/st/stm32cubeide_1.5.0/stm32cubeide/plugins/com.st.stm32cube.ide.mcu.externaltools.gnu-tools-for-stm32.7-2018-q2-update.win32_1.5.0.202011040924/tools/bin/../lib/gcc/arm-none-eabi/7.3.1/../../../../arm-none-eabi/lib/thumb/v7e-m/fpv4-sp/hard\libc_nano.a(lib_a-nano-mallocr.o)
 .ARM.attributes
                0x00000000000007ad       0x34 c:/st/stm32cubeide_1.5.0/stm32cubeide/plugins/com.st.stm32cube.ide.mcu.externaltools.gnu-tools-for-stm32.7-2018-q2-update.win32_1.5.0.202011040924/tools/bin/../lib/gcc/arm-none-eabi/7.3.1/../../../../arm-none-eabi/lib/thumb/v7e-m/fpv4-sp/hard\libc_nano.a(lib_a-sbrkr.o)
 .ARM.attributes