Archive member included to satisfy reference by file (symbol)

c:/st/stm32cubeide_1.5.0/stm32cubeide/plugins/com.st.stm32cube.ide.mcu.externaltools.gnu-tools-for-stm32.9-2020-q2-update.win32_1.5.0.202011040924/tools/bin/../lib/gcc/arm-none-eabi/9.3.1/../../../../arm-none-eabi/lib/thumb/v7e-m+fp/hard\libc_nano.a(lib_a-errno.o)
                              Core/Src/syscalls.o (__errno)
c:/st/stm32cubeide_1.5.0/stm32cubeide/plugins/com.st.stm32cube.ide.mcu.externaltools.gnu-tools-for-stm32.9-2020-q2-update.win32_1.5.0.202011040924/tools/bin/../lib/gcc/arm-none-eabi/9.3.1/../../../../arm-none-eabi/lib/thumb/v7e-m+fp/hard\libc_nano.a(lib_a-exit.o)
                              c:/st/stm32cubeide_1.5.0/stm32cubeide/plugins/com.st.stm32cube.ide.mcu.externaltools.gnu-tools-for-stm32.9-2020-q2-update.win32_1.5.0.202011040924/tools/bin/../lib/gcc/arm-none-eabi/9.3.1/../../../../arm-none-eabi/lib/thumb/v7e-m+fp/hard/crt0.o (exit)
c:/st/stm32cubeide_1.5.0/stm32cubeide/plugins/com.st.stm32cube.ide.mcu.externaltools.gnu-tools-for-stm32.9-2020-q2-update.win32_1.5.0.202011040924/tools/bin/../lib/gcc/arm-none-eabi/9.3.1/../../../../arm-none-eabi/lib/thumb/v7e-m+fp/hard\libc_nano.a(lib_a-impure.o)
                              c:/st/stm32cubeide_1.5.0/stm32cubeide/plugins/com.st.stm32cube.ide.mcu.externaltools.gnu-tools-for-stm32.9-2020-q2-update.win32_1.5.0.202011040924/tools/bin/../lib/gcc/arm-none-eabi/9.3.1/../../../../arm-none-eabi/lib/thumb/v7e-m+fp/hard\libc_nano.a(lib_a-exit.o) (_global_impure_ptr)
c:/st/stm32cubeide_1.5.0/stm32cubeide/plugins/com.st.stm32cube.ide.mcu.externaltools.gnu-tools-for-stm32.9-2020-q2-update.win32_1.5.0.202011040924/tools/bin/../lib/gcc/arm-none-eabi/9.3.1/../../../../arm-none-eabi/lib/thumb/v7e-m+fp/hard\libc_nano.a(lib_a-init.o)
                              c:/st/stm32cubeide_1.5.0/stm32cubeide/plugins/com.st.stm32cube.ide.mcu.externaltools.gnu-tools-for-stm32.9-2020-q2-update.win32_1.5.0.202011040924/tools/bin/../lib/gcc/arm-none-eabi/9.3.1/../../../../arm-none-eabi/lib/thumb/v7e-m+fp/hard/crt0.o (__libc_init_array)
c:/st/stm32cubeide_1.5.0/stm32cubeide/plugins/com.st.stm32cube.ide.mcu.externaltools.gnu-tools-for-stm32.9-2020-q2-update.win32_1.5.0.202011040924/tools/bin/../lib/gcc/arm-none-eabi/9.3.1/../../../../arm-none-eabi/lib/thumb/v7e-m+fp/hard\libc_nano.a(lib_a-memset.o)
                              c:/st/stm32cubeide_1.5.0/stm32cubeide/plugins/com.st.stm32cube.ide.mcu.externaltools.gnu-tools-for-stm32.9-2020-q2-update.win32_1.5.0.202011040924/tools/bin/../lib/gcc/arm-none-eabi/9.3.1/../../../../arm-none-eabi/lib/thumb/v7e-m+fp/hard/crt0.o (memset)
c:/st/stm32cubeide_1.5.0/stm32cubeide/plugins/com.st.stm32cube.ide.mcu.externaltools.gnu-tools-for-stm32.9-2020-q2-update.win32_1.5.0.202011040924/tools/bin/../lib/gcc/arm-none-eabi/9.3.1/../../../../arm-none-eabi/lib/thumb/v7e-m+fp/hard\libc_nano.a(lib_a-strlen.o)
                              Core/Src/main.o (strlen)
c:/st/stm32cubeide_1.5.0/stm32cubeide/plugins/com.st.stm32cube.ide.mcu.externaltools.gnu-tools-for-stm32.9-2020-q2-update.win32_1.5.0.202011040924/tools/bin/../lib/gcc/arm-none-eabi/9.3.1/../../../../arm-none-eabi/lib/thumb/v7e-m+fp/hard\libm.a(lib_a-s_sin.o)
                              Core/Src/main.o (sin)
c:/st/stm32cubeide_1.5.0/stm32cubeide/plugins/com.st.stm32cube.ide.mcu.externaltools.gnu-tools-for-stm32.9-2020-q2-update.win32_1.5.0.202011040924/tools/bin/../lib/gcc/arm-none-eabi/9.3.1/../../../../arm-none-eabi/lib/thumb/v7e-m+fp/hard\libm.a(lib_a-e_rem_pio2.o)
                              c:/st/stm32cubeide_1.5.0/stm32cubeide/plugins/com.st.stm32cube.ide.mcu.externaltools.gnu-tools-for-stm32.9-2020-q2-update.win32_1.5.0.202011040924/tools/bin/../lib/gcc/arm-none-eabi/9.3.1/../../../../arm-none-eabi/lib/thumb/v7e-m+fp/hard\libm.a(lib_a-s_sin.o) (__ieee754_rem_pio2)
c:/st/stm32cubeide_1.5.0/stm32cubeide/plugins/com.st.stm32cube.ide.mcu.externaltools.gnu-tools-for-stm32.9-2020-q2-update.win32_1.5.0.202011040924/tools/bin/../lib/gcc/arm-none-eabi/9.3.1/../../../../arm-none-eabi/lib/thumb/v7e-m+fp/hard\libm.a(lib_a-k_cos.o)
                              c:/st/stm32cubeide_1.5.0/stm32cubeide/plugins/com.st.stm32cube.ide.mcu.externaltools.gnu-tools-for-stm32.9-2020-q2-update.win32_1.5.0.202011040924/tools/bin/../lib/gcc/arm-none-eabi/9.3.1/../../../../arm-none-eabi/lib/thumb/v7e-m+fp/hard\libm.a(lib_a-s_sin.o) (__kernel_cos)
c:/st/stm32cubeide_1.5.0/stm32cubeide/plugins/com.st.stm32cube.ide.mcu.externaltools.gnu-tools-for-stm32.9-2020-q2-update.win32_1.5.0.202011040924/tools/bin/../lib/gcc/arm-none-eabi/9.3.1/../../../../arm-none-eabi/lib/thumb/v7e-m+fp/hard\libm.a(lib_a-k_rem_pio2.o)
                              c:/st/stm32cubeide_1.5.0/stm32cubeide/plugins/com.st.stm32cube.ide.mcu.externaltools.gnu-tools-for-stm32.9-2020-q2-update.win32_1.5.0.202011040924/tools/bin/../lib/gcc/arm-none-eabi/9.3.1/../../../../arm-none-eabi/lib/thumb/v7e-m+fp/hard\libm.a(lib_a-e_rem_pio2.o) (__kernel_rem_pio2)
[...]
Memory Configuration

Name             Origin             Length             Attributes
RAM              0x0000000020000000 0x0000000000050000 xrw
FLASH            0x0000000008000000 0x00000000000dfc00 xr
FLASH1           0x00000000080f0000 0x000000000000fc00 xr
FLASH2           0x00000000080ff37c 0x0000000000007800 xr
FLASH3           0x00000000081068ac 0x0000000000009000 xr
*default*        0x0000000000000000 0xffffffffffffffff

Linker script and memory map

LOAD c:/st/stm32cubeide_1.5.0/stm32cubeide/plugins/com.st.stm32cube.ide.mcu.externaltools.gnu-tools-for-stm32.9-2020-q2-update.win32_1.5.0.202011040924/tools/bin/../lib/gcc/arm-none-eabi/9.3.1/thumb/v7e-m+fp/hard/crti.o
LOAD c:/st/stm32cubeide_1.5.0/stm32cubeide/plugins/com.st.stm32cube.ide.mcu.externaltools.gnu-tools-for-stm32.9-2020-q2-update.win32_1.5.0.202011040924/tools/bin/../lib/gcc/arm-none-eabi/9.3.1/thumb/v7e-m+fp/hard/crtbegin.o
LOAD c:/st/stm32cubeide_1.5.0/stm32cubeide/plugins/com.st.stm32cube.ide.mcu.externaltools.gnu-tools-for-stm32.9-2020-q2-update.win32_1.5.0.202011040924/tools/bin/../lib/gcc/arm-none-eabi/9.3.1/../../../../arm-none-eabi/lib/thumb/v7e-m+fp/hard/crt0.o
LOAD Core/Src/main.o
LOAD Core/Src/sentryScan8bit.o
LOAD Core/Src/sentryShoot8bit.o
LOAD Core/Src/sentrySpotClient8bit.o
LOAD Core/Src/stm32f7xx_hal_msp.o
LOAD Core/Src/stm32f7xx_it.o
LOAD Core/Src/syscalls.o
LOAD Core/Src/sysmem.o
LOAD Core/Src/system_stm32f7xx.o
LOAD Core/Startup/startup_stm32f746zgtx.o
LOAD Drivers/STM32F7xx_HAL_Driver/Src/stm32f7xx_hal.o
LOAD Drivers/STM32F7xx_HAL_Driver/Src/stm32f7xx_hal_cortex.o
LOAD Drivers/STM32F7xx_HAL_Driver/Src/stm32f7xx_hal_dac.o
LOAD Drivers/STM32F7xx_HAL_Driver/Src/stm32f7xx_hal_dac_ex.o
LOAD Drivers/STM32F7xx_HAL_Driver/Src/stm32f7xx_hal_dma.o
LOAD Drivers/STM32F7xx_HAL_Driver/Src/stm32f7xx_hal_dma_ex.o
LOAD Drivers/STM32F7xx_HAL_Driver/Src/stm32f7xx_hal_exti.o
LOAD Drivers/STM32F7xx_HAL_Driver/Src/stm32f7xx_hal_flash.o
LOAD Drivers/STM32F7xx_HAL_Driver/Src/stm32f7xx_hal_flash_ex.o
LOAD Drivers/STM32F7xx_HAL_Driver/Src/stm32f7xx_hal_gpio.o
LOAD Drivers/STM32F7xx_HAL_Driver/Src/stm32f7xx_hal_i2c.o
LOAD Drivers/STM32F7xx_HAL_Driver/Src/stm32f7xx_hal_i2c_ex.o
LOAD Drivers/STM32F7xx_HAL_Driver/Src/stm32f7xx_hal_pcd.o
LOAD Drivers/STM32F7xx_HAL_Driver/Src/stm32f7xx_hal_pcd_ex.o
LOAD Drivers/STM32F7xx_HAL_Driver/Src/stm32f7xx_hal_pwr.o
LOAD Drivers/STM32F7xx_HAL_Driver/Src/stm32f7xx_hal_pwr_ex.o
LOAD Drivers/STM32F7xx_HAL_Driver/Src/stm32f7xx_hal_rcc.o
LOAD Drivers/STM32F7xx_HAL_Driver/Src/stm32f7xx_hal_rcc_ex.o
LOAD Drivers/STM32F7xx_HAL_Driver/Src/stm32f7xx_hal_tim.o
LOAD Drivers/STM32F7xx_HAL_Driver/Src/stm32f7xx_hal_tim_ex.o
LOAD Drivers/STM32F7xx_HAL_Driver/Src/stm32f7xx_hal_uart.o
LOAD Drivers/STM32F7xx_HAL_Driver/Src/stm32f7xx_hal_uart_ex.o
LOAD Drivers/STM32F7xx_HAL_Driver/Src/stm32f7xx_ll_usb.o
START GROUP
LOAD c:/st/stm32cubeide_1.5.0/stm32cubeide/plugins/com.st.stm32cube.ide.mcu.externaltools.gnu-tools-for-stm32.9-2020-q2-update.win32_1.5.0.202011040924/tools/bin/../lib/gcc/arm-none-eabi/9.3.1/../../../../arm-none-eabi/lib/thumb/v7e-m+fp/hard\libc_nano.a
LOAD c:/st/stm32cubeide_1.5.0/stm32cubeide/plugins/com.st.stm32cube.ide.mcu.externaltools.gnu-tools-for-stm32.9-2020-q2-update.win32_1.5.0.202011040924/tools/bin/../lib/gcc/arm-none-eabi/9.3.1/../../../../arm-none-eabi/lib/thumb/v7e-m+fp/hard\libm.a
END GROUP
START GROUP
LOAD c:/st/stm32cubeide_1.5.0/stm32cubeide/plugins/com.st.stm32cube.ide.mcu.externaltools.gnu-tools-for-stm32.9-2020-q2-update.win32_1.5.0.202011040924/tools/bin/../lib/gcc/arm-none-eabi/9.3.1/thumb/v7e-m+fp/hard\libgcc.a
LOAD c:/st/stm32cubeide_1.5.0/stm32cubeide/plugins/com.st.stm32cube.ide.mcu.externaltools.gnu-tools-for-stm32.9-2020-q2-update.win32_1.5.0.202011040924/tools/bin/../lib/gcc/arm-none-eabi/9.3.1/../../../../arm-none-eabi/lib/thumb/v7e-m+fp/hard\libc_nano.a
END GROUP
START GROUP
LOAD c:/st/stm32cubeide_1.5.0/stm32cubeide/plugins/com.st.stm32cube.ide.mcu.externaltools.gnu-tools-for-stm32.9-2020-q2-update.win32_1.5.0.202011040924/tools/bin/../lib/gcc/arm-none-eabi/9.3.1/thumb/v7e-m+fp/hard\libgcc.a
LOAD c:/st/stm32cubeide_1.5.0/stm32cubeide/plugins/com.st.stm32cube.ide.mcu.externaltools.gnu-tools-for-stm32.9-2020-q2-update.win32_1.5.0.202011040924/tools/bin/../lib/gcc/arm-none-eabi/9.3.1/../../../../arm-none-eabi/lib/thumb/v7e-m+fp/hard\libc_nano.a
LOAD c:/st/stm32cubeide_1.5.0/stm32cubeide/plugins/com.st.stm32cube.ide.mcu.externaltools.gnu-tools-for-stm32.9-2020-q2-update.win32_1.5.0.202011040924/tools/bin/../lib/gcc/arm-none-eabi/9.3.1/../../../../arm-none-eabi/lib/thumb/v7e-m+fp/hard\libnosys.a
END GROUP
START GROUP
LOAD c:/st/stm32cubeide_1.5.0/stm32cubeide/plugins/com.st.stm32cube.ide.mcu.externaltools.gnu-tools-for-stm32.9-2020-q2-update.win32_1.5.0.202011040924/tools/bin/../lib/gcc/arm-none-eabi/9.3.1/thumb/v7e-m+fp/hard\libgcc.a
LOAD c:/st/stm32cubeide_1.5.0/stm32cubeide/plugins/com.st.stm32cube.ide.mcu.externaltools.gnu-tools-for-stm32.9-2020-q2-update.win32_1.5.0.202011040924/tools/bin/../lib/gcc/arm-none-eabi/9.3.1/../../../../arm-none-eabi/lib/thumb/v7e-m+fp/hard\libc_nano.a
LOAD c:/st/stm32cubeide_1.5.0/stm32cubeide/plugins/com.st.stm32cube.ide.mcu.externaltools.gnu-tools-for-stm32.9-2020-q2-update.win32_1.5.0.202011040924/tools/bin/../lib/gcc/arm-none-eabi/9.3.1/../../../../arm-none-eabi/lib/thumb/v7e-m+fp/hard\libnosys.a
END GROUP
LOAD c:/st/stm32cubeide_1.5.0/stm32cubeide/plugins/com.st.stm32cube.ide.mcu.externaltools.gnu-tools-for-stm32.9-2020-q2-update.win32_1.5.0.202011040924/tools/bin/../lib/gcc/arm-none-eabi/9.3.1/thumb/v7e-m+fp/hard/crtend.o
LOAD c:/st/stm32cubeide_1.5.0/stm32cubeide/plugins/com.st.stm32cube.ide.mcu.externaltools.gnu-tools-for-stm32.9-2020-q2-update.win32_1.5.0.202011040924/tools/bin/../lib/gcc/arm-none-eabi/9.3.1/thumb/v7e-m+fp/hard/crtn.o
                0x0000000020050000                _estack = (ORIGIN (RAM) + LENGTH (RAM))
                0x0000000000000200                _Min_Heap_Size = 0x200
                0x0000000000000400                _Min_Stack_Size = 0x400

.isr_vector     0x0000000008000000      0x1c8
                0x0000000008000000                . = ALIGN (0x4)
 *(.isr_vector)
 .isr_vector    0x0000000008000000      0x1c8 Core/Startup/startup_stm32f746zgtx.o
                0x0000000008000000                g_pfnVectors
                0x00000000080001c8                . = ALIGN (0x4)

.text           0x00000000080001c8     0x7b3c
                0x00000000080001c8                . = ALIGN (0x4)
 *(.text)
 .text          0x00000000080001c8       0x40 c:/st/stm32cubeide_1.5.0/stm32cubeide/plugins/com.st.stm32cube.ide.mcu.externaltools.gnu-tools-for-stm32.9-2020-q2-update.win32_1.5.0.202011040924/tools/bin/../lib/gcc/arm-none-eabi/9.3.1/thumb/v7e-m+fp/hard/crtbegin.o
 .text          0x0000000008000208      0x378 c:/st/stm32cubeide_1.5.0/stm32cubeide/plugins/com.st.stm32cube.ide.mcu.externaltools.gnu-tools-for-stm32.9-2020-q2-update.win32_1.5.0.202011040924/tools/bin/../lib/gcc/arm-none-eabi/9.3.1/thumb/v7e-m+fp/hard\libgcc.a(_arm_addsubdf3.o)
                0x0000000008000208                __aeabi_drsub
                0x0000000008000210                __aeabi_dsub
                0x0000000008000210                __subdf3
                0x0000000008000214                __aeabi_dadd
                0x0000000008000214                __adddf3
                0x000000000800048c                __floatunsidf
                0x000000000800048c                __aeabi_ui2d
                0x00000000080004ac                __floatsidf
                0x00000000080004ac                __aeabi_i2d
                0x00000000080004d0                __aeabi_f2d
                0x00000000080004d0                __extendsfdf2
                0x0000000008000514                __floatundidf
                0x0000000008000514                __aeabi_ul2d
                0x0000000008000524                __floatdidf
                0x0000000008000524                __aeabi_l2d
 .text          0x0000000008000580      0x424 c:/st/stm32cubeide_1.5.0/stm32cubeide/plugins/com.st.stm32cube.ide.mcu.externaltools.gnu-tools-for-stm32.9-2020-q2-update.win32_1.5.0.202011040924/tools/bin/../lib/gcc/arm-none-eabi/9.3.1/thumb/v7e-m+fp/hard\libgcc.a(_arm_muldivdf3.o)
                0x0000000008000580                __aeabi_dmul
                0x0000000008000580                __muldf3
                0x00000000080007d4                __divdf3
                0x00000000080007d4                __aeabi_ddiv
 .text          0x00000000080009a4      0x110 c:/st/stm32cubeide_1.5.0/stm32cubeide/plugins/com.st.stm32cube.ide.mcu.externaltools.gnu-tools-for-stm32.9-2020-q2-update.win32_1.5.0.202011040924/tools/bin/../lib/gcc/arm-none-eabi/9.3.1/thumb/v7e-m+fp/hard\libgcc.a(_arm_cmpdf2.o)
                0x00000000080009a4                __gtdf2
                0x00000000080009a4                __gedf2
                0x00000000080009ac                __ltdf2
                0x00000000080009ac                __ledf2
                0x00000000080009b4                __nedf2
                0x00000000080009b4                __eqdf2
                0x00000000080009b4                __cmpdf2
                0x0000000008000a30                __aeabi_cdrcmple
                0x0000000008000a40                __aeabi_cdcmpeq
                0x0000000008000a40                __aeabi_cdcmple
                0x0000000008000a50                __aeabi_dcmpeq
                0x0000000008000a64                __aeabi_dcmplt
                0x0000000008000a78                __aeabi_dcmple
                0x0000000008000a8c                __aeabi_dcmpge
                0x0000000008000aa0                __aeabi_dcmpgt
 .text          0x0000000008000ab4       0x50 c:/st/stm32cubeide_1.5.0/stm32cubeide/plugins/com.st.stm32cube.ide.mcu.externaltools.gnu-tools-for-stm32.9-2020-q2-update.win32_1.5.0.202011040924/tools/bin/../lib/gcc/arm-none-eabi/9.3.1/thumb/v7e-m+fp/hard\libgcc.a(_arm_fixdfsi.o)
                0x0000000008000ab4                __aeabi_d2iz
                0x0000000008000ab4                __fixdfsi
 .text          0x0000000008000b04       0x40 c:/st/stm32cubeide_1.5.0/stm32cubeide/plugins/com.st.stm32cube.ide.mcu.externaltools.gnu-tools-for-stm32.9-2020-q2-update.win32_1.5.0.202011040924/tools/bin/../lib/gcc/arm-none-eabi/9.3.1/thumb/v7e-m+fp/hard\libgcc.a(_arm_fixunsdfsi.o)
                0x0000000008000b04                __aeabi_d2uiz
                0x0000000008000b04                __fixunsdfsi
 .text          0x0000000008000b44       0x30 c:/st/stm32cubeide_1.5.0/stm32cubeide/plugins/com.st.stm32cube.ide.mcu.externaltools.gnu-tools-for-stm32.9-2020-q2-update.win32_1.5.0.202011040924/tools/bin/../lib/gcc/arm-none-eabi/9.3.1/thumb/v7e-m+fp/hard\libgcc.a(_aeabi_uldivmod.o)
                0x0000000008000b44                __aeabi_uldivmod
 .text          0x0000000008000b74      0x2c4 c:/st/stm32cubeide_1.5.0/stm32cubeide/plugins/com.st.stm32cube.ide.mcu.externaltools.gnu-tools-for-stm32.9-2020-q2-update.win32_1.5.0.202011040924/tools/bin/../lib/gcc/arm-none-eabi/9.3.1/thumb/v7e-m+fp/hard\libgcc.a(_udivmoddi4.o)
                0x0000000008000b74                __udivmoddi4
 .text          0x0000000008000e38        0x4 c:/st/stm32cubeide_1.5.0/stm32cubeide/plugins/com.st.stm32cube.ide.mcu.externaltools.gnu-tools-for-stm32.9-2020-q2-update.win32_1.5.0.202011040924/tools/bin/../lib/gcc/arm-none-eabi/9.3.1/thumb/v7e-m+fp/hard\libgcc.a(_dvmd_tls.o)
                0x0000000008000e38                __aeabi_idiv0
                0x0000000008000e38                __aeabi_ldiv0
 *(.text*)
 .text.delay_us
                0x0000000008000e3c       0x34 Core/Src/main.o
 .text.HAL_TIM_IC_CaptureCallback
                0x0000000008000e70      0x12c Core/Src/main.o
                0x0000000008000e70                HAL_TIM_IC_CaptureCallback
 *fill*         0x0000000008000f9c        0x4 
 .text.calcObjDist
                0x0000000008000fa0       0xe4 Core/Src/main.o
 .text.sentrySapped
                0x0000000008001084       0x1c Core/Src/main.o
 .text.getSineVal
                0x00000000080010a0       0xc0 Core/Src/main.o
 .text.stepper_set_rpm
                0x0000000008001160       0x34 Core/Src/main.o
                0x0000000008001160                stepper_set_rpm
 .text.step     0x0000000008001194       0x2c Core/Src/main.o
 .text.stepper_step_angle
                0x00000000080011c0       0x90 Core/Src/main.o
 .text.HAL_GPIO_EXTI_Callback
                0x0000000008001250       0x70 Core/Src/main.o
                0x0000000008001250                HAL_GPIO_EXTI_Callback
 .text.UART3_TransferChar
                0x00000000080012c0       0x48 Core/Src/main.o
                0x00000000080012c0                UART3_TransferChar
 .text.main     0x0000000008001308       0xa0 Core/Src/main.o
                0x0000000008001308                main
 .text.SystemClock_Config
                0x00000000080013a8      0x130 Core/Src/main.o
                0x00000000080013a8                SystemClock_Config
 .text.MX_DAC_Init
                0x00000000080014d8       0x54 Core/Src/main.o
 .text.MX_TIM1_Init
                0x000000000800152c      0x17c Core/Src/main.o
 .text.MX_TIM3_Init
                0x00000000080016a8       0x9c Core/Src/main.o
 .text.MX_TIM6_Init
                0x0000000008001744       0x6c Core/Src/main.o
 .text.MX_TIM8_Init
                0x00000000080017b0      0x140 Core/Src/main.o
 .text.MX_USART3_UART_Init
                0x00000000080018f0       0x60 Core/Src/main.o
 .text.MX_USB_OTG_FS_PCD_Init
                0x0000000008001950       0x5c Core/Src/main.o
 .text.MX_DMA_Init
                0x00000000080019ac       0x3c Core/Src/main.o
 .text.MX_GPIO_Init
                0x00000000080019e8      0x2a0 Core/Src/main.o
 .text.Error_Handler
                0x0000000008001c88        0xa Core/Src/main.o
                0x0000000008001c88                Error_Handler
 *fill*         0x0000000008001c92        0x2 
 .text.HAL_MspInit
                0x0000000008001c94       0x48 Core/Src/stm32f7xx_hal_msp.o
                0x0000000008001c94                HAL_MspInit
 .text.HAL_DAC_MspInit
                0x0000000008001cdc       0xfc Core/Src/stm32f7xx_hal_msp.o
                0x0000000008001cdc                HAL_DAC_MspInit
 .text.HAL_TIM_Base_MspInit
                0x0000000008001dd8      0x15c Core/Src/stm32f7xx_hal_msp.o
                0x0000000008001dd8                HAL_TIM_Base_MspInit
 .text.HAL_UART_MspInit
                0x0000000008001f34       0x98 Core/Src/stm32f7xx_hal_msp.o
                0x0000000008001f34                HAL_UART_MspInit
 .text.HAL_PCD_MspInit
                0x0000000008001fcc       0x9c Core/Src/stm32f7xx_hal_msp.o
                0x0000000008001fcc                HAL_PCD_MspInit
 .text.NMI_Handler
                0x0000000008002068        0x6 Core/Src/stm32f7xx_it.o
                0x0000000008002068                NMI_Handler
 .text.HardFault_Handler
                0x000000000800206e        0x6 Core/Src/stm32f7xx_it.o
                0x000000000800206e                HardFault_Handler
 .text.MemManage_Handler
                0x0000000008002074        0x6 Core/Src/stm32f7xx_it.o
                0x0000000008002074                MemManage_Handler
 .text.BusFault_Handler
                0x000000000800207a        0x6 Core/Src/stm32f7xx_it.o
                0x000000000800207a                BusFault_Handler
 .text.UsageFault_Handler
                0x0000000008002080        0x6 Core/Src/stm32f7xx_it.o
                0x0000000008002080                UsageFault_Handler
 .text.SVC_Handler
                0x0000000008002086        0xe Core/Src/stm32f7xx_it.o
                0x0000000008002086                SVC_Handler
 .text.DebugMon_Handler
                0x0000000008002094        0xe Core/Src/stm32f7xx_it.o
                0x0000000008002094                DebugMon_Handler
 .text.PendSV_Handler
                0x00000000080020a2        0xe Core/Src/stm32f7xx_it.o
                0x00000000080020a2                PendSV_Handler
 .text.SysTick_Handler
                0x00000000080020b0        0xc Core/Src/stm32f7xx_it.o
                0x00000000080020b0                SysTick_Handler
 .text.EXTI3_IRQHandler
                0x00000000080020bc        0xe Core/Src/stm32f7xx_it.o
                0x00000000080020bc                EXTI3_IRQHandler
 *fill*         0x00000000080020ca        0x2 
 .text.DMA1_Stream5_IRQHandler
                0x00000000080020cc       0x14 Core/Src/stm32f7xx_it.o
                0x00000000080020cc                DMA1_Stream5_IRQHandler
 .text.TIM1_CC_IRQHandler
                0x00000000080020e0       0x14 Core/Src/stm32f7xx_it.o
                0x00000000080020e0                TIM1_CC_IRQHandler
 .text.USART3_IRQHandler
                0x00000000080020f4       0x88 Core/Src/stm32f7xx_it.o
                0x00000000080020f4                USART3_IRQHandler
 .text.EXTI15_10_IRQHandler
                0x000000000800217c       0x20 Core/Src/stm32f7xx_it.o
                0x000000000800217c                EXTI15_10_IRQHandler
 .text.TIM6_DAC_IRQHandler
                0x000000000800219c       0x1c Core/Src/stm32f7xx_it.o
                0x000000000800219c                TIM6_DAC_IRQHandler
 .text.SystemInit
                0x00000000080021b8       0x24 Core/Src/system_stm32f7xx.o
                0x00000000080021b8                SystemInit
 .text.Reset_Handler
                0x00000000080021dc       0x50 Core/Startup/startup_stm32f746zgtx.o
                0x00000000080021dc                Reset_Handler
 .text.Default_Handler
                0x000000000800222c        0x2 Core/Startup/startup_stm32f746zgtx.o
                0x000000000800222c                RTC_Alarm_IRQHandler
                0x000000000800222c                EXTI2_IRQHandler
                0x000000000800222c                TIM8_CC_IRQHandler
                0x000000000800222c                UART8_IRQHandler
                0x000000000800222c                SPI4_IRQHandler
                0x000000000800222c                DMA2_Stream5_IRQHandler
                0x000000000800222c                PVD_IRQHandler
                0x000000000800222c                TAMP_STAMP_IRQHandler
                0x000000000800222c                CAN2_RX1_IRQHandler
                0x000000000800222c                TIM8_TRG_COM_TIM14_IRQHandler
                0x000000000800222c                TIM1_UP_TIM10_IRQHandler
                0x000000000800222c                TIM8_UP_TIM13_IRQHandler
                0x000000000800222c                I2C3_ER_IRQHandler
                0x000000000800222c                EXTI0_IRQHandler
                0x000000000800222c                I2C2_EV_IRQHandler
                0x000000000800222c                DMA1_Stream2_IRQHandler
                0x000000000800222c                CAN1_RX0_IRQHandler
                0x000000000800222c                FPU_IRQHandler
                0x000000000800222c                OTG_HS_WKUP_IRQHandler
                0x000000000800222c                LTDC_ER_IRQHandler
                0x000000000800222c                CAN2_SCE_IRQHandler
                0x000000000800222c                DMA2_Stream2_IRQHandler
                0x000000000800222c                SPI1_IRQHandler
                0x000000000800222c                TIM1_BRK_TIM9_IRQHandler
                0x000000000800222c                DCMI_IRQHandler
                0x000000000800222c                CAN2_RX0_IRQHandler
                0x000000000800222c                DMA2_Stream3_IRQHandler
                0x000000000800222c                SAI2_IRQHandler
                0x000000000800222c                USART6_IRQHandler
                0x000000000800222c                CAN1_RX1_IRQHandler
                0x000000000800222c                UART5_IRQHandler
                0x000000000800222c                DMA2_Stream0_IRQHandler
                0x000000000800222c                TIM4_IRQHandler
                0x000000000800222c                QUADSPI_IRQHandler
                0x000000000800222c                I2C1_EV_IRQHandler
                0x000000000800222c                DMA1_Stream6_IRQHandler
                0x000000000800222c                DMA1_Stream1_IRQHandler
                0x000000000800222c                UART4_IRQHandler
                0x000000000800222c                TIM3_IRQHandler
                0x000000000800222c                RCC_IRQHandler
                0x000000000800222c                TIM8_BRK_TIM12_IRQHandler
                0x000000000800222c                Default_Handler
                0x000000000800222c                CEC_IRQHandler
                0x000000000800222c                ADC_IRQHandler
                0x000000000800222c                DMA1_Stream7_IRQHandler
                0x000000000800222c                SPI5_IRQHandler
                0x000000000800222c                TIM7_IRQHandler
                0x000000000800222c                SDMMC1_IRQHandler
                0x000000000800222c                CAN2_TX_IRQHandler
                0x000000000800222c                TIM5_IRQHandler
                0x000000000800222c                DMA2_Stream7_IRQHandler
                0x000000000800222c                I2C3_EV_IRQHandler
                0x000000000800222c                EXTI9_5_IRQHandler
                0x000000000800222c                RTC_WKUP_IRQHandler
                0x000000000800222c                LTDC_IRQHandler
                0x000000000800222c                ETH_WKUP_IRQHandler
                0x000000000800222c                SPDIF_RX_IRQHandler
                0x000000000800222c                SPI2_IRQHandler
                0x000000000800222c                OTG_HS_EP1_IN_IRQHandler
                0x000000000800222c                DMA1_Stream0_IRQHandler
                0x000000000800222c                CAN1_TX_IRQHandler
                0x000000000800222c                EXTI4_IRQHandler
                0x000000000800222c                RNG_IRQHandler
                0x000000000800222c                ETH_IRQHandler
                0x000000000800222c                OTG_HS_EP1_OUT_IRQHandler
                0x000000000800222c                WWDG_IRQHandler
                0x000000000800222c                SPI6_IRQHandler
                0x000000000800222c                I2C4_EV_IRQHandler
                0x000000000800222c                TIM2_IRQHandler
                0x000000000800222c                OTG_FS_WKUP_IRQHandler
                0x000000000800222c                TIM1_TRG_COM_TIM11_IRQHandler
                0x000000000800222c                OTG_HS_IRQHandler
                0x000000000800222c                DMA2D_IRQHandler
                0x000000000800222c                EXTI1_IRQHandler
                0x000000000800222c                UART7_IRQHandler
                0x000000000800222c                USART2_IRQHandler
                0x000000000800222c                I2C2_ER_IRQHandler
                0x000000000800222c                DMA2_Stream1_IRQHandler
                0x000000000800222c                CAN1_SCE_IRQHandler
                0x000000000800222c                FLASH_IRQHandler
                0x000000000800222c                DMA2_Stream4_IRQHandler
                0x000000000800222c                USART1_IRQHandler
                0x000000000800222c                OTG_FS_IRQHandler
                0x000000000800222c                SPI3_IRQHandler
                0x000000000800222c                DMA1_Stream4_IRQHandler
                0x000000000800222c                I2C1_ER_IRQHandler
                0x000000000800222c                FMC_IRQHandler
                0x000000000800222c                LPTIM1_IRQHandler
                0x000000000800222c                I2C4_ER_IRQHandler
                0x000000000800222c                DMA2_Stream6_IRQHandler
                0x000000000800222c                SAI1_IRQHandler
                0x000000000800222c                DMA1_Stream3_IRQHandler
 .text.HAL_Init
                0x000000000800222e       0x1a Drivers/STM32F7xx_HAL_Driver/Src/stm32f7xx_hal.o
                0x000000000800222e                HAL_Init
 .text.HAL_InitTick
                0x0000000008002248       0x60 Drivers/STM32F7xx_HAL_Driver/Src/stm32f7xx_hal.o
                0x0000000008002248                HAL_InitTick
 .text.HAL_IncTick
                0x00000000080022a8       0x28 Drivers/STM32F7xx_HAL_Driver/Src/stm32f7xx_hal.o
                0x00000000080022a8                HAL_IncTick
 .text.HAL_GetTick
                0x00000000080022d0       0x18 Drivers/STM32F7xx_HAL_Driver/Src/stm32f7xx_hal.o
                0x00000000080022d0                HAL_GetTick
 .text.HAL_Delay
                0x00000000080022e8       0x48 Drivers/STM32F7xx_HAL_Driver/Src/stm32f7xx_hal.o
                0x00000000080022e8                HAL_Delay
 .text.__NVIC_SetPriorityGrouping
                0x0000000008002330       0x48 Drivers/STM32F7xx_HAL_Driver/Src/stm32f7xx_hal_cortex.o
 .text.__NVIC_GetPriorityGrouping
                0x0000000008002378       0x1c Drivers/STM32F7xx_HAL_Driver/Src/stm32f7xx_hal_cortex.o
 .text.__NVIC_EnableIRQ
                0x0000000008002394       0x3c Drivers/STM32F7xx_HAL_Driver/Src/stm32f7xx_hal_cortex.o
 .text.__NVIC_SetPriority
                0x00000000080023d0       0x54 Drivers/STM32F7xx_HAL_Driver/Src/stm32f7xx_hal_cortex.o
 .text.NVIC_EncodePriority
                0x0000000008002424       0x66 Drivers/STM32F7xx_HAL_Driver/Src/stm32f7xx_hal_cortex.o
 *fill*         0x000000000800248a        0x2 
 .text.SysTick_Config
                0x000000000800248c       0x44 Drivers/STM32F7xx_HAL_Driver/Src/stm32f7xx_hal_cortex.o
 .text.HAL_NVIC_SetPriorityGrouping
                0x00000000080024d0       0x16 Drivers/STM32F7xx_HAL_Driver/Src/stm32f7xx_hal_cortex.o
                0x00000000080024d0                HAL_NVIC_SetPriorityGrouping
 .text.HAL_NVIC_SetPriority
                0x00000000080024e6       0x38 Drivers/STM32F7xx_HAL_Driver/Src/stm32f7xx_hal_cortex.o
                0x00000000080024e6                HAL_NVIC_SetPriority
 .text.HAL_NVIC_EnableIRQ
                0x000000000800251e       0x1c Drivers/STM32F7xx_HAL_Driver/Src/stm32f7xx_hal_cortex.o
                0x000000000800251e                HAL_NVIC_EnableIRQ
 .text.HAL_SYSTICK_Config
                0x000000000800253a       0x18 Drivers/STM32F7xx_HAL_Driver/Src/stm32f7xx_hal_cortex.o
                0x000000000800253a                HAL_SYSTICK_Config
 .text.HAL_DAC_Init
                0x0000000008002552       0x44 Drivers/STM32F7xx_HAL_Driver/Src/stm32f7xx_hal_dac.o
                0x0000000008002552                HAL_DAC_Init
 .text.HAL_DAC_Start
                0x0000000008002596       0xa4 Drivers/STM32F7xx_HAL_Driver/Src/stm32f7xx_hal_dac.o
                0x0000000008002596                HAL_DAC_Start
 .text.HAL_DAC_IRQHandler
                0x000000000800263a       0xb4 Drivers/STM32F7xx_HAL_Driver/Src/stm32f7xx_hal_dac.o
                0x000000000800263a                HAL_DAC_IRQHandler
 .text.HAL_DAC_DMAUnderrunCallbackCh1
                0x00000000080026ee       0x14 Drivers/STM32F7xx_HAL_Driver/Src/stm32f7xx_hal_dac.o
                0x00000000080026ee                HAL_DAC_DMAUnderrunCallbackCh1
 .text.HAL_DAC_ConfigChannel
                0x0000000008002702       0x9e Drivers/STM32F7xx_HAL_Driver/Src/stm32f7xx_hal_dac.o
                0x0000000008002702                HAL_DAC_ConfigChannel
 .text.HAL_DACEx_DMAUnderrunCallbackCh2
                0x00000000080027a0       0x14 Drivers/STM32F7xx_HAL_Driver/Src/stm32f7xx_hal_dac_ex.o
                0x00000000080027a0                HAL_DACEx_DMAUnderrunCallbackCh2
 .text.HAL_DMA_Init
                0x00000000080027b4      0x15c Drivers/STM32F7xx_HAL_Driver/Src/stm32f7xx_hal_dma.o
                0x00000000080027b4                HAL_DMA_Init
 .text.HAL_DMA_Abort
                0x0000000008002910       0xe0 Drivers/STM32F7xx_HAL_Driver/Src/stm32f7xx_hal_dma.o
                0x0000000008002910                HAL_DMA_Abort
 .text.HAL_DMA_Abort_IT
                0x00000000080029f0       0x44 Drivers/STM32F7xx_HAL_Driver/Src/stm32f7xx_hal_dma.o
                0x00000000080029f0                HAL_DMA_Abort_IT
 .text.HAL_DMA_IRQHandler
                0x0000000008002a34      0x314 Drivers/STM32F7xx_HAL_Driver/Src/stm32f7xx_hal_dma.o
                0x0000000008002a34                HAL_DMA_IRQHandler
 .text.DMA_CalcBaseAndBitshift
                0x0000000008002d48       0x6c Drivers/STM32F7xx_HAL_Driver/Src/stm32f7xx_hal_dma.o
 .text.DMA_CheckFifoParam
                0x0000000008002db4       0xf8 Drivers/STM32F7xx_HAL_Driver/Src/stm32f7xx_hal_dma.o
 .text.HAL_GPIO_Init
                0x0000000008002eac      0x358 Drivers/STM32F7xx_HAL_Driver/Src/stm32f7xx_hal_gpio.o
                0x0000000008002eac                HAL_GPIO_Init
 .text.HAL_GPIO_ReadPin
                0x0000000008003204       0x30 Drivers/STM32F7xx_HAL_Driver/Src/stm32f7xx_hal_gpio.o
                0x0000000008003204                HAL_GPIO_ReadPin
 .text.HAL_GPIO_WritePin
                0x0000000008003234       0x32 Drivers/STM32F7xx_HAL_Driver/Src/stm32f7xx_hal_gpio.o
                0x0000000008003234                HAL_GPIO_WritePin
 *fill*         0x0000000008003266        0x2 
 .text.HAL_GPIO_EXTI_IRQHandler
                0x0000000008003268       0x30 Drivers/STM32F7xx_HAL_Driver/Src/stm32f7xx_hal_gpio.o
                0x0000000008003268                HAL_GPIO_EXTI_IRQHandler
 .text.HAL_PCD_Init
                0x0000000008003298      0x248 Drivers/STM32F7xx_HAL_Driver/Src/stm32f7xx_hal_pcd.o
                0x0000000008003298                HAL_PCD_Init
 .text.HAL_PCDEx_ActivateLPM
                0x00000000080034e0       0x48 Drivers/STM32F7xx_HAL_Driver/Src/stm32f7xx_hal_pcd_ex.o
                0x00000000080034e0                HAL_PCDEx_ActivateLPM
 .text.HAL_RCC_OscConfig
                0x0000000008003528      0x548 Drivers/STM32F7xx_HAL_Driver/Src/stm32f7xx_hal_rcc.o
                0x0000000008003528                HAL_RCC_OscConfig
 .text.HAL_RCC_ClockConfig
                0x0000000008003a70      0x1d8 Drivers/STM32F7xx_HAL_Driver/Src/stm32f7xx_hal_rcc.o
                0x0000000008003a70                HAL_RCC_ClockConfig
 .text.HAL_RCC_MCOConfig
                0x0000000008003c48       0xc8 Drivers/STM32F7xx_HAL_Driver/Src/stm32f7xx_hal_rcc.o
                0x0000000008003c48                HAL_RCC_MCOConfig
 .text.HAL_RCC_GetSysClockFreq
                0x0000000008003d10      0x1c0 Drivers/STM32F7xx_HAL_Driver/Src/stm32f7xx_hal_rcc.o
                0x0000000008003d10                HAL_RCC_GetSysClockFreq
 .text.HAL_RCC_GetHCLKFreq
                0x0000000008003ed0       0x18 Drivers/STM32F7xx_HAL_Driver/Src/stm32f7xx_hal_rcc.o
                0x0000000008003ed0                HAL_RCC_GetHCLKFreq
 .text.HAL_RCC_GetPCLK1Freq
                0x0000000008003ee8       0x28 Drivers/STM32F7xx_HAL_Driver/Src/stm32f7xx_hal_rcc.o
                0x0000000008003ee8                HAL_RCC_GetPCLK1Freq
 .text.HAL_RCC_GetPCLK2Freq
                0x0000000008003f10       0x28 Drivers/STM32F7xx_HAL_Driver/Src/stm32f7xx_hal_rcc.o
                0x0000000008003f10                HAL_RCC_GetPCLK2Freq
 .text.HAL_RCCEx_PeriphCLKConfig
                0x0000000008003f38      0x7e0 Drivers/STM32F7xx_HAL_Driver/Src/stm32f7xx_hal_rcc_ex.o
                0x0000000008003f38                HAL_RCCEx_PeriphCLKConfig
 .text.HAL_TIM_Base_Init
                0x0000000008004718       0xae Drivers/STM32F7xx_HAL_Driver/Src/stm32f7xx_hal_tim.o
                0x0000000008004718                HAL_TIM_Base_Init
 *fill*         0x00000000080047c6        0x2 
 .text.HAL_TIM_Base_Start
                0x00000000080047c8       0xe0 Drivers/STM32F7xx_HAL_Driver/Src/stm32f7xx_hal_tim.o
                0x00000000080047c8                HAL_TIM_Base_Start
 .text.HAL_TIM_IC_Init
                0x00000000080048a8       0xae Drivers/STM32F7xx_HAL_Driver/Src/stm32f7xx_hal_tim.o
                0x00000000080048a8                HAL_TIM_IC_Init
 .text.HAL_TIM_IC_MspInit
                0x0000000008004956       0x14 Drivers/STM32F7xx_HAL_Driver/Src/stm32f7xx_hal_tim.o
                0x0000000008004956                HAL_TIM_IC_MspInit
 *fill*         0x000000000800496a        0x2 
 .text.HAL_TIM_IC_Start_IT
                0x000000000800496c      0x294 Drivers/STM32F7xx_HAL_Driver/Src/stm32f7xx_hal_tim.o
                0x000000000800496c                HAL_TIM_IC_Start_IT
 .text.HAL_TIM_IRQHandler
                0x0000000008004c00      0x23e Drivers/STM32F7xx_HAL_Driver/Src/stm32f7xx_hal_tim.o
                0x0000000008004c00                HAL_TIM_IRQHandler
 .text.HAL_TIM_IC_ConfigChannel
                0x0000000008004e3e      0x128 Drivers/STM32F7xx_HAL_Driver/Src/stm32f7xx_hal_tim.o
                0x0000000008004e3e                HAL_TIM_IC_ConfigChannel
 *fill*         0x0000000008004f66        0x2 
 .text.HAL_TIM_ConfigClockSource
                0x0000000008004f68      0x18c Drivers/STM32F7xx_HAL_Driver/Src/stm32f7xx_hal_tim.o
                0x0000000008004f68                HAL_TIM_ConfigClockSource
 .text.HAL_TIM_SlaveConfigSynchro
                0x00000000080050f4       0x84 Drivers/STM32F7xx_HAL_Driver/Src/stm32f7xx_hal_tim.o
                0x00000000080050f4                HAL_TIM_SlaveConfigSynchro
 .text.HAL_TIM_ReadCapturedValue
                0x0000000008005178       0x88 Drivers/STM32F7xx_HAL_Driver/Src/stm32f7xx_hal_tim.o
                0x0000000008005178                HAL_TIM_ReadCapturedValue
 .text.HAL_TIM_PeriodElapsedCallback
                0x0000000008005200       0x14 Drivers/STM32F7xx_HAL_Driver/Src/stm32f7xx_hal_tim.o
                0x0000000008005200                HAL_TIM_PeriodElapsedCallback
 .text.HAL_TIM_OC_DelayElapsedCallback
                0x0000000008005214       0x14 Drivers/STM32F7xx_HAL_Driver/Src/stm32f7xx_hal_tim.o
                0x0000000008005214                HAL_TIM_OC_DelayElapsedCallback
 .text.HAL_TIM_PWM_PulseFinishedCallback
                0x0000000008005228       0x14 Drivers/STM32F7xx_HAL_Driver/Src/stm32f7xx_hal_tim.o
                0x0000000008005228                HAL_TIM_PWM_PulseFinishedCallback
 .text.HAL_TIM_TriggerCallback
                0x000000000800523c       0x14 Drivers/STM32F7xx_HAL_Driver/Src/stm32f7xx_hal_tim.o
                0x000000000800523c                HAL_TIM_TriggerCallback
 .text.TIM_Base_SetConfig
                0x0000000008005250      0x140 Drivers/STM32F7xx_HAL_Driver/Src/stm32f7xx_hal_tim.o
                0x0000000008005250                TIM_Base_SetConfig
 .text.TIM_SlaveTimer_SetConfig
                0x0000000008005390      0x120 Drivers/STM32F7xx_HAL_Driver/Src/stm32f7xx_hal_tim.o
 .text.TIM_TI1_SetConfig
                0x00000000080054b0       0xe8 Drivers/STM32F7xx_HAL_Driver/Src/stm32f7xx_hal_tim.o
                0x00000000080054b0                TIM_TI1_SetConfig
 .text.TIM_TI1_ConfigInputStage
                0x0000000008005598       0x5e Drivers/STM32F7xx_HAL_Driver/Src/stm32f7xx_hal_tim.o
 .text.TIM_TI2_SetConfig
                0x00000000080055f6       0x7a Drivers/STM32F7xx_HAL_Driver/Src/stm32f7xx_hal_tim.o
 .text.TIM_TI2_ConfigInputStage
                0x0000000008005670       0x60 Drivers/STM32F7xx_HAL_Driver/Src/stm32f7xx_hal_tim.o
 .text.TIM_TI3_SetConfig
                0x00000000080056d0       0x78 Drivers/STM32F7xx_HAL_Driver/Src/stm32f7xx_hal_tim.o
 .text.TIM_TI4_SetConfig
                0x0000000008005748       0x7a Drivers/STM32F7xx_HAL_Driver/Src/stm32f7xx_hal_tim.o
 .text.TIM_ITRx_SetConfig
                0x00000000080057c2       0x36 Drivers/STM32F7xx_HAL_Driver/Src/stm32f7xx_hal_tim.o
 .text.TIM_ETR_SetConfig
                0x00000000080057f8       0x40 Drivers/STM32F7xx_HAL_Driver/Src/stm32f7xx_hal_tim.o
                0x00000000080057f8                TIM_ETR_SetConfig
 .text.TIM_CCxChannelCmd
                0x0000000008005838       0x4a Drivers/STM32F7xx_HAL_Driver/Src/stm32f7xx_hal_tim.o
                0x0000000008005838                TIM_CCxChannelCmd
 *fill*         0x0000000008005882        0x2 
 .text.HAL_TIMEx_MasterConfigSynchronization
                0x0000000008005884      0x11c Drivers/STM32F7xx_HAL_Driver/Src/stm32f7xx_hal_tim_ex.o
                0x0000000008005884                HAL_TIMEx_MasterConfigSynchronization
 .text.HAL_TIMEx_CommutCallback
                0x00000000080059a0       0x14 Drivers/STM32F7xx_HAL_Driver/Src/stm32f7xx_hal_tim_ex.o
                0x00000000080059a0                HAL_TIMEx_CommutCallback
 .text.HAL_TIMEx_BreakCallback
                0x00000000080059b4       0x14 Drivers/STM32F7xx_HAL_Driver/Src/stm32f7xx_hal_tim_ex.o
                0x00000000080059b4                HAL_TIMEx_BreakCallback
 .text.HAL_TIMEx_Break2Callback
                0x00000000080059c8       0x14 Drivers/STM32F7xx_HAL_Driver/Src/stm32f7xx_hal_tim_ex.o
                0x00000000080059c8                HAL_TIMEx_Break2Callback
 .text.HAL_UART_Init
                0x00000000080059dc       0x9c Drivers/STM32F7xx_HAL_Driver/Src/stm32f7xx_hal_uart.o
                0x00000000080059dc                HAL_UART_Init
 .text.HAL_UART_IRQHandler
                0x0000000008005a78      0x3d8 Drivers/STM32F7xx_HAL_Driver/Src/stm32f7xx_hal_uart.o
                0x0000000008005a78                HAL_UART_IRQHandler
 .text.HAL_UART_TxCpltCallback
                0x0000000008005e50       0x14 Drivers/STM32F7xx_HAL_Driver/Src/stm32f7xx_hal_uart.o
                0x0000000008005e50                HAL_UART_TxCpltCallback
 .text.HAL_UART_ErrorCallback
                0x0000000008005e64       0x14 Drivers/STM32F7xx_HAL_Driver/Src/stm32f7xx_hal_uart.o
                0x0000000008005e64                HAL_UART_ErrorCallback
 .text.HAL_UARTEx_RxEventCallback
                0x0000000008005e78       0x18 Drivers/STM32F7xx_HAL_Driver/Src/stm32f7xx_hal_uart.o
                0x0000000008005e78                HAL_UARTEx_RxEventCallback
 .text.UART_SetConfig
                0x0000000008005e90      0x4c4 Drivers/STM32F7xx_HAL_Driver/Src/stm32f7xx_hal_uart.o
                0x0000000008005e90                UART_SetConfig
 .text.UART_AdvFeatureConfig
                0x0000000008006354      0x144 Drivers/STM32F7xx_HAL_Driver/Src/stm32f7xx_hal_uart.o
                0x0000000008006354                UART_AdvFeatureConfig
 .text.UART_CheckIdleState
                0x0000000008006498       0x66 Drivers/STM32F7xx_HAL_Driver/Src/stm32f7xx_hal_uart.o
                0x0000000008006498                UART_CheckIdleState
 .text.UART_WaitOnFlagUntilTimeout
                0x00000000080064fe       0xf8 Drivers/STM32F7xx_HAL_Driver/Src/stm32f7xx_hal_uart.o
                0x00000000080064fe                UART_WaitOnFlagUntilTimeout
 .text.UART_EndRxTransfer
                0x00000000080065f6       0x5e Drivers/STM32F7xx_HAL_Driver/Src/stm32f7xx_hal_uart.o
 .text.UART_DMAAbortOnError
                0x0000000008006654       0x2c Drivers/STM32F7xx_HAL_Driver/Src/stm32f7xx_hal_uart.o
 .text.UART_EndTransmit_IT
                0x0000000008006680       0x32 Drivers/STM32F7xx_HAL_Driver/Src/stm32f7xx_hal_uart.o
 *fill*         0x00000000080066b2        0x2 
 .text.USB_CoreInit
                0x00000000080066b4       0xb0 Drivers/STM32F7xx_HAL_Driver/Src/stm32f7xx_ll_usb.o
                0x00000000080066b4                USB_CoreInit
 .text.USB_DisableGlobalInt
                0x0000000008006764       0x22 Drivers/STM32F7xx_HAL_Driver/Src/stm32f7xx_ll_usb.o
                0x0000000008006764                USB_DisableGlobalInt
 .text.USB_SetCurrentMode
                0x0000000008006786       0x54 Drivers/STM32F7xx_HAL_Driver/Src/stm32f7xx_ll_usb.o
                0x0000000008006786                USB_SetCurrentMode
 *fill*         0x00000000080067da        0x2 
 .text.USB_DevInit
                0x00000000080067dc      0x2dc Drivers/STM32F7xx_HAL_Driver/Src/stm32f7xx_ll_usb.o
                0x00000000080067dc                USB_DevInit
 .text.USB_FlushTxFifo
                0x0000000008006ab8       0x4c Drivers/STM32F7xx_HAL_Driver/Src/stm32f7xx_ll_usb.o
                0x0000000008006ab8                USB_FlushTxFifo
 .text.USB_FlushRxFifo
                0x0000000008006b04       0x44 Drivers/STM32F7xx_HAL_Driver/Src/stm32f7xx_ll_usb.o
                0x0000000008006b04                USB_FlushRxFifo
 .text.USB_SetDevSpeed
                0x0000000008006b48       0x32 Drivers/STM32F7xx_HAL_Driver/Src/stm32f7xx_ll_usb.o
                0x0000000008006b48                USB_SetDevSpeed
 .text.USB_DevDisconnect
                0x0000000008006b7a       0x42 Drivers/STM32F7xx_HAL_Driver/Src/stm32f7xx_ll_usb.o
                0x0000000008006b7a                USB_DevDisconnect
 .text.USB_CoreReset
                0x0000000008006bbc       0x68 Drivers/STM32F7xx_HAL_Driver/Src/stm32f7xx_ll_usb.o
 .text.__libc_init_array
                0x0000000008006c24       0x48 c:/st/stm32cubeide_1.5.0/stm32cubeide/plugins/com.st.stm32cube.ide.mcu.externaltools.gnu-tools-for-stm32.9-2020-q2-update.win32_1.5.0.202011040924/tools/bin/../lib/gcc/arm-none-eabi/9.3.1/../../../../arm-none-eabi/lib/thumb/v7e-m+fp/hard\libc_nano.a(lib_a-init.o)
                0x0000000008006c24                __libc_init_array
 .text.memset   0x0000000008006c6c       0x10 c:/st/stm32cubeide_1.5.0/stm32cubeide/plugins/com.st.stm32cube.ide.mcu.externaltools.gnu-tools-for-stm32.9-2020-q2-update.win32_1.5.0.202011040924/tools/bin/../lib/gcc/arm-none-eabi/9.3.1/../../../../arm-none-eabi/lib/thumb/v7e-m+fp/hard\libc_nano.a(lib_a-memset.o)
                0x0000000008006c6c                memset
 *fill*         0x0000000008006c7c        0x4 
 .text.sin      0x0000000008006c80       0xa8 c:/st/stm32cubeide_1.5.0/stm32cubeide/plugins/com.st.stm32cube.ide.mcu.externaltools.gnu-tools-for-stm32.9-2020-q2-update.win32_1.5.0.202011040924/tools/bin/../lib/gcc/arm-none-eabi/9.3.1/../../../../arm-none-eabi/lib/thumb/v7e-m+fp/hard\libm.a(lib_a-s_sin.o)
                0x0000000008006c80                sin
 .text.__ieee754_rem_pio2
                0x0000000008006d28      0x414 c:/st/stm32cubeide_1.5.0/stm32cubeide/plugins/com.st.stm32cube.ide.mcu.externaltools.gnu-tools-for-stm32.9-2020-q2-update.win32_1.5.0.202011040924/tools/bin/../lib/gcc/arm-none-eabi/9.3.1/../../../../arm-none-eabi/lib/thumb/v7e-m+fp/hard\libm.a(lib_a-e_rem_pio2.o)
                0x0000000008006d28                __ieee754_rem_pio2
 *fill*         0x000000000800713c        0x4 
 .text.__kernel_cos
                0x0000000008007140      0x18c c:/st/stm32cubeide_1.5.0/stm32cubeide/plugins/com.st.stm32cube.ide.mcu.externaltools.gnu-tools-for-stm32.9-2020-q2-update.win32_1.5.0.202011040924/tools/bin/../lib/gcc/arm-none-eabi/9.3.1/../../../../arm-none-eabi/lib/thumb/v7e-m+fp/hard\libm.a(lib_a-k_cos.o)
                0x0000000008007140                __kernel_cos
 *fill*         0x00000000080072cc        0x4 
 .text.__kernel_rem_pio2
                0x00000000080072d0      0x680 c:/st/stm32cubeide_1.5.0/stm32cubeide/plugins/com.st.stm32cube.ide.mcu.externaltools.gnu-tools-for-stm32.9-2020-q2-update.win32_1.5.0.202011040924/tools/bin/../lib/gcc/arm-none-eabi/9.3.1/../../../../arm-none-eabi/lib/thumb/v7e-m+fp/hard\libm.a(lib_a-k_rem_pio2.o)
                0x00000000080072d0                __kernel_rem_pio2
 .text.__kernel_sin
                0x0000000008007950      0x17c c:/st/stm32cubeide_1.5.0/stm32cubeide/plugins/com.st.stm32cube.ide.mcu.externaltools.gnu-tools-for-stm32.9-2020-q2-update.win32_1.5.0.202011040924/tools/bin/../lib/gcc/arm-none-eabi/9.3.1/../../../../arm-none-eabi/lib/thumb/v7e-m+fp/hard\libm.a(lib_a-k_sin.o)
                0x0000000008007950                __kernel_sin
 .text.fabs     0x0000000008007acc       0x12 c:/st/stm32cubeide_1.5.0/stm32cubeide/plugins/com.st.stm32cube.ide.mcu.externaltools.gnu-tools-for-stm32.9-2020-q2-update.win32_1.5.0.202011040924/tools/bin/../lib/gcc/arm-none-eabi/9.3.1/../../../../arm-none-eabi/lib/thumb/v7e-m+fp/hard\libm.a(lib_a-s_fabs.o)
                0x0000000008007acc                fabs
 *fill*         0x0000000008007ade        0x2 
 .text.floor    0x0000000008007ae0      0x100 c:/st/stm32cubeide_1.5.0/stm32cubeide/plugins/com.st.stm32cube.ide.mcu.externaltools.gnu-tools-for-stm32.9-2020-q2-update.win32_1.5.0.202011040924/tools/bin/../lib/gcc/arm-none-eabi/9.3.1/../../../../arm-none-eabi/lib/thumb/v7e-m+fp/hard\libm.a(lib_a-s_floor.o)
                0x0000000008007ae0                floor
 .text.scalbn   0x0000000008007be0      0x10c c:/st/stm32cubeide_1.5.0/stm32cubeide/plugins/com.st.stm32cube.ide.mcu.externaltools.gnu-tools-for-stm32.9-2020-q2-update.win32_1.5.0.202011040924/tools/bin/../lib/gcc/arm-none-eabi/9.3.1/../../../../arm-none-eabi/lib/thumb/v7e-m+fp/hard\libm.a(lib_a-s_scalbn.o)
                0x0000000008007be0                scalbn
 *(.glue_7)
 .glue_7        0x0000000008007cec        0x0 linker stubs
 *(.glue_7t)
 .glue_7t       0x0000000008007cec        0x0 linker stubs
 *(.eh_frame)
 .eh_frame      0x0000000008007cec        0x0 c:/st/stm32cubeide_1.5.0/stm32cubeide/plugins/com.st.stm32cube.ide.mcu.externaltools.gnu-tools-for-stm32.9-2020-q2-update.win32_1.5.0.202011040924/tools/bin/../lib/gcc/arm-none-eabi/9.3.1/thumb/v7e-m+fp/hard/crtbegin.o
 *(.init)
 .init          0x0000000008007cec        0x4 c:/st/stm32cubeide_1.5.0/stm32cubeide/plugins/com.st.stm32cube.ide.mcu.externaltools.gnu-tools-for-stm32.9-2020-q2-update.win32_1.5.0.202011040924/tools/bin/../lib/gcc/arm-none-eabi/9.3.1/thumb/v7e-m+fp/hard/crti.o
                0x0000000008007cec                _init
 .init          0x0000000008007cf0        0x8 c:/st/stm32cubeide_1.5.0/stm32cubeide/plugins/com.st.stm32cube.ide.mcu.externaltools.gnu-tools-for-stm32.9-2020-q2-update.win32_1.5.0.202011040924/tools/bin/../lib/gcc/arm-none-eabi/9.3.1/thumb/v7e-m+fp/hard/crtn.o
 *(.fini)
 .fini          0x0000000008007cf8        0x4 c:/st/stm32cubeide_1.5.0/stm32cubeide/plugins/com.st.stm32cube.ide.mcu.externaltools.gnu-tools-for-stm32.9-2020-q2-update.win32_1.5.0.202011040924/tools/bin/../lib/gcc/arm-none-eabi/9.3.1/thumb/v7e-m+fp/hard/crti.o
                0x0000000008007cf8                _fini
 .fini          0x0000000008007cfc        0x8 c:/st/stm32cubeide_1.5.0/stm32cubeide/plugins/com.st.stm32cube.ide.mcu.externaltools.gnu-tools-for-stm32.9-2020-q2-update.win32_1.5.0.202011040924/tools/bin/../lib/gcc/arm-none-eabi/9.3.1/thumb/v7e-m+fp/hard/crtn.o
                0x0000000008007d04                . = ALIGN (0x4)
                0x0000000008007d04                _etext = .

.vfp11_veneer   0x0000000008007d04        0x0
 .vfp11_veneer  0x0000000008007d04        0x0 linker stubs

.v4_bx          0x0000000008007d04        0x0
 .v4_bx         0x0000000008007d04        0x0 linker stubs

.iplt           0x0000000008007d04        0x0
 .iplt          0x0000000008007d04        0x0 c:/st/stm32cubeide_1.5.0/stm32cubeide/plugins/com.st.stm32cube.ide.mcu.externaltools.gnu-tools-for-stm32.9-2020-q2-update.win32_1.5.0.202011040924/tools/bin/../lib/gcc/arm-none-eabi/9.3.1/thumb/v7e-m+fp/hard/crtbegin.o

.rodata         0x0000000008007d08      0x1f8
                0x0000000008007d08                . = ALIGN (0x4)
 *(.rodata)
 *(.rodata*)
 .rodata.AHBPrescTable
                0x0000000008007d08       0x10 Core/Src/system_stm32f7xx.o
                0x0000000008007d08                AHBPrescTable
 .rodata.APBPrescTable
                0x0000000008007d18        0x8 Core/Src/system_stm32f7xx.o
                0x0000000008007d18                APBPrescTable
 .rodata.flagBitshiftOffset.9421
                0x0000000008007d20        0x8 Drivers/STM32F7xx_HAL_Driver/Src/stm32f7xx_hal_dma.o
 .rodata.npio2_hw
                0x0000000008007d28       0x80 c:/st/stm32cubeide_1.5.0/stm32cubeide/plugins/com.st.stm32cube.ide.mcu.externaltools.gnu-tools-for-stm32.9-2020-q2-update.win32_1.5.0.202011040924/tools/bin/../lib/gcc/arm-none-eabi/9.3.1/../../../../arm-none-eabi/lib/thumb/v7e-m+fp/hard\libm.a(lib_a-e_rem_pio2.o)
 .rodata.two_over_pi
                0x0000000008007da8      0x108 c:/st/stm32cubeide_1.5.0/stm32cubeide/plugins/com.st.stm32cube.ide.mcu.externaltools.gnu-tools-for-stm32.9-2020-q2-update.win32_1.5.0.202011040924/tools/bin/../lib/gcc/arm-none-eabi/9.3.1/../../../../arm-none-eabi/lib/thumb/v7e-m+fp/hard\libm.a(lib_a-e_rem_pio2.o)
 .rodata.PIo2   0x0000000008007eb0       0x40 c:/st/stm32cubeide_1.5.0/stm32cubeide/plugins/com.st.stm32cube.ide.mcu.externaltools.gnu-tools-for-stm32.9-2020-q2-update.win32_1.5.0.202011040924/tools/bin/../lib/gcc/arm-none-eabi/9.3.1/../../../../arm-none-eabi/lib/thumb/v7e-m+fp/hard\libm.a(lib_a-k_rem_pio2.o)
 .rodata.init_jk
                0x0000000008007ef0       0x10 c:/st/stm32cubeide_1.5.0/stm32cubeide/plugins/com.st.stm32cube.ide.mcu.externaltools.gnu-tools-for-stm32.9-2020-q2-update.win32_1.5.0.202011040924/tools/bin/../lib/gcc/arm-none-eabi/9.3.1/../../../../arm-none-eabi/lib/thumb/v7e-m+fp/hard\libm.a(lib_a-k_rem_pio2.o)
                0x0000000008007f00                . = ALIGN (0x4)

.ARM.extab      0x0000000008007f00        0x0
                0x0000000008007f00                . = ALIGN (0x4)
 *(.ARM.extab* .gnu.linkonce.armextab.*)
                0x0000000008007f00                . = ALIGN (0x4)

.ARM            0x0000000008007f00        0x8
                0x0000000008007f00                . = ALIGN (0x4)
                0x0000000008007f00                __exidx_start = .
 *(.ARM.exidx*)
 .ARM.exidx     0x0000000008007f00        0x8 c:/st/stm32cubeide_1.5.0/stm32cubeide/plugins/com.st.stm32cube.ide.mcu.externaltools.gnu-tools-for-stm32.9-2020-q2-update.win32_1.5.0.202011040924/tools/bin/../lib/gcc/arm-none-eabi/9.3.1/thumb/v7e-m+fp/hard\libgcc.a(_udivmoddi4.o)
                0x0000000008007f08                __exidx_end = .
                0x0000000008007f08                . = ALIGN (0x4)

.rel.dyn        0x0000000008007f08        0x0
 .rel.iplt      0x0000000008007f08        0x0 c:/st/stm32cubeide_1.5.0/stm32cubeide/plugins/com.st.stm32cube.ide.mcu.externaltools.gnu-tools-for-stm32.9-2020-q2-update.win32_1.5.0.202011040924/tools/bin/../lib/gcc/arm-none-eabi/9.3.1/thumb/v7e-m+fp/hard/crtbegin.o

.preinit_array  0x0000000008007f08        0x0
                0x0000000008007f08                . = ALIGN (0x4)
                0x0000000008007f08                PROVIDE (__preinit_array_start = .)
 *(.preinit_array*)
                0x0000000008007f08                PROVIDE (__preinit_array_end = .)
                0x0000000008007f08                . = ALIGN (0x4)

.init_array     0x0000000008007f08        0x4
                0x0000000008007f08                . = ALIGN (0x4)
                0x0000000008007f08                PROVIDE (__init_array_start = .)
 *(SORT_BY_NAME(.init_array.*))
 *(.init_array*)
 .init_array    0x0000000008007f08        0x4 c:/st/stm32cubeide_1.5.0/stm32cubeide/plugins/com.st.stm32cube.ide.mcu.externaltools.gnu-tools-for-stm32.9-2020-q2-update.win32_1.5.0.202011040924/tools/bin/../lib/gcc/arm-none-eabi/9.3.1/thumb/v7e-m+fp/hard/crtbegin.o
                0x0000000008007f0c                PROVIDE (__init_array_end = .)
                0x0000000008007f0c                . = ALIGN (0x4)

.fini_array     0x0000000008007f0c        0x4
                0x0000000008007f0c                . = ALIGN (0x4)
                [!provide]                        PROVIDE (__fini_array_start = .)
 *(SORT_BY_NAME(.fini_array.*))
 *(.fini_array*)
 .fini_array    0x0000000008007f0c        0x4 c:/st/stm32cubeide_1.5.0/stm32cubeide/plugins/com.st.stm32cube.ide.mcu.externaltools.gnu-tools-for-stm32.9-2020-q2-update.win32_1.5.0.202011040924/tools/bin/../lib/gcc/arm-none-eabi/9.3.1/thumb/v7e-m+fp/hard/crtbegin.o
                [!provide]                        PROVIDE (__fini_array_end = .)
                0x0000000008007f10                . = ALIGN (0x4)
                0x0000000008007f10                _sidata = LOADADDR (.data)

.data           0x0000000020000000       0x14 load address 0x0000000008007f10
                0x0000000020000000                . = ALIGN (0x4)
                0x0000000020000000                _sdata = .
 *(.data)
 *(.data*)
 .data.velSound
                0x0000000020000000        0x4 Core/Src/main.o
                0x0000000020000000                velSound
 .data.samples  0x0000000020000004        0x2 Core/Src/main.o
                0x0000000020000004                samples
 .data.shells   0x0000000020000006        0x1 Core/Src/main.o
                0x0000000020000006                shells
 *fill*         0x0000000020000007        0x1 
 .data.SystemCoreClock
                0x0000000020000008        0x4 Core/Src/system_stm32f7xx.o
                0x0000000020000008                SystemCoreClock
 .data.uwTickPrio
                0x000000002000000c        0x4 Drivers/STM32F7xx_HAL_Driver/Src/stm32f7xx_hal.o
                0x000000002000000c                uwTickPrio
 .data.uwTickFreq
                0x0000000020000010        0x1 Drivers/STM32F7xx_HAL_Driver/Src/stm32f7xx_hal.o
                0x0000000020000010                uwTickFreq
 *(.RamFunc)
 *(.RamFunc*)
                0x0000000020000014                . = ALIGN (0x4)
 *fill*         0x0000000020000011        0x3 
                0x0000000020000014                _edata = .

.igot.plt       0x0000000020000014        0x0 load address 0x0000000008007f24
 .igot.plt      0x0000000020000014        0x0 c:/st/stm32cubeide_1.5.0/stm32cubeide/plugins/com.st.stm32cube.ide.mcu.externaltools.gnu-tools-for-stm32.9-2020-q2-update.win32_1.5.0.202011040924/tools/bin/../lib/gcc/arm-none-eabi/9.3.1/thumb/v7e-m+fp/hard/crtbegin.o
                0x0000000020000014                . = ALIGN (0x4)

.bss            0x0000000020000014      0xc04 load address 0x0000000008007f24
                0x0000000020000014                _sbss = .
                0x0000000020000014                __bss_start__ = _sbss
 *(.bss)
 .bss           0x0000000020000014       0x1c c:/st/stm32cubeide_1.5.0/stm32cubeide/plugins/com.st.stm32cube.ide.mcu.externaltools.gnu-tools-for-stm32.9-2020-q2-update.win32_1.5.0.202011040924/tools/bin/../lib/gcc/arm-none-eabi/9.3.1/thumb/v7e-m+fp/hard/crtbegin.o
 *(.bss*)
 .bss.leftSensorFirstCapt
                0x0000000020000030        0x1 Core/Src/main.o
                0x0000000020000030                leftSensorFirstCapt
 .bss.centerSensorFirstCapt
                0x0000000020000031        0x1 Core/Src/main.o
                0x0000000020000031                centerSensorFirstCapt
 .bss.rightSensorFirstCapt
                0x0000000020000032        0x1 Core/Src/main.o
                0x0000000020000032                rightSensorFirstCapt
 *fill*         0x0000000020000033        0x1 
 .bss.totalTimeLeft
                0x0000000020000034        0x4 Core/Src/main.o
                0x0000000020000034                totalTimeLeft
 .bss.totalTimeCenter
                0x0000000020000038        0x4 Core/Src/main.o
                0x0000000020000038                totalTimeCenter
 .bss.totalTimeRight
                0x000000002000003c        0x4 Core/Src/main.o
                0x000000002000003c                totalTimeRight
 .bss.totalFinal
                0x0000000020000040        0x4 Core/Src/main.o
                0x0000000020000040                totalFinal
 .bss.distanceLeft
                0x0000000020000044        0x4 Core/Src/main.o
                0x0000000020000044                distanceLeft
 .bss.distanceCenter
                0x0000000020000048        0x4 Core/Src/main.o
                0x0000000020000048                distanceCenter
 .bss.distanceRight
                0x000000002000004c        0x4 Core/Src/main.o
                0x000000002000004c                distanceRight
 .bss.sentryDestroyed
                0x0000000020000050        0x1 Core/Src/stm32f7xx_it.o
                0x0000000020000050                sentryDestroyed
 *(COMMON)
 *fill*         0x0000000020000051        0x3 
 COMMON         0x0000000020000054      0xbc0 Core/Src/main.o
                0x0000000020000054                htim8
                0x00000000200000a0                huart3
                0x0000000020000124                hpcd_USB_OTG_FS
                0x0000000020000528                wavBuffer
                0x0000000020000928                htim3
                0x0000000020000974                hdma_dac1
                0x00000000200009d4                hdac
                0x00000000200009e8                htim6
                0x0000000020000a34                htim1
                0x0000000020000a80                tempPointer_DAC
                0x0000000020000a84                sineVal
 COMMON         0x0000000020000c14        0x4 Drivers/STM32F7xx_HAL_Driver/Src/stm32f7xx_hal.o
                0x0000000020000c14                uwTick
                0x0000000020000c18                . = ALIGN (0x4)
                0x0000000020000c18                _ebss = .
                0x0000000020000c18                __bss_end__ = _ebss

._user_heap_stack
                0x0000000020000c18      0x600 load address 0x0000000008007f24
                0x0000000020000c18                . = ALIGN (0x8)
                [!provide]                        PROVIDE (end = .)
                0x0000000020000c18                PROVIDE (_end = .)
                0x0000000020000e18                . = (. + _Min_Heap_Size)
 *fill*         0x0000000020000c18      0x200 
                0x0000000020001218                . = (. + _Min_Stack_Size)
 *fill*         0x0000000020000e18      0x400 
                0x0000000020001218                . = ALIGN (0x8)

.sentry_shoot   0x00000000080f0000     0xf37c
                0x00000000080f0000                . = ALIGN (0x4)
 *(.sentry_shoot)
 .sentry_shoot  0x00000000080f0000     0xf37a Core/Src/sentryShoot8bit.o
                0x00000000080f0000                sentryShoot_wav
                0x00000000080ff37c                . = ALIGN (0x4)
 *fill*         0x00000000080ff37a        0x2 

.sentry_spot    0x00000000080ff37c        0x0
                0x00000000080ff37c                . = ALIGN (0x4)
 *(.sentry_spot)
                0x00000000080ff37c                . = ALIGN (0x4)

.sentry_scan    0x00000000081068ac     0x8a44
                0x00000000081068ac                . = ALIGN (0x4)
 *(.sentry_scan)
 .sentry_scan   0x00000000081068ac     0x8a44 Core/Src/sentryScan8bit.o
                0x00000000081068ac                sentryScan8bit_wav
                0x000000000810f2f0                . = ALIGN (0x4)

/DISCARD/
 libc.a(*)
 libm.a(*)
 libgcc.a(*)

.ARM.attributes
                0x0000000000000000       0x30
 *(.ARM.attributes)
 .ARM.attributes
                0x0000000000000000       0x1e c:/st/stm32cubeide_1.5.0/stm32cubeide/plugins/com.st.stm32cube.ide.mcu.externaltools.gnu-tools-for-stm32.9-2020-q2-update.win32_1.5.0.202011040924/tools/bin/../lib/gcc/arm-none-eabi/9.3.1/thumb/v7e-m+fp/hard/crti.o
 .ARM.attributes
                0x000000000000001e       0x34 c:/st/stm32cubeide_1.5.0/stm32cubeide/plugins/com.st.stm32cube.ide.mcu.externaltools.gnu-tools-for-stm32.9-2020-q2-update.win32_1.5.0.202011040924/tools/bin/../lib/gcc/arm-none-eabi/9.3.1/thumb/v7e-m+fp/hard/crtbegin.o
 .ARM.attributes
                0x0000000000000052       0x34 Core/Src/main.o
 .ARM.attributes
                0x0000000000000086       0x39 Core/Src/sentryScan8bit.o
 .ARM.attributes
                0x00000000000000bf       0x39 Core/Src/sentryShoot8bit.o
 .ARM.attributes
                0x00000000000000f8       0x34 Core/Src/stm32f7xx_hal_msp.o
 .ARM.attributes
                0x000000000000012c       0x34 Core/Src/stm32f7xx_it.o
 .ARM.attributes
                0x0000000000000160       0x34 Core/Src/system_stm32f7xx.o
 .ARM.attributes
                0x0000000000000194       0x21 Core/Startup/startup_stm32f746zgtx.o
 .ARM.attributes
                0x00000000000001b5       0x34 Drivers/STM32F7xx_HAL_Driver/Src/stm32f7xx_hal.o
 .ARM.attributes
                0x00000000000001e9       0x34 Drivers/STM32F7xx_HAL_Driver/Src/stm32f7xx_hal_cortex.o
 .ARM.attributes
                0x000000000000021d       0x34 Drivers/STM32F7xx_HAL_Driver/Src/stm32f7xx_hal_dac.o
 .ARM.attributes
                0x0000000000000251       0x34 Drivers/STM32F7xx_HAL_Driver/Src/stm32f7xx_hal_dac_ex.o
 .ARM.attributes
                0x0000000000000285       0x34 Drivers/STM32F7xx_HAL_Driver/Src/stm32f7xx_hal_dma.o
 .ARM.attributes
                0x00000000000002b9       0x34 Drivers/STM32F7xx_HAL_Driver/Src/stm32f7xx_hal_gpio.o
 .ARM.attributes
                0x00000000000002ed       0x34 Drivers/STM32F7xx_HAL_Driver/Src/stm32f7xx_hal_pcd.o
 .ARM.attributes
                0x0000000000000321       0x34 Drivers/STM32F7xx_HAL_Driver/Src/stm32f7xx_hal_pcd_ex.o
 .ARM.attributes
                0x0000000000000355       0x34 Drivers/STM32F7xx_HAL_Driver/Src/stm32f7xx_hal_rcc.o
 .ARM.attributes
                0x0000000000000389       0x34 Drivers/STM32F7xx_HAL_Driver/Src/stm32f7xx_hal_rcc_ex.o
 .ARM.attributes
                0x00000000000003bd       0x34 Drivers/STM32F7xx_HAL_Driver/Src/stm32f7xx_hal_tim.o
 .ARM.attributes
                0x00000000000003f1       0x34 Drivers/STM32F7xx_HAL_Driver/Src/stm32f7xx_hal_tim_ex.o
 .ARM.attributes
                0x0000000000000425       0x34 Drivers/STM32F7xx_HAL_Driver/Src/stm32f7xx_hal_uart.o
 .ARM.attributes
                0x0000000000000459       0x34 Drivers/STM32F7xx_HAL_Driver/Src/stm32f7xx_ll_usb.o
 .ARM.attributes
                0x000000000000048d       0x34 c:/st/stm32cubeide_1.5.0/stm32cubeide/plugins/com.st.stm32cube.ide.mcu.externaltools.gnu-tools-for-stm32.9-2020-q2-update.win32_1.5.0.202011040924/tools/bin/../lib/gcc/arm-none-eabi/9.3.1/../../../../arm-none-eabi/lib/thumb/v7e-m+fp/hard\libc_nano.a(lib_a-init.o)
 .ARM.attributes
                0x00000000000004c1       0x34 c:/st/stm32cubeide_1.5.0/stm32cubeide/plugins/com.st.stm32cube.ide.mcu.externaltools.gnu-tools-for-stm32.9-2020-q2-update.win32_1.5.0.202011040924/tools/bin/../lib/gcc/arm-none-eabi/9.3.1/../../../../arm-none-eabi/lib/thumb/v7e-m+fp/hard\libc_nano.a(lib_a-memset.o)
 .ARM.attributes
                0x00000000000004f5       0x34 c:/st/stm32cubeide_1.5.0/stm32cubeide/plugins/com.st.stm32cube.ide.mcu.externaltools.gnu-tools-for-stm32.9-2020-q2-update.win32_1.5.0.202011040924/tools/bin/../lib/gcc/arm-none-eabi/9.3.1/../../../../arm-none-eabi/lib/thumb/v7e-m+fp/hard\libm.a(lib_a-s_sin.o)
 .ARM.attributes
                0x0000000000000529       0x34 c:/st/stm32cubeide_1.5.0/stm32cubeide/plugins/com.st.stm32cube.ide.mcu.externaltools.gnu-tools-for-stm32.9-2020-q2-update.win32_1.5.0.202011040924/tools/bin/../lib/gcc/arm-none-eabi/9.3.1/../../../../arm-none-eabi/lib/thumb/v7e-m+fp/hard\libm.a(lib_a-e_rem_pio2.o)
 .ARM.attributes
                0x000000000000055d       0x34 c:/st/stm32cubeide_1.5.0/stm32cubeide/plugins/com.st.stm32cube.ide.mcu.externaltools.gnu-tools-for-stm32.9-2020-q2-update.win32_1.5.0.202011040924/tools/bin/../lib/gcc/arm-none-eabi/9.3.1/../../../../arm-none-eabi/lib/thumb/v7e-m+fp/hard\libm.a(lib_a-k_cos.o)
 .ARM.attributes
                0x0000000000000591       0x34 c:/st/stm32cubeide_1.5.0/stm32cubeide/plugins/com.st.stm32cube.ide.mcu.externaltools.gnu-tools-for-stm32.9-2020-q2-update.win32_1.5.0.202011040924/tools/bin/../lib/gcc/arm-none-eabi/9.3.1/../../../../arm-none-eabi/lib/thumb/v7e-m+fp/hard\libm.a(lib_a-k_rem_pio2.o)
 .ARM.attributes
                0x00000000000005c5       0x34 c:/st/stm32cubeide_1.5.0/stm32cubeide/plugins/com.st.stm32cube.ide.mcu.externaltools.gnu-tools-for-stm32.9-2020-q2-update.win32_1.5.0.202011040924/tools/bin/../lib/gcc/arm-none-eabi/9.3.1/../../../../arm-none-eabi/lib/thumb/v7e-m+fp/hard\libm.a(lib_a-k_sin.o)
 .ARM.attributes
                0x00000000000005f9       0x34 c:/st/stm32cubeide_1.5.0/stm32cubeide/plugins/com.st.stm32cube.ide.mcu.externaltools.gnu-tools-for-stm32.9-2020-q2-update.win32_1.5.0.202011040924/tools/bin/../lib/gcc/arm-none-eabi/9.3.1/../../../../arm-none-eabi/lib/thumb/v7e-m+fp/hard\libm.a(lib_a-s_fabs.o)
 .ARM.attributes
                0x000000000000062d       0x34 c:/st/stm32cubeide_1.5.0/stm32cubeide/plugins/com.st.stm32cube.ide.mcu.externaltools.gnu-tools-for-stm32.9-2020-q2-update.win32_1.5.0.202011040924/tools/bin/../lib/gcc/arm-none-eabi/9.3.1/../../../../arm-none-eabi/lib/thumb/v7e-m+fp/hard\libm.a(lib_a-s_floor.o)
 .ARM.attributes
                0x0000000000000661       0x34 c:/st/stm32cubeide_1.5.0/stm32cubeide/plugins/com.st.stm32cube.ide.mcu.externaltools.gnu-tools-for-stm32.9-2020-q2-update.win32_1.5.0.202011040924/tools/bin/../lib/gcc/arm-none-eabi/9.3.1/../../../../arm-none-eabi/lib/thumb/v7e-m+fp/hard\libm.a(lib_a-s_scalbn.o)
 .ARM.attributes
                0x0000000000000695       0x1e c:/st/stm32cubeide_1.5.0/stm32cubeide/plugins/com.st.stm32cube.ide.mcu.externaltools.gnu-tools-for-stm32.9-2020-q2-update.win32_1.5.0.202011040924/tools/bin/../lib/gcc/arm-none-eabi/9.3.1/thumb/v7e-m+fp/hard\libgcc.a(_arm_addsubdf3.o)
 .ARM.attributes
                0x00000000000006b3       0x1e c:/st/stm32cubeide_1.5.0/stm32cubeide/plugins/com.st.stm32cube.ide.mcu.externaltools.gnu-tools-for-stm32.9-2020-q2-update.win32_1.5.0.202011040924/tools/bin/../lib/gcc/arm-none-eabi/9.3.1/thumb/v7e-m+fp/hard\libgcc.a(_arm_muldivdf3.o)
 .ARM.attributes
                0x00000000000006d1       0x1e c:/st/stm32cubeide_1.5.0/stm32cubeide/plugins/com.st.stm32cube.ide.mcu.externaltools.gnu-tools-for-stm32.9-2020-q2-update.win32_1.5.0.202011040924/tools/bin/../lib/gcc/arm-none-eabi/9.3.1/thumb/v7e-m+fp/hard\libgcc.a(_arm_cmpdf2.o)
 .ARM.attributes
                0x00000000000006ef       0x1e c:/st/stm32cubeide_1.5.0/stm32cubeide/plugins/com.st.stm32cube.ide.mcu.externaltools.gnu-tools-for-stm32.9-2020-q2-update.win32_1.5.0.202011040924/tools/bin/../lib/gcc/arm-none-eabi/9.3.1/thumb/v7e-m+fp/hard\libgcc.a(_arm_fixdfsi.o)
 .ARM.attributes
                0x000000000000070d       0x1e c:/st/stm32cubeide_1.5.0/stm32cubeide/plugins/com.st.stm32cube.ide.mcu.externaltools.gnu-tools-for-stm32.9-2020-q2-update.win32_1.5.0.202011040924/tools/bin/../lib/gcc/arm-none-eabi/9.3.1/thumb/v7e-m+fp/hard\libgcc.a(_arm_fixunsdfsi.o)
 .ARM.attributes
                0x000000000000072b       0x1e c:/st/stm32cubeide_1.5.0/stm32cubeide/plugins/com.st.stm32cube.ide.mcu.externaltools.gnu-tools-for-stm32.9-2020-q2-update.win32_1.5.0.202011040924/tools/bin/../lib/gcc/arm-none-eabi/9.3.1/thumb/v7e-m+fp/hard\libgcc.a(_aeabi_uldivmod.o)
 .ARM.attributes
                0x0000000000000749       0x34 c:/st/stm32cubeide_1.5.0/stm32cubeide/plugins/com.st.stm32cube.ide.mcu.externaltools.gnu-tools-for-stm32.9-2020-q2-update.win32_1.5.0.202011040924/tools/bin/../lib/gcc/arm-none-eabi/9.3.1/thumb/v7e-m+fp/hard\libgcc.a(_udivmoddi4.o)
 .ARM.attributes
                0x000000000000077d       0x1e c:/st/stm32cubeide_1.5.0/stm32cubeide/plugins/com.st.stm32cube.ide.mcu.externaltools.gnu-tools-for-stm32.9-2020-q2-update.win32_1.5.0.202011040924/tools/bin/../lib/gcc/arm-none-eabi/9.3.1/thumb/v7e-m+fp/hard\libgcc.a(_dvmd_tls.o)
 .ARM.attributes
                0x000000000000079b       0x1e c:/st/stm32cubeide_1.5.0/stm32cubeide/plugins/com.st.stm32cube.ide.mcu.externaltools.gnu-tools-for-stm32.9-2020-q2-update.win32_1.5.0.202011040924/tools/bin/../lib/gcc/arm-none-eabi/9.3.1/thumb/v7e-m+fp/hard/crtn.o
OUTPUT(sentryTF2.elf elf32-littlearm)
LOAD linker stubs
LOAD c:/st/stm32cubeide_1.5.0/stm32cubeide/plugins/com.st.stm32cube.ide.mcu.externaltools.gnu-tools-for-stm32.9-2020-q2-update.win32_1.5.0.202011040924/tools/bin/../lib/gcc/arm-none-eabi/9.3.1/../../../../arm-none-eabi/lib/thumb/v7e-m+fp/hard\libc.a
LOAD c:/st/stm32cubeide_1.5.0/stm32cubeide/plugins/com.st.stm32cube.ide.mcu.externaltools.gnu-tools-for-stm32.9-2020-q2-update.win32_1.5.0.202011040924/tools/bin/../lib/gcc/arm-none-eabi/9.3.1/../../../../arm-none-eabi/lib/thumb/v7e-m+fp/hard\libm.a
LOAD c:/st/stm32cubeide_1.5.0/stm32cubeide/plugins/com.st.stm32cube.ide.mcu.externaltools.gnu-tools-for-stm32.9-2020-q2-update.win32_1.5.0.202011040924/tools/bin/../lib/gcc/arm-none-eabi/9.3.1/thumb/v7e-m+fp/hard\libgcc.a

.debug_info     0x0000000000000000    0x14354
 .debug_info    0x0000000000000000     0x2dcf Core/Src/main.o
 .debug_info    0x0000000000002dcf       0x9e Core/Src/sentryScan8bit.o
 .debug_info    0x0000000000002e6d       0x9e Core/Src/sentryShoot8bit.o
 .debug_info    0x0000000000002f0b     0x19fe Core/Src/stm32f7xx_hal_msp.o
 .debug_info    0x0000000000004909      0xdf4 Core/Src/stm32f7xx_it.o
 .debug_info    0x00000000000056fd      0x7ad Core/Src/system_stm32f7xx.o
 .debug_info    0x0000000000005eaa       0x22 Core/Startup/startup_stm32f746zgtx.o
 .debug_info    0x0000000000005ecc      0xa42 Drivers/STM32F7xx_HAL_Driver/Src/stm32f7xx_hal.o
 .debug_info    0x000000000000690e     0x1116 Drivers/STM32F7xx_HAL_Driver/Src/stm32f7xx_hal_cortex.o
 .debug_info    0x0000000000007a24      0xac4 Drivers/STM32F7xx_HAL_Driver/Src/stm32f7xx_hal_dac.o
 .debug_info    0x00000000000084e8      0x8a7 Drivers/STM32F7xx_HAL_Driver/Src/stm32f7xx_hal_dac_ex.o
 .debug_info    0x0000000000008d8f      0x9f1 Drivers/STM32F7xx_HAL_Driver/Src/stm32f7xx_hal_dma.o
 .debug_info    0x0000000000009780      0x868 Drivers/STM32F7xx_HAL_Driver/Src/stm32f7xx_hal_gpio.o
 .debug_info    0x0000000000009fe8     0x12f3 Drivers/STM32F7xx_HAL_Driver/Src/stm32f7xx_hal_pcd.o
 .debug_info    0x000000000000b2db      0x88b Drivers/STM32F7xx_HAL_Driver/Src/stm32f7xx_hal_pcd_ex.o
 .debug_info    0x000000000000bb66      0x9cc Drivers/STM32F7xx_HAL_Driver/Src/stm32f7xx_hal_rcc.o
 .debug_info    0x000000000000c532      0x82c Drivers/STM32F7xx_HAL_Driver/Src/stm32f7xx_hal_rcc_ex.o
 .debug_info    0x000000000000cd5e     0x2bad Drivers/STM32F7xx_HAL_Driver/Src/stm32f7xx_hal_tim.o
 .debug_info    0x000000000000f90b     0x1608 Drivers/STM32F7xx_HAL_Driver/Src/stm32f7xx_hal_tim_ex.o
 .debug_info    0x0000000000010f13     0x194c Drivers/STM32F7xx_HAL_Driver/Src/stm32f7xx_hal_uart.o
 .debug_info    0x000000000001285f     0x1af5 Drivers/STM32F7xx_HAL_Driver/Src/stm32f7xx_ll_usb.o

.debug_abbrev   0x0000000000000000     0x2a22
 .debug_abbrev  0x0000000000000000      0x424 Core/Src/main.o
 .debug_abbrev  0x0000000000000424       0x61 Core/Src/sentryScan8bit.o
 .debug_abbrev  0x0000000000000485       0x61 Core/Src/sentryShoot8bit.o
 .debug_abbrev  0x00000000000004e6      0x246 Core/Src/stm32f7xx_hal_msp.o
 .debug_abbrev  0x000000000000072c      0x1d9 Core/Src/stm32f7xx_it.o
 .debug_abbrev  0x0000000000000905      0x165 Core/Src/system_stm32f7xx.o
 .debug_abbrev  0x0000000000000a6a       0x12 Core/Startup/startup_stm32f746zgtx.o
 .debug_abbrev  0x0000000000000a7c      0x1ed Drivers/STM32F7xx_HAL_Driver/Src/stm32f7xx_hal.o
 .debug_abbrev  0x0000000000000c69      0x33c Drivers/STM32F7xx_HAL_Driver/Src/stm32f7xx_hal_cortex.o
 .debug_abbrev  0x0000000000000fa5      0x1f2 Drivers/STM32F7xx_HAL_Driver/Src/stm32f7xx_hal_dac.o
 .debug_abbrev  0x0000000000001197      0x214 Drivers/STM32F7xx_HAL_Driver/Src/stm32f7xx_hal_dac_ex.o
 .debug_abbrev  0x00000000000013ab      0x259 Drivers/STM32F7xx_HAL_Driver/Src/stm32f7xx_hal_dma.o
 .debug_abbrev  0x0000000000001604      0x1f1 Drivers/STM32F7xx_HAL_Driver/Src/stm32f7xx_hal_gpio.o
 .debug_abbrev  0x00000000000017f5      0x2a0 Drivers/STM32F7xx_HAL_Driver/Src/stm32f7xx_hal_pcd.o
 .debug_abbrev  0x0000000000001a95      0x1ea Drivers/STM32F7xx_HAL_Driver/Src/stm32f7xx_hal_pcd_ex.o
 .debug_abbrev  0x0000000000001c7f      0x246 Drivers/STM32F7xx_HAL_Driver/Src/stm32f7xx_hal_rcc.o
 .debug_abbrev  0x0000000000001ec5      0x1d1 Drivers/STM32F7xx_HAL_Driver/Src/stm32f7xx_hal_rcc_ex.o
 .debug_abbrev  0x0000000000002096      0x25e Drivers/STM32F7xx_HAL_Driver/Src/stm32f7xx_hal_tim.o
 .debug_abbrev  0x00000000000022f4      0x266 Drivers/STM32F7xx_HAL_Driver/Src/stm32f7xx_hal_tim_ex.o
 .debug_abbrev  0x000000000000255a      0x23f Drivers/STM32F7xx_HAL_Driver/Src/stm32f7xx_hal_uart.o
 .debug_abbrev  0x0000000000002799      0x289 Drivers/STM32F7xx_HAL_Driver/Src/stm32f7xx_ll_usb.o

.debug_aranges  0x0000000000000000     0x1218
 .debug_aranges
                0x0000000000000000       0xf8 Core/Src/main.o
 .debug_aranges
                0x00000000000000f8       0x18 Core/Src/sentryScan8bit.o
 .debug_aranges
                0x0000000000000110       0x18 Core/Src/sentryShoot8bit.o
 .debug_aranges
                0x0000000000000128       0x60 Core/Src/stm32f7xx_hal_msp.o
 .debug_aranges
                0x0000000000000188       0x90 Core/Src/stm32f7xx_it.o
 .debug_aranges
                0x0000000000000218       0x28 Core/Src/system_stm32f7xx.o
 .debug_aranges
                0x0000000000000240       0x28 Core/Startup/startup_stm32f746zgtx.o
 .debug_aranges
                0x0000000000000268      0x100 Drivers/STM32F7xx_HAL_Driver/Src/stm32f7xx_hal.o
 .debug_aranges
                0x0000000000000368      0x118 Drivers/STM32F7xx_HAL_Driver/Src/stm32f7xx_hal_cortex.o
 .debug_aranges
                0x0000000000000480       0xc0 Drivers/STM32F7xx_HAL_Driver/Src/stm32f7xx_hal_dac.o
 .debug_aranges
                0x0000000000000540       0x80 Drivers/STM32F7xx_HAL_Driver/Src/stm32f7xx_hal_dac_ex.o
 .debug_aranges
                0x00000000000005c0       0x90 Drivers/STM32F7xx_HAL_Driver/Src/stm32f7xx_hal_dma.o
 .debug_aranges
                0x0000000000000650       0x58 Drivers/STM32F7xx_HAL_Driver/Src/stm32f7xx_hal_gpio.o
 .debug_aranges
                0x00000000000006a8      0x138 Drivers/STM32F7xx_HAL_Driver/Src/stm32f7xx_hal_pcd.o
 .debug_aranges
                0x00000000000007e0       0x48 Drivers/STM32F7xx_HAL_Driver/Src/stm32f7xx_hal_pcd_ex.o
 .debug_aranges
                0x0000000000000828       0x88 Drivers/STM32F7xx_HAL_Driver/Src/stm32f7xx_hal_rcc.o
 .debug_aranges
                0x00000000000008b0       0x50 Drivers/STM32F7xx_HAL_Driver/Src/stm32f7xx_hal_rcc_ex.o
 .debug_aranges
                0x0000000000000900      0x3e0 Drivers/STM32F7xx_HAL_Driver/Src/stm32f7xx_hal_tim.o
 .debug_aranges
                0x0000000000000ce0      0x178 Drivers/STM32F7xx_HAL_Driver/Src/stm32f7xx_hal_tim_ex.o
 .debug_aranges
                0x0000000000000e58      0x228 Drivers/STM32F7xx_HAL_Driver/Src/stm32f7xx_hal_uart.o
 .debug_aranges
                0x0000000000001080      0x198 Drivers/STM32F7xx_HAL_Driver/Src/stm32f7xx_ll_usb.o

.debug_ranges   0x0000000000000000     0x10f0
 .debug_ranges  0x0000000000000000       0xe8 Core/Src/main.o
 .debug_ranges  0x00000000000000e8       0x50 Core/Src/stm32f7xx_hal_msp.o
 .debug_ranges  0x0000000000000138       0x80 Core/Src/stm32f7xx_it.o
 .debug_ranges  0x00000000000001b8       0x18 Core/Src/system_stm32f7xx.o
 .debug_ranges  0x00000000000001d0       0x20 Core/Startup/startup_stm32f746zgtx.o
 .debug_ranges  0x00000000000001f0       0xf0 Drivers/STM32F7xx_HAL_Driver/Src/stm32f7xx_hal.o
 .debug_ranges  0x00000000000002e0      0x108 Drivers/STM32F7xx_HAL_Driver/Src/stm32f7xx_hal_cortex.o
 .debug_ranges  0x00000000000003e8       0xb0 Drivers/STM32F7xx_HAL_Driver/Src/stm32f7xx_hal_dac.o
 .debug_ranges  0x0000000000000498       0x70 Drivers/STM32F7xx_HAL_Driver/Src/stm32f7xx_hal_dac_ex.o
 .debug_ranges  0x0000000000000508       0x80 Drivers/STM32F7xx_HAL_Driver/Src/stm32f7xx_hal_dma.o
 .debug_ranges  0x0000000000000588       0x48 Drivers/STM32F7xx_HAL_Driver/Src/stm32f7xx_hal_gpio.o
 .debug_ranges  0x00000000000005d0      0x128 Drivers/STM32F7xx_HAL_Driver/Src/stm32f7xx_hal_pcd.o
 .debug_ranges  0x00000000000006f8       0x38 Drivers/STM32F7xx_HAL_Driver/Src/stm32f7xx_hal_pcd_ex.o
 .debug_ranges  0x0000000000000730       0x78 Drivers/STM32F7xx_HAL_Driver/Src/stm32f7xx_hal_rcc.o
 .debug_ranges  0x00000000000007a8       0x40 Drivers/STM32F7xx_HAL_Driver/Src/stm32f7xx_hal_rcc_ex.o
 .debug_ranges  0x00000000000007e8      0x3d0 Drivers/STM32F7xx_HAL_Driver/Src/stm32f7xx_hal_tim.o
 .debug_ranges  0x0000000000000bb8      0x168 Drivers/STM32F7xx_HAL_Driver/Src/stm32f7xx_hal_tim_ex.o
 .debug_ranges  0x0000000000000d20      0x248 Drivers/STM32F7xx_HAL_Driver/Src/stm32f7xx_hal_uart.o
 .debug_ranges  0x0000000000000f68      0x188 Drivers/STM32F7xx_HAL_Driver/Src/stm32f7xx_ll_usb.o

.debug_macro    0x0000000000000000    0x26c7a
 .debug_macro   0x0000000000000000      0x311 Core/Src/main.o
 .debug_macro   0x0000000000000311      0xaa8 Core/Src/main.o
 .debug_macro   0x0000000000000db9      0x29f Core/Src/main.o
 .debug_macro   0x0000000000001058       0x2e Core/Src/main.o
 .debug_macro   0x0000000000001086       0x3b Core/Src/main.o
 .debug_macro   0x00000000000010c1       0x22 Core/Src/main.o
 .debug_macro   0x00000000000010e3       0x8e Core/Src/main.o
 .debug_macro   0x0000000000001171       0x51 Core/Src/main.o
 .debug_macro   0x00000000000011c2      0x103 Core/Src/main.o
 .debug_macro   0x00000000000012c5       0x6a Core/Src/main.o
 .debug_macro   0x000000000000132f      0x1df Core/Src/main.o
 .debug_macro   0x000000000000150e       0x1c Core/Src/main.o
 .debug_macro   0x000000000000152a       0x22 Core/Src/main.o
 .debug_macro   0x000000000000154c       0xdf Core/Src/main.o
 .debug_macro   0x000000000000162b     0x12cd Core/Src/main.o
 .debug_macro   0x00000000000028f8      0x11f Core/Src/main.o
 .debug_macro   0x0000000000002a17       0x19 Core/Src/main.o
 .debug_macro   0x0000000000002a30    0x191cb Core/Src/main.o
 .debug_macro   0x000000000001bbfb       0x43 Core/Src/main.o
 .debug_macro   0x000000000001bc3e     0x36c9 Core/Src/main.o
 .debug_macro   0x000000000001f307      0x174 Core/Src/main.o
 .debug_macro   0x000000000001f47b       0x63 Core/Src/main.o
 .debug_macro   0x000000000001f4de     0x18ad Core/Src/main.o
 .debug_macro   0x0000000000020d8b      0x6c4 Core/Src/main.o
 .debug_macro   0x000000000002144f      0x185 Core/Src/main.o
 .debug_macro   0x00000000000215d4      0x117 Core/Src/main.o
 .debug_macro   0x00000000000216eb      0x1fe Core/Src/main.o
 .debug_macro   0x00000000000218e9       0x27 Core/Src/main.o
 .debug_macro   0x0000000000021910      0x24f Core/Src/main.o
 .debug_macro   0x0000000000021b5f       0x41 Core/Src/main.o
 .debug_macro   0x0000000000021ba0       0x58 Core/Src/main.o
 .debug_macro   0x0000000000021bf8      0x236 Core/Src/main.o
 .debug_macro   0x0000000000021e2e      0x122 Core/Src/main.o
 .debug_macro   0x0000000000021f50       0xa6 Core/Src/main.o
 .debug_macro   0x0000000000021ff6      0x14f Core/Src/main.o
 .debug_macro   0x0000000000022145      0x25b Core/Src/main.o
 .debug_macro   0x00000000000223a0       0x12 Core/Src/main.o
 .debug_macro   0x00000000000223b2      0x22c Core/Src/main.o
 .debug_macro   0x00000000000225de       0x61 Core/Src/main.o
 .debug_macro   0x000000000002263f       0xa5 Core/Src/main.o
 .debug_macro   0x00000000000226e4      0x12f Core/Src/main.o
 .debug_macro   0x0000000000022813      0x108 Core/Src/main.o
 .debug_macro   0x000000000002291b       0x35 Core/Src/main.o
 .debug_macro   0x0000000000022950      0xa60 Core/Src/main.o
 .debug_macro   0x00000000000233b0       0x59 Core/Src/main.o
 .debug_macro   0x0000000000023409      0x558 Core/Src/main.o
 .debug_macro   0x0000000000023961       0x44 Core/Src/main.o
 .debug_macro   0x00000000000239a5      0x233 Core/Src/main.o
 .debug_macro   0x0000000000023bd8       0xba Core/Src/main.o
 .debug_macro   0x0000000000023c92      0x14e Core/Src/main.o
 .debug_macro   0x0000000000023de0       0x3a Core/Src/main.o
 .debug_macro   0x0000000000023e1a       0x52 Core/Src/main.o
 .debug_macro   0x0000000000023e6c       0x18 Core/Src/main.o
 .debug_macro   0x0000000000023e84       0x3c Core/Src/main.o
 .debug_macro   0x0000000000023ec0       0x34 Core/Src/main.o
 .debug_macro   0x0000000000023ef4       0x16 Core/Src/main.o
 .debug_macro   0x0000000000023f0a       0x43 Core/Src/main.o
 .debug_macro   0x0000000000023f4d       0x34 Core/Src/main.o
 .debug_macro   0x0000000000023f81       0x10 Core/Src/main.o
 .debug_macro   0x0000000000023f91       0x58 Core/Src/main.o
 .debug_macro   0x0000000000023fe9       0x71 Core/Src/main.o
 .debug_macro   0x000000000002405a       0x1c Core/Src/main.o
 .debug_macro   0x0000000000024076      0x12a Core/Src/main.o
 .debug_macro   0x00000000000241a0      0x333 Core/Src/main.o
 .debug_macro   0x00000000000244d3      0x1a9 Core/Src/main.o
 .debug_macro   0x000000000002467c       0x16 Core/Src/main.o
 .debug_macro   0x0000000000024692       0x35 Core/Src/main.o
 .debug_macro   0x00000000000246c7       0x20 Core/Src/main.o
 .debug_macro   0x00000000000246e7       0x63 Core/Src/sentryScan8bit.o
 .debug_macro   0x000000000002474a       0x63 Core/Src/sentryShoot8bit.o
 .debug_macro   0x00000000000247ad      0x22a Core/Src/stm32f7xx_hal_msp.o
 .debug_macro   0x00000000000249d7      0x23d Core/Src/stm32f7xx_it.o
 .debug_macro   0x0000000000024c14       0x22 Core/Src/stm32f7xx_it.o
 .debug_macro   0x0000000000024c36      0x21b Core/Src/system_stm32f7xx.o
 .debug_macro   0x0000000000024e51      0x23f Drivers/STM32F7xx_HAL_Driver/Src/stm32f7xx_hal.o
 .debug_macro   0x0000000000025090      0x21b Drivers/STM32F7xx_HAL_Driver/Src/stm32f7xx_hal_cortex.o
 .debug_macro   0x00000000000252ab      0x21c Drivers/STM32F7xx_HAL_Driver/Src/stm32f7xx_hal_dac.o
 .debug_macro   0x00000000000254c7      0x21b Drivers/STM32F7xx_HAL_Driver/Src/stm32f7xx_hal_dac_ex.o
 .debug_macro   0x00000000000256e2      0x221 Drivers/STM32F7xx_HAL_Driver/Src/stm32f7xx_hal_dma.o
 .debug_macro   0x0000000000025903      0x251 Drivers/STM32F7xx_HAL_Driver/Src/stm32f7xx_hal_gpio.o
 .debug_macro   0x0000000000025b54      0x227 Drivers/STM32F7xx_HAL_Driver/Src/stm32f7xx_hal_pcd.o
 .debug_macro   0x0000000000025d7b      0x21b Drivers/STM32F7xx_HAL_Driver/Src/stm32f7xx_hal_pcd_ex.o
 .debug_macro   0x0000000000025f96      0x23f Drivers/STM32F7xx_HAL_Driver/Src/stm32f7xx_hal_rcc.o
 .debug_macro   0x00000000000261d5      0x21b Drivers/STM32F7xx_HAL_Driver/Src/stm32f7xx_hal_rcc_ex.o
 .debug_macro   0x00000000000263f0      0x21c Drivers/STM32F7xx_HAL_Driver/Src/stm32f7xx_hal_tim.o
 .debug_macro   0x000000000002660c      0x21b Drivers/STM32F7xx_HAL_Driver/Src/stm32f7xx_hal_tim_ex.o
 .debug_macro   0x0000000000026827      0x238 Drivers/STM32F7xx_HAL_Driver/Src/stm32f7xx_hal_uart.o
 .debug_macro   0x0000000000026a5f      0x21b Drivers/STM32F7xx_HAL_Driver/Src/stm32f7xx_ll_usb.o

.debug_line     0x0000000000000000    0x14203
 .debug_line    0x0000000000000000     0x1135 Core/Src/main.o
 .debug_line    0x0000000000001135      0x37c Core/Src/sentryScan8bit.o
 .debug_line    0x00000000000014b1      0x37d Core/Src/sentryShoot8bit.o
 .debug_line    0x000000000000182e      0x93e Core/Src/stm32f7xx_hal_msp.o
 .debug_line    0x000000000000216c      0x904 Core/Src/stm32f7xx_it.o
 .debug_line    0x0000000000002a70      0x7e9 Core/Src/system_stm32f7xx.o
 .debug_line    0x0000000000003259       0x88 Core/Startup/startup_stm32f746zgtx.o
 .debug_line    0x00000000000032e1      0xa7a Drivers/STM32F7xx_HAL_Driver/Src/stm32f7xx_hal.o
 .debug_line    0x0000000000003d5b      0xd00 Drivers/STM32F7xx_HAL_Driver/Src/stm32f7xx_hal_cortex.o
 .debug_line    0x0000000000004a5b      0xba2 Drivers/STM32F7xx_HAL_Driver/Src/stm32f7xx_hal_dac.o
 .debug_line    0x00000000000055fd      0x991 Drivers/STM32F7xx_HAL_Driver/Src/stm32f7xx_hal_dac_ex.o
 .debug_line    0x0000000000005f8e      0xfce Drivers/STM32F7xx_HAL_Driver/Src/stm32f7xx_hal_dma.o
 .debug_line    0x0000000000006f5c      0xbfc Drivers/STM32F7xx_HAL_Driver/Src/stm32f7xx_hal_gpio.o
 .debug_line    0x0000000000007b58     0x136d Drivers/STM32F7xx_HAL_Driver/Src/stm32f7xx_hal_pcd.o
 .debug_line    0x0000000000008ec5      0x87b Drivers/STM32F7xx_HAL_Driver/Src/stm32f7xx_hal_pcd_ex.o
 .debug_line    0x0000000000009740      0xebd Drivers/STM32F7xx_HAL_Driver/Src/stm32f7xx_hal_rcc.o
 .debug_line    0x000000000000a5fd      0xe76 Drivers/STM32F7xx_HAL_Driver/Src/stm32f7xx_hal_rcc_ex.o
 .debug_line    0x000000000000b473     0x3bba Drivers/STM32F7xx_HAL_Driver/Src/stm32f7xx_hal_tim.o
 .debug_line    0x000000000000f02d     0x1b48 Drivers/STM32F7xx_HAL_Driver/Src/stm32f7xx_hal_tim_ex.o
 .debug_line    0x0000000000010b75     0x1d60 Drivers/STM32F7xx_HAL_Driver/Src/stm32f7xx_hal_uart.o
 .debug_line    0x00000000000128d5     0x192e Drivers/STM32F7xx_HAL_Driver/Src/stm32f7xx_ll_usb.o

.debug_str      0x0000000000000000    0xf2ec3
 .debug_str     0x0000000000000000    0xeee85 Core/Src/main.o
                                      0xef7b6 (size before relaxing)
 .debug_str     0x00000000000eee85       0x47 Core/Src/sentryScan8bit.o
                                       0x3cfc (size before relaxing)
 .debug_str     0x00000000000eeecc       0x46 Core/Src/sentryShoot8bit.o
                                       0x3cfb (size before relaxing)
 .debug_str     0x00000000000eef12       0xd5 Core/Src/stm32f7xx_hal_msp.o
                                      0xeb4aa (size before relaxing)
 .debug_str     0x00000000000eefe7      0x18a Core/Src/stm32f7xx_it.o
                                      0xeaad3 (size before relaxing)
 .debug_str     0x00000000000ef171      0x178 Core/Src/system_stm32f7xx.o
                                      0xea23c (size before relaxing)
 .debug_str     0x00000000000ef2e9       0x36 Core/Startup/startup_stm32f746zgtx.o
                                         0x6b (size before relaxing)
 .debug_str     0x00000000000ef31f      0x38c Drivers/STM32F7xx_HAL_Driver/Src/stm32f7xx_hal.o
                                      0xeab03 (size before relaxing)
 .debug_str     0x00000000000ef6ab      0x388 Drivers/STM32F7xx_HAL_Driver/Src/stm32f7xx_hal_cortex.o
                                      0xeabaa (size before relaxing)
 .debug_str     0x00000000000efa33      0x181 Drivers/STM32F7xx_HAL_Driver/Src/stm32f7xx_hal_dac.o
                                      0xea585 (size before relaxing)
 .debug_str     0x00000000000efbb4      0x196 Drivers/STM32F7xx_HAL_Driver/Src/stm32f7xx_hal_dac_ex.o
                                      0xea4f1 (size before relaxing)
 .debug_str     0x00000000000efd4a      0x328 Drivers/STM32F7xx_HAL_Driver/Src/stm32f7xx_hal_dma.o
                                      0xea58b (size before relaxing)
 .debug_str     0x00000000000f0072      0x224 Drivers/STM32F7xx_HAL_Driver/Src/stm32f7xx_hal_gpio.o
                                      0xea427 (size before relaxing)
 .debug_str     0x00000000000f0296      0x548 Drivers/STM32F7xx_HAL_Driver/Src/stm32f7xx_hal_pcd.o
                                      0xea96b (size before relaxing)
 .debug_str     0x00000000000f07de      0x16d Drivers/STM32F7xx_HAL_Driver/Src/stm32f7xx_hal_pcd_ex.o
                                      0xea55e (size before relaxing)
 .debug_str     0x00000000000f094b      0x278 Drivers/STM32F7xx_HAL_Driver/Src/stm32f7xx_hal_rcc.o
                                      0xea56c (size before relaxing)
 .debug_str     0x00000000000f0bc3      0x161 Drivers/STM32F7xx_HAL_Driver/Src/stm32f7xx_hal_rcc_ex.o
                                      0xea4f6 (size before relaxing)
 .debug_str     0x00000000000f0d24      0xd5d Drivers/STM32F7xx_HAL_Driver/Src/stm32f7xx_hal_tim.o
                                      0xeb4e4 (size before relaxing)
 .debug_str     0x00000000000f1a81      0x550 Drivers/STM32F7xx_HAL_Driver/Src/stm32f7xx_hal_tim_ex.o
                                      0xeace8 (size before relaxing)
 .debug_str     0x00000000000f1fd1      0x85a Drivers/STM32F7xx_HAL_Driver/Src/stm32f7xx_hal_uart.o
                                      0xeae3c (size before relaxing)
 .debug_str     0x00000000000f282b      0x698 Drivers/STM32F7xx_HAL_Driver/Src/stm32f7xx_ll_usb.o
                                      0xeaaa4 (size before relaxing)

.comment        0x0000000000000000       0x53
 .comment       0x0000000000000000       0x53 Core/Src/main.o
                                         0x54 (size before relaxing)
 .comment       0x0000000000000053       0x54 Core/Src/sentryScan8bit.o
 .comment       0x0000000000000053       0x54 Core/Src/sentryShoot8bit.o
 .comment       0x0000000000000053       0x54 Core/Src/stm32f7xx_hal_msp.o
 .comment       0x0000000000000053       0x54 Core/Src/stm32f7xx_it.o
 .comment       0x0000000000000053       0x54 Core/Src/system_stm32f7xx.o
 .comment       0x0000000000000053       0x54 Drivers/STM32F7xx_HAL_Driver/Src/stm32f7xx_hal.o
 .comment       0x0000000000000053       0x54 Drivers/STM32F7xx_HAL_Driver/Src/stm32f7xx_hal_cortex.o
 .comment       0x0000000000000053       0x54 Drivers/STM32F7xx_HAL_Driver/Src/stm32f7xx_hal_dac.o
 .comment       0x0000000000000053       0x54 Drivers/STM32F7xx_HAL_Driver/Src/stm32f7xx_hal_dac_ex.o
 .comment       0x0000000000000053       0x54 Drivers/STM32F7xx_HAL_Driver/Src/stm32f7xx_hal_dma.o
 .comment       0x0000000000000053       0x54 Drivers/STM32F7xx_HAL_Driver/Src/stm32f7xx_hal_gpio.o
 .comment       0x0000000000000053       0x54 Drivers/STM32F7xx_HAL_Driver/Src/stm32f7xx_hal_pcd.o
 .comment       0x0000000000000053       0x54 Drivers/STM32F7xx_HAL_Driver/Src/stm32f7xx_hal_pcd_ex.o
 .comment       0x0000000000000053       0x54 Drivers/STM32F7xx_HAL_Driver/Src/stm32f7xx_hal_rcc.o
 .comment       0x0000000000000053       0x54 Drivers/STM32F7xx_HAL_Driver/Src/stm32f7xx_hal_rcc_ex.o
 .comment       0x0000000000000053       0x54 Drivers/STM32F7xx_HAL_Driver/Src/stm32f7xx_hal_tim.o
 .comment       0x0000000000000053       0x54 Drivers/STM32F7xx_HAL_Driver/Src/stm32f7xx_hal_tim_ex.o
 .comment       0x0000000000000053       0x54 Drivers/STM32F7xx_HAL_Driver/Src/stm32f7xx_hal_uart.o
 .comment       0x0000000000000053       0x54 Drivers/STM32F7xx_HAL_Driver/Src/stm32f7xx_ll_usb.o

.debug_frame    0x0000000000000000     0x50a0
 .debug_frame   0x0000000000000000      0x3e4 Core/Src/main.o
 .debug_frame   0x00000000000003e4      0x158 Core/Src/stm32f7xx_hal_msp.o
 .debug_frame   0x000000000000053c      0x1b4 Core/Src/stm32f7xx_it.o
 .debug_frame   0x00000000000006f0       0x58 Core/Src/system_stm32f7xx.o
 .debug_frame   0x0000000000000748      0x3b4 Drivers/STM32F7xx_HAL_Driver/Src/stm32f7xx_hal.o
 .debug_frame   0x0000000000000afc      0x498 Drivers/STM32F7xx_HAL_Driver/Src/stm32f7xx_hal_cortex.o
 .debug_frame   0x0000000000000f94      0x338 Drivers/STM32F7xx_HAL_Driver/Src/stm32f7xx_hal_dac.o
 .debug_frame   0x00000000000012cc      0x20c Drivers/STM32F7xx_HAL_Driver/Src/stm32f7xx_hal_dac_ex.o
 .debug_frame   0x00000000000014d8      0x250 Drivers/STM32F7xx_HAL_Driver/Src/stm32f7xx_hal_dma.o
 .debug_frame   0x0000000000001728      0x14c Drivers/STM32F7xx_HAL_Driver/Src/stm32f7xx_hal_gpio.o
 .debug_frame   0x0000000000001874      0x574 Drivers/STM32F7xx_HAL_Driver/Src/stm32f7xx_hal_pcd.o
 .debug_frame   0x0000000000001de8      0x100 Drivers/STM32F7xx_HAL_Driver/Src/stm32f7xx_hal_pcd_ex.o
 .debug_frame   0x0000000000001ee8      0x1f4 Drivers/STM32F7xx_HAL_Driver/Src/stm32f7xx_hal_rcc.o
 .debug_frame   0x00000000000020dc      0x118 Drivers/STM32F7xx_HAL_Driver/Src/stm32f7xx_hal_rcc_ex.o
 .debug_frame   0x00000000000021f4     0x1218 Drivers/STM32F7xx_HAL_Driver/Src/stm32f7xx_hal_tim.o
 .debug_frame   0x000000000000340c      0x688 Drivers/STM32F7xx_HAL_Driver/Src/stm32f7xx_hal_tim_ex.o
 .debug_frame   0x0000000000003a94      0x9dc Drivers/STM32F7xx_HAL_Driver/Src/stm32f7xx_hal_uart.o
 .debug_frame   0x0000000000004470      0x798 Drivers/STM32F7xx_HAL_Driver/Src/stm32f7xx_ll_usb.o
 .debug_frame   0x0000000000004c08       0x2c c:/st/stm32cubeide_1.5.0/stm32cubeide/plugins/com.st.stm32cube.ide.mcu.externaltools.gnu-tools-for-stm32.9-2020-q2-update.win32_1.5.0.202011040924/tools/bin/../lib/gcc/arm-none-eabi/9.3.1/../../../../arm-none-eabi/lib/thumb/v7e-m+fp/hard\libc_nano.a(lib_a-init.o)
 .debug_frame   0x0000000000004c34       0x20 c:/st/stm32cubeide_1.5.0/stm32cubeide/plugins/com.st.stm32cube.ide.mcu.externaltools.gnu-tools-for-stm32.9-2020-q2-update.win32_1.5.0.202011040924/tools/bin/../lib/gcc/arm-none-eabi/9.3.1/../../../../arm-none-eabi/lib/thumb/v7e-m+fp/hard\libc_nano.a(lib_a-memset.o)
 .debug_frame   0x0000000000004c54       0x2c c:/st/stm32cubeide_1.5.0/stm32cubeide/plugins/com.st.stm32cube.ide.mcu.externaltools.gnu-tools-for-stm32.9-2020-q2-update.win32_1.5.0.202011040924/tools/bin/../lib/gcc/arm-none-eabi/9.3.1/../../../../arm-none-eabi/lib/thumb/v7e-m+fp/hard\libm.a(lib_a-s_sin.o)
 .debug_frame   0x0000000000004c80       0x50 c:/st/stm32cubeide_1.5.0/stm32cubeide/plugins/com.st.stm32cube.ide.mcu.externaltools.gnu-tools-for-stm32.9-2020-q2-update.win32_1.5.0.202011040924/tools/bin/../lib/gcc/arm-none-eabi/9.3.1/../../../../arm-none-eabi/lib/thumb/v7e-m+fp/hard\libm.a(lib_a-e_rem_pio2.o)
 .debug_frame   0x0000000000004cd0       0x3c c:/st/stm32cubeide_1.5.0/stm32cubeide/plugins/com.st.stm32cube.ide.mcu.externaltools.gnu-tools-for-stm32.9-2020-q2-update.win32_1.5.0.202011040924/tools/bin/../lib/gcc/arm-none-eabi/9.3.1/../../../../arm-none-eabi/lib/thumb/v7e-m+fp/hard\libm.a(lib_a-k_cos.o)
 .debug_frame   0x0000000000004d0c       0x54 c:/st/stm32cubeide_1.5.0/stm32cubeide/plugins/com.st.stm32cube.ide.mcu.externaltools.gnu-tools-for-stm32.9-2020-q2-update.win32_1.5.0.202011040924/tools/bin/../lib/gcc/arm-none-eabi/9.3.1/../../../../arm-none-eabi/lib/thumb/v7e-m+fp/hard\libm.a(lib_a-k_rem_pio2.o)
 .debug_frame   0x0000000000004d60       0x5c c:/st/stm32cubeide_1.5.0/stm32cubeide/plugins/com.st.stm32cube.ide.mcu.externaltools.gnu-tools-for-stm32.9-2020-q2-update.win32_1.5.0.202011040924/tools/bin/../lib/gcc/arm-none-eabi/9.3.1/../../../../arm-none-eabi/lib/thumb/v7e-m+fp/hard\libm.a(lib_a-k_sin.o)
 .debug_frame   0x0000000000004dbc       0x20 c:/st/stm32cubeide_1.5.0/stm32cubeide/plugins/com.st.stm32cube.ide.mcu.externaltools.gnu-tools-for-stm32.9-2020-q2-update.win32_1.5.0.202011040924/tools/bin/../lib/gcc/arm-none-eabi/9.3.1/../../../../arm-none-eabi/lib/thumb/v7e-m+fp/hard\libm.a(lib_a-s_fabs.o)
 .debug_frame   0x0000000000004ddc       0x30 c:/st/stm32cubeide_1.5.0/stm32cubeide/plugins/com.st.stm32cube.ide.mcu.externaltools.gnu-tools-for-stm32.9-2020-q2-update.win32_1.5.0.202011040924/tools/bin/../lib/gcc/arm-none-eabi/9.3.1/../../../../arm-none-eabi/lib/thumb/v7e-m+fp/hard\libm.a(lib_a-s_floor.o)
 .debug_frame   0x0000000000004e0c       0x2c c:/st/stm32cubeide_1.5.0/stm32cubeide/plugins/com.st.stm32cube.ide.mcu.externaltools.gnu-tools-for-stm32.9-2020-q2-update.win32_1.5.0.202011040924/tools/bin/../lib/gcc/arm-none-eabi/9.3.1/../../../../arm-none-eabi/lib/thumb/v7e-m+fp/hard\libm.a(lib_a-s_scalbn.o)
 .debug_frame   0x0000000000004e38       0xac c:/st/stm32cubeide_1.5.0/stm32cubeide/plugins/com.st.stm32cube.ide.mcu.externaltools.gnu-tools-for-stm32.9-2020-q2-update.win32_1.5.0.202011040924/tools/bin/../lib/gcc/arm-none-eabi/9.3.1/thumb/v7e-m+fp/hard\libgcc.a(_arm_addsubdf3.o)