main.c:105:6:delay_us	16	static
main.c:110:6:HAL_TIM_IC_CaptureCallback	16	static
main.c:140:6:calcObjDist	16	static
main.c:156:6:sensorRoutine	8	static
main.c:167:6:sentryFireRoutine	16	static
main.c:178:6:playAudio	32	static
main.c:204:6:getSineVal	24	static
main.c:210:6:stepper_set_rpm	16	static
main.c:214:6:step	8	static
main.c:220:6:stepper_step_angle	40	static
main.c:240:6:UART3_TransferChar	16	static
main.c:247:6:UART3_TransferString	24	static
main.c:259:5:main	8	static
main.c:347:6:SystemClock_Config	216	static
main.c:400:13:MX_DAC_Init	16	static
main.c:438:13:MX_TIM1_Init	72	static
main.c:525:13:MX_TIM3_Init	40	static
main.c:570:13:MX_TIM6_Init	24	static
main.c:608:13:MX_TIM8_Init	72	static
main.c:683:13:MX_USART3_UART_Init	8	static
main.c:716:13:MX_DMA_Init	16	static
main.c:734:13:MX_GPIO_Init	64	static
main.c:844:6:HAL_DAC_ConvHalfCpltCallbackCh1	24	static
main.c:851:6:HAL_DAC_ConvCpltCallbackCh1	24	static
main.c:865:6:Error_Handler	4	static,ignoring_inline_asm
