oldmain.c:84:6:getSineVal	24	static
oldmain.c:90:6:delay_us	16	static
oldmain.c:95:6:HAL_TIM_IC_CaptureCallback	16	static
oldmain.c:106:6:calcObjDist	24	static
oldmain.c:111:6:sensorRoutine	8	static
oldmain.c:145:5:main	16	static
oldmain.c:211:6:SystemClock_Config	88	static
oldmain.c:251:13:MX_DAC_Init	16	static
oldmain.c:289:13:MX_TIM1_Init	72	static
oldmain.c:364:13:MX_TIM3_Init	40	static
oldmain.c:409:13:MX_TIM6_Init	24	static
oldmain.c:445:13:MX_DMA_Init	16	static
oldmain.c:463:13:MX_GPIO_Init	48	static
oldmain.c:503:6:Error_Handler	4	static,ignoring_inline_asm
